Component: ARM Compiler 5.06 update 7 (build 960) Tool: armlink [4d3601]

==============================================================================

Section Cross References

    main.o(i.init_power_clock) refers to nrf_drv_clock.o(i.nrf_drv_clock_init) for nrf_drv_clock_init
    main.o(i.init_power_clock) refers to app_error_handler_keil.o(.emb_text) for app_error_handler
    main.o(i.init_power_clock) refers to nrf_drv_power.o(i.nrf_drv_power_init) for nrf_drv_power_init
    main.o(i.init_power_clock) refers to nrf_drv_clock.o(i.nrf_drv_clock_hfclk_request) for nrf_drv_clock_hfclk_request
    main.o(i.init_power_clock) refers to nrf_drv_clock.o(i.nrf_drv_clock_lfclk_request) for nrf_drv_clock_lfclk_request
    main.o(i.init_power_clock) refers to nrf_drv_clock.o(i.nrf_drv_clock_hfclk_is_running) for nrf_drv_clock_hfclk_is_running
    main.o(i.init_power_clock) refers to nrf_drv_clock.o(i.nrf_drv_clock_lfclk_is_running) for nrf_drv_clock_lfclk_is_running
    main.o(i.init_power_clock) refers to app_timer2.o(i.app_timer_init) for app_timer_init
    main.o(i.main) refers to nrf_log_frontend.o(i.nrf_log_init) for nrf_log_init
    main.o(i.main) refers to main.o(i.init_power_clock) for init_power_clock
    main.o(i.main) refers to memmovea.o(.text) for __aeabi_memcpy4
    main.o(i.main) refers to app_uart_fifo.o(i.app_uart_init) for app_uart_init
    main.o(i.main) refers to app_error_handler_keil.o(.emb_text) for app_error_handler
    main.o(i.main) refers to printf8.o(i.__0printf$8) for __2printf
    main.o(i.main) refers to cdc_acm_template.o(i.cdc_acm_init) for cdc_acm_init
    main.o(i.main) refers to cdc_acm_template.o(i.cdc_acm_data_send_with_dtr_test) for cdc_acm_data_send_with_dtr_test
    main.o(i.main) refers to main.o(.constdata) for .constdata
    main.o(i.main) refers to main.o(.bss) for rx_buf
    main.o(i.main) refers to main.o(i.uart_error_handle) for uart_error_handle
    main.o(i.uart_error_handle) refers to app_error_handler_keil.o(.emb_text) for app_error_handler
    main.o(i.usb_dc_low_level_init) refers to nrf_assert.o(i.assert_nrf_callback) for assert_nrf_callback
    main.o(.constdata) refers to main.o(.data) for m_cli_uart_transport_timer_data
    main.o(.constdata) refers to main.o(.bss) for m_cli_uart_transport_tx_ringbuf_buf
    main.o(.constdata) refers to nrf_cli_uart.o(.constdata) for nrf_cli_uart_transport_api
    main.o(.constdata) refers to main.o(.conststring) for .conststring
    main.o(.constdata) refers to main.o(log_backends) for m_cli_uart_log_backend
    main.o(.constdata) refers to main.o(nrf_balloc) for m_cli_uart_cmd_hist_memobj
    main.o(.data) refers to main.o(log_dynamic_data) for m_nrf_log_app_timer_m_cli_uart_transport_timer_logs_data_dynamic
    main.o(.data) refers to main.o(.bss) for m_cli_uart_ctx
    main.o(.data) refers to main.o(.constdata) for m_cli_uart
    main.o(.data) refers to nrf_cli.o(i.nrf_cli_print_stream) for nrf_cli_print_stream
    main.o(.data) refers to main.o(nrf_queue) for m_cli_uart_log_backend_queue
    main.o(log_backends) refers to nrf_cli.o(.constdata) for nrf_log_backend_cli_api
    main.o(log_backends) refers to main.o(.data) for cli_log_backendm_cli_uart_log_backend
    main.o(log_backends) refers to main.o(.conststrlit) for .conststrlit
    main.o(log_const_data) refers to main.o(.conststrlit) for .conststrlit
    main.o(nrf_balloc) refers to main.o(.data) for m_cli_uart_cmd_hist_memobj_nrf_balloc_cb
    main.o(nrf_balloc) refers to main.o(.bss) for m_cli_uart_cmd_hist_memobj_nrf_balloc_pool_mem
    main.o(nrf_balloc) refers to main.o(log_dynamic_data) for m_nrf_log_balloc_m_cli_uart_cmd_hist_memobj_logs_data_dynamic
    main.o(nrf_balloc) refers to main.o(.conststrlit) for .conststrlit
    main.o(nrf_queue) refers to main.o(.bss) for m_cli_uart_log_backend_queue_nrf_queue_cb
    main.o(nrf_queue) refers to main.o(.conststrlit) for .conststrlit
    main.o(nrf_queue) refers to main.o(log_dynamic_data) for m_nrf_log_queue_m_cli_uart_log_backend_queue_logs_data_dynamic
    cdc_acm_template.o(i.cdc_acm_data_send_with_dtr_test) refers to usb_dc_nrf5x.o(i.usbd_ep_write) for usbd_ep_write
    cdc_acm_template.o(i.cdc_acm_data_send_with_dtr_test) refers to cdc_acm_template.o(.data) for dtr_enable
    cdc_acm_template.o(i.cdc_acm_init) refers to usbd_core.o(i.usbd_desc_register) for usbd_desc_register
    cdc_acm_template.o(i.cdc_acm_init) refers to usbd_cdc.o(i.usbd_cdc_add_acm_interface) for usbd_cdc_add_acm_interface
    cdc_acm_template.o(i.cdc_acm_init) refers to usbd_core.o(i.usbd_interface_add_endpoint) for usbd_interface_add_endpoint
    cdc_acm_template.o(i.cdc_acm_init) refers to usbd_core.o(i.usbd_initialize) for usbd_initialize
    cdc_acm_template.o(i.cdc_acm_init) refers to cdc_acm_template.o(.constdata) for cdc_descriptor
    cdc_acm_template.o(i.cdc_acm_init) refers to cdc_acm_template.o(.bss) for cdc_cmd_intf
    cdc_acm_template.o(i.cdc_acm_init) refers to cdc_acm_template.o(.data) for cdc_out_ep
[...]
    nrfx_clock_enable                        0x000078c9   Thumb Code    34  nrfx_clock.o(i.nrfx_clock_enable)
    nrfx_clock_hfclk_start                   0x0000792d   Thumb Code    40  nrfx_clock.o(i.nrfx_clock_hfclk_start)
    nrfx_clock_init                          0x0000798d   Thumb Code    44  nrfx_clock.o(i.nrfx_clock_init)
    nrfx_clock_irq_handler                   0x000079f1   Thumb Code    80  nrfx_clock.o(i.nrfx_clock_irq_handler)
    nrfx_clock_lfclk_start                   0x00007a45   Thumb Code    38  nrfx_clock.o(i.nrfx_clock_lfclk_start)
    nrfx_power_init                          0x00007cc9   Thumb Code    64  nrfx_power.o(i.nrfx_power_init)
    nrfx_power_irq_handler                   0x00007d45   Thumb Code   250  nrfx_power.o(i.nrfx_power_irq_handler)
    nrfx_prs_acquire                         0x00007e85   Thumb Code    82  nrfx_prs.o(i.nrfx_prs_acquire)
    nrfx_prs_release                         0x00007f11   Thumb Code    32  nrfx_prs.o(i.nrfx_prs_release)
    nrfx_uart_0_irq_handler                  0x00007f69   Thumb Code    12  nrfx_uart.o(i.nrfx_uart_0_irq_handler)
    nrfx_uart_init                           0x00007f7d   Thumb Code   138  nrfx_uart.o(i.nrfx_uart_init)
    nrfx_uart_rx                             0x00008045   Thumb Code   354  nrfx_uart.o(i.nrfx_uart_rx)
    nrfx_uart_rx_abort                       0x000081e1   Thumb Code    24  nrfx_uart.o(i.nrfx_uart_rx_abort)
    nrfx_uart_tx                             0x000081f9   Thumb Code   178  nrfx_uart.o(i.nrfx_uart_tx)
    nrfx_uart_tx_in_progress                 0x000082e5   Thumb Code    30  nrfx_uart.o(i.nrfx_uart_tx_in_progress)
    nrfx_uart_uninit                         0x00008309   Thumb Code    62  nrfx_uart.o(i.nrfx_uart_uninit)
    nrfx_uarte_0_irq_handler                 0x0000834d   Thumb Code    12  nrfx_uarte.o(i.nrfx_uarte_0_irq_handler)
    nrfx_uarte_init                          0x00008361   Thumb Code   130  nrfx_uarte.o(i.nrfx_uarte_init)
    nrfx_uarte_rx                            0x00008421   Thumb Code   386  nrfx_uarte.o(i.nrfx_uarte_rx)
    nrfx_uarte_rx_abort                      0x000085dd   Thumb Code    38  nrfx_uarte.o(i.nrfx_uarte_rx_abort)
    nrfx_uarte_tx                            0x00008609   Thumb Code   268  nrfx_uarte.o(i.nrfx_uarte_tx)
    nrfx_uarte_tx_in_progress                0x0000874d   Thumb Code    26  nrfx_uarte.o(i.nrfx_uarte_tx_in_progress)
    nrfx_uarte_uninit                        0x0000876d   Thumb Code   142  nrfx_uarte.o(i.nrfx_uarte_uninit)
    privilege_level_get                      0x00008b7d   Thumb Code    34  app_util_platform.o(i.privilege_level_get)
    uart_error_handle                        0x00009471   Thumb Code    46  main.o(i.uart_error_handle)
    usb_dc_init                              0x00009add   Thumb Code    56  usb_dc_nrf5x.o(i.usb_dc_init)
    usb_dc_low_level_init                    0x00009b2d   Thumb Code   140  main.o(i.usb_dc_low_level_init)
    usbd_cdc_acm_in                          0x00009c01   Thumb Code    12  cdc_acm_template.o(i.usbd_cdc_acm_in)
    usbd_cdc_acm_out                         0x00009c15   Thumb Code    72  cdc_acm_template.o(i.usbd_cdc_acm_out)
    usbd_cdc_acm_set_dtr                     0x00009c95   Thumb Code    18  cdc_acm_template.o(i.usbd_cdc_acm_set_dtr)
    usbd_cdc_acm_set_line_coding             0x00009cad   Thumb Code     2  usbd_cdc.o(i.usbd_cdc_acm_set_line_coding)
    usbd_cdc_acm_set_rts                     0x00009caf   Thumb Code     2  usbd_cdc.o(i.usbd_cdc_acm_set_rts)
    usbd_cdc_add_acm_interface               0x00009cb1   Thumb Code    48  usbd_cdc.o(i.usbd_cdc_add_acm_interface)
    usbd_class_add_interface                 0x00009ced   Thumb Code    42  usbd_core.o(i.usbd_class_add_interface)
    usbd_class_register                      0x00009d4d   Thumb Code    22  usbd_core.o(i.usbd_class_register)
    usbd_desc_register                       0x00009e59   Thumb Code     6  usbd_core.o(i.usbd_desc_register)
    usbd_ep_clear_stall                      0x0000a165   Thumb Code    84  usb_dc_nrf5x.o(i.usbd_ep_clear_stall)
    usbd_ep_close                            0x0000a1bd   Thumb Code   254  usb_dc_nrf5x.o(i.usbd_ep_close)
    usbd_ep_is_stalled                       0x0000a2f1   Thumb Code     6  usb_dc_nrf5x.o(i.usbd_ep_is_stalled)
    usbd_ep_open                             0x0000a2f9   Thumb Code   474  usb_dc_nrf5x.o(i.usbd_ep_open)
    usbd_ep_read                             0x0000a519   Thumb Code   148  usb_dc_nrf5x.o(i.usbd_ep_read)
    usbd_ep_set_stall                        0x0000a5b5   Thumb Code    70  usb_dc_nrf5x.o(i.usbd_ep_set_stall)
    usbd_ep_write                            0x0000a605   Thumb Code   182  usb_dc_nrf5x.o(i.usbd_ep_write)
    usbd_event_notify_handler                0x0000a6c5   Thumb Code   190  usbd_core.o(i.usbd_event_notify_handler)
    usbd_initialize                          0x0000a965   Thumb Code    10  usbd_core.o(i.usbd_initialize)
    usbd_interface_add_endpoint              0x0000a96f   Thumb Code    18  usbd_core.o(i.usbd_interface_add_endpoint)
    usbd_set_address                         0x0000ab3d   Thumb Code    40  usb_dc_nrf5x.o(i.usbd_set_address)
    nrf_cli_balloc_raw                       0x0000b690   Data          16  nrf_balloc.o(.constdata)
    nrf_log_backend_cli_api                  0x0000b6a0   Data          12  nrf_cli.o(.constdata)
    nrf_cli_clear_raw                        0x0000b7c4   Data          16  nrf_cli.o(.constdata)
    nrf_cli_cli_raw                          0x0000b7d4   Data          16  nrf_cli.o(.constdata)
    nrf_cli_history_raw                      0x0000b7e4   Data          16  nrf_cli.o(.constdata)
    nrf_cli_resize_raw                       0x0000b7f4   Data          16  nrf_cli.o(.constdata)
    nrf_cli_uart_transport_api               0x0000b854   Data          20  nrf_cli_uart.o(.constdata)
    nrf_cli_queue_raw                        0x0000b8a0   Data          16  nrf_queue.o(.constdata)
    nrf_log_backend_uart_api                 0x0000b9fc   Data          12  nrf_log_backend_uart.o(.constdata)
    nrf_cli_log_raw                          0x0000bb84   Data          16  nrf_log_frontend.o(.constdata)
    __ctype_table                            0x0000bb94   Data         129  ctype_o.o(.constdata)
    Region$$Table$$Base                      0x0000ce30   Number         0  anon$$obj.o(Region$$Table)
    Region$$Table$$Limit                     0x0000ce50   Number         0  anon$$obj.o(Region$$Table)
    cli_command$$Base                        0x0000ce50   Number         0  nrf_balloc.o(cli_command)
    nrf_cli_balloc_const                     0x0000ce50   Data           8  nrf_balloc.o(cli_command)
    nrf_cli_clear_const                      0x0000ce58   Data           8  nrf_cli.o(cli_command)
    nrf_cli_cli_const                        0x0000ce60   Data           8  nrf_cli.o(cli_command)
    nrf_cli_history_const                    0x0000ce68   Data           8  nrf_cli.o(cli_command)
    nrf_cli_resize_const                     0x0000ce70   Data           8  nrf_cli.o(cli_command)
    nrf_cli_queue_const                      0x0000ce78   Data           8  nrf_queue.o(cli_command)
    nrf_cli_log_const                        0x0000ce80   Data           8  nrf_log_frontend.o(cli_command)
    cli_command$$Limit                       0x0000ce88   Number         0  nrf_log_frontend.o(cli_command)
    log_backends$$Base                       0x0000ce88   Number         0  main.o(log_backends)
    log_backends$$Limit                      0x0000cea8   Number         0  nrf_log_default_backends.o(log_backends)
    log_const_data$$Base                     0x0000cea8   Number         0  main.o(log_const_data)
    m_nrf_log_app_timer_m_cli_uart_transport_timer_logs_data_const 0x0000cea8   Data           8  main.o(log_const_data)
    m_nrf_log_queue_m_cli_uart_log_backend_queue_logs_data_const 0x0000ceb0   Data           8  main.o(log_const_data)
    m_nrf_log_balloc_m_cli_uart_cmd_hist_memobj_logs_data_const 0x0000ceb8   Data           8  main.o(log_const_data)
    m_nrf_log_clock_logs_data_const          0x0000cec0   Data           8  nrf_drv_clock.o(log_const_data)
    m_nrf_log_CLOCK_logs_data_const          0x0000cec8   Data           8  nrfx_clock.o(log_const_data)
    m_nrf_log_UART_logs_data_const           0x0000ced0   Data           8  nrfx_uart.o(log_const_data)
    m_nrf_log_UARTE_logs_data_const          0x0000ced8   Data           8  nrfx_uarte.o(log_const_data)
    m_nrf_log_USBD_logs_data_const           0x0000cee0   Data           8  nrfx_usbd.o(log_const_data)
    m_nrf_log_GPIOTE_logs_data_const         0x0000cee8   Data           8  nrfx_gpiote.o(log_const_data)
    m_nrf_log_PRS_logs_data_const            0x0000cef0   Data           8  nrfx_prs.o(log_const_data)
    m_nrf_log_app_timer_logs_data_const      0x0000cef8   Data           8  app_timer2.o(log_const_data)
    m_nrf_log_atfifo_m_req_fifo_logs_data_const 0x0000cf00   Data           8  app_timer2.o(log_const_data)
    m_nrf_log_hardfault_logs_data_const      0x0000cf08   Data           8  hardfault_implementation.o(log_const_data)
    m_nrf_log_cli_uart_logs_data_const       0x0000cf10   Data           8  nrf_cli_uart.o(log_const_data)
    m_nrf_log_pwr_mgmt_logs_data_const       0x0000cf18   Data           8  nrf_pwr_mgmt.o(log_const_data)
    m_nrf_log_sortlist_logs_data_const       0x0000cf20   Data           8  nrf_sortlist.o(log_const_data)
    m_nrf_log_balloc_log_mempool_logs_data_const 0x0000cf28   Data           8  nrf_log_frontend.o(log_const_data)
    m_nrf_log_app_logs_data_const            0x0000cf30   Data           8  nrf_log_frontend.o(log_const_data)
    log_const_data$$Limit                    0x0000cf38   Number         0  nrf_log_frontend.o(log_const_data)
    m_cli_uart_cmd_hist_memobj               0x0000cf38   Data          28  main.o(nrf_balloc)
    nrf_balloc$$Base                         0x0000cf38   Number         0  main.o(nrf_balloc)
    log_mempool                              0x0000cf54   Data          28  nrf_log_frontend.o(nrf_balloc)
    m_cli_uart_log_backend_queue             0x0000cf70   Data          28  main.o(nrf_queue)
    nrf_balloc$$Limit                        0x0000cf70   Number         0  nrf_log_frontend.o(nrf_balloc)
    nrf_queue$$Base                          0x0000cf70   Number         0  main.o(nrf_queue)
    nrf_queue$$Limit                         0x0000cf8c   Number         0  main.o(nrf_queue)
    cdc_out_ep                               0x20000064   Data          12  cdc_acm_template.o(.data)
    cdc_in_ep                                0x20000070   Data          12  cdc_acm_template.o(.data)
    dtr_enable                               0x2000007c   Data           1  cdc_acm_template.o(.data)
    nrf_drv_uart_use_easy_dma                0x20000090   Data           2  nrf_drv_uart.o(.data)
    nrfx_clock_irq_enabled                   0x2000009c   Data           1  nrfx_clock.o(.data)
    nrfx_power_irq_enabled                   0x200000a0   Data           1  nrfx_power.o(.data)
    app_uart_inst                            0x20000168   Data          20  app_uart_fifo.o(.data)
    __stdout                                 0x20000184   Data           4  retarget.o(.data)
    __stdin                                  0x20000188   Data           4  retarget.o(.data)
    m_uart                                   0x2000018c   Data          20  nrf_log_backend_uart.o(.data)
    stop_name                                0x2000023c   Data          12  usbd_cdc.o(.data)
    parity_name                              0x20000248   Data          20  usbd_cdc.o(.data)
    SystemCoreClock                          0x20000260   Data           4  system_nrf52840.o(.data)
    __microlib_freelist                      0x20000264   Data           4  mvars.o(.data)
    __microlib_freelist_initialised          0x20000268   Data           4  mvars.o(.data)
    balloc_str_ptr                           0x2000026c   Data           4  nrf_balloc.o(cli_sorted_cmd_ptrs)
    cli_sorted_cmd_ptrs$$Base                0x2000026c   Number         0  nrf_balloc.o(cli_sorted_cmd_ptrs)
    clear_str_ptr                            0x20000270   Data           4  nrf_cli.o(cli_sorted_cmd_ptrs)
    cli_str_ptr                              0x20000274   Data           4  nrf_cli.o(cli_sorted_cmd_ptrs)
    history_str_ptr                          0x20000278   Data           4  nrf_cli.o(cli_sorted_cmd_ptrs)
    resize_str_ptr                           0x2000027c   Data           4  nrf_cli.o(cli_sorted_cmd_ptrs)
    queue_str_ptr                            0x20000280   Data           4  nrf_queue.o(cli_sorted_cmd_ptrs)
    log_str_ptr                              0x20000284   Data           4  nrf_log_frontend.o(cli_sorted_cmd_ptrs)
    log_dynamic_data$$Base                   0x20000288   Number         0  main.o(log_dynamic_data)
    m_nrf_log_app_timer_m_cli_uart_transport_timer_logs_data_dynamic 0x20000288   Data           4  main.o(log_dynamic_data)
    m_nrf_log_queue_m_cli_uart_log_backend_queue_logs_data_dynamic 0x2000028c   Data           4  main.o(log_dynamic_data)
    m_nrf_log_balloc_m_cli_uart_cmd_hist_memobj_logs_data_dynamic 0x20000290   Data           4  main.o(log_dynamic_data)
    m_nrf_log_clock_logs_data_dynamic        0x20000294   Data           4  nrf_drv_clock.o(log_dynamic_data)
    m_nrf_log_CLOCK_logs_data_dynamic        0x20000298   Data           4  nrfx_clock.o(log_dynamic_data)
    m_nrf_log_UART_logs_data_dynamic         0x2000029c   Data           4  nrfx_uart.o(log_dynamic_data)
    m_nrf_log_UARTE_logs_data_dynamic        0x200002a0   Data           4  nrfx_uarte.o(log_dynamic_data)
    m_nrf_log_USBD_logs_data_dynamic         0x200002a4   Data           4  nrfx_usbd.o(log_dynamic_data)
    m_nrf_log_GPIOTE_logs_data_dynamic       0x200002a8   Data           4  nrfx_gpiote.o(log_dynamic_data)
    m_nrf_log_PRS_logs_data_dynamic          0x200002ac   Data           4  nrfx_prs.o(log_dynamic_data)
    m_nrf_log_app_timer_logs_data_dynamic    0x200002b0   Data           4  app_timer2.o(log_dynamic_data)
    m_nrf_log_atfifo_m_req_fifo_logs_data_dynamic 0x200002b4   Data           4  app_timer2.o(log_dynamic_data)
    m_nrf_log_hardfault_logs_data_dynamic    0x200002b8   Data           4  hardfault_implementation.o(log_dynamic_data)
    m_nrf_log_cli_uart_logs_data_dynamic     0x200002bc   Data           4  nrf_cli_uart.o(log_dynamic_data)
    m_nrf_log_pwr_mgmt_logs_data_dynamic     0x200002c0   Data           4  nrf_pwr_mgmt.o(log_dynamic_data)
    m_nrf_log_sortlist_logs_data_dynamic     0x200002c4   Data           4  nrf_sortlist.o(log_dynamic_data)
    m_nrf_log_balloc_log_mempool_logs_data_dynamic 0x200002c8   Data           4  nrf_log_frontend.o(log_dynamic_data)
    m_nrf_log_app_logs_data_dynamic          0x200002cc   Data           4  nrf_log_frontend.o(log_dynamic_data)
    log_filter_data$$Base                    0x200002d0   Number         0  main.o(log_filter_data)
    m_nrf_log_app_timer_m_cli_uart_transport_timer_logs_data_filter 0x200002d0   Data           4  main.o(log_filter_data)
    m_nrf_log_queue_m_cli_uart_log_backend_queue_logs_data_filter 0x200002d4   Data           4  main.o(log_filter_data)
    m_nrf_log_balloc_m_cli_uart_cmd_hist_memobj_logs_data_filter 0x200002d8   Data           4  main.o(log_filter_data)
    m_nrf_log_clock_logs_data_filter         0x200002dc   Data           4  nrf_drv_clock.o(log_filter_data)
    m_nrf_log_CLOCK_logs_data_filter         0x200002e0   Data           4  nrfx_clock.o(log_filter_data)
    m_nrf_log_UART_logs_data_filter          0x200002e4   Data           4  nrfx_uart.o(log_filter_data)
    m_nrf_log_UARTE_logs_data_filter         0x200002e8   Data           4  nrfx_uarte.o(log_filter_data)
    m_nrf_log_USBD_logs_data_filter          0x200002ec   Data           4  nrfx_usbd.o(log_filter_data)
    m_nrf_log_GPIOTE_logs_data_filter        0x200002f0   Data           4  nrfx_gpiote.o(log_filter_data)
    m_nrf_log_PRS_logs_data_filter           0x200002f4   Data           4  nrfx_prs.o(log_filter_data)
    m_nrf_log_app_timer_logs_data_filter     0x200002f8   Data           4  app_timer2.o(log_filter_data)
    m_nrf_log_atfifo_m_req_fifo_logs_data_filter 0x200002fc   Data           4  app_timer2.o(log_filter_data)
    m_nrf_log_hardfault_logs_data_filter     0x20000300   Data           4  hardfault_implementation.o(log_filter_data)
    m_nrf_log_cli_uart_logs_data_filter      0x20000304   Data           4  nrf_cli_uart.o(log_filter_data)
    m_nrf_log_pwr_mgmt_logs_data_filter      0x20000308   Data           4  nrf_pwr_mgmt.o(log_filter_data)
    m_nrf_log_sortlist_logs_data_filter      0x2000030c   Data           4  nrf_sortlist.o(log_filter_data)
    m_nrf_log_balloc_log_mempool_logs_data_filter 0x20000310   Data           4  nrf_log_frontend.o(log_filter_data)
    m_nrf_log_app_logs_data_filter           0x20000314   Data           4  nrf_log_frontend.o(log_filter_data)
    cdc_class                                0x200008b0   Data          12  cdc_acm_template.o(.bss)
    cdc_cmd_intf                             0x200008bc   Data          28  cdc_acm_template.o(.bss)
    cdc_data_intf                            0x200008d8   Data          28  cdc_acm_template.o(.bss)
    usbd_core_cfg                            0x20001014   Data         352  usbd_core.o(.bss)
    usbd_cdc_acm_cfg                         0x20001174   Data          10  usbd_cdc.o(.bss)
    ep_iso_tx                                0x20001180   Data          64  usb_dc_nrf5x.o(.bss)
    ep_iso_rx                                0x200011c0   Data         128  usb_dc_nrf5x.o(.bss)
    usb_dc_cfg                               0x20001240   Data         236  usb_dc_nrf5x.o(.bss)
    __heap_base                              0x20001330   Data           0  arm_startup_nrf52840.o(HEAP)
    STACK$$Base                              0x20003330   Number         0  arm_startup_nrf52840.o(STACK)
    __heap_limit                             0x20003330   Data           0  arm_startup_nrf52840.o(HEAP)
    STACK$$Limit                             0x20005330   Number         0  arm_startup_nrf52840.o(STACK)
    __initial_sp                             0x20005330   Data           0  arm_startup_nrf52840.o(STACK)



==============================================================================

Memory Map of the image

  Image Entry point : 0x00000201

  Load Region LR_IROM1 (Base: 0x00000000, Size: 0x0000d2a4, Max: 0x00100000, ABSOLUTE, COMPRESSED[0x0000d054])

    Execution Region ER_IROM1 (Exec base: 0x00000000, Load base: 0x00000000, Size: 0x0000cf8c, Max: 0x00100000, ABSOLUTE)

    Exec Addr    Load Addr    Size         Type   Attr      Idx    E Section Name        Object

    0x00000000   0x00000000   0x00000200   Data   RO         9908    RESET               arm_startup_nrf52840.o
    0x00000200   0x00000200   0x00000000   Code   RO        11784  * .ARM.Collect$$$$00000000  mc_w.l(entry.o)
    0x00000200   0x00000200   0x00000004   Code   RO        12124    .ARM.Collect$$$$00000001  mc_w.l(entry2.o)
    0x00000204   0x00000204   0x00000004   Code   RO        12127    .ARM.Collect$$$$00000004  mc_w.l(entry5.o)
    0x00000208   0x00000208   0x00000000   Code   RO        12129    .ARM.Collect$$$$00000008  mc_w.l(entry7b.o)
    0x00000208   0x00000208   0x00000000   Code   RO        12131    .ARM.Collect$$$$0000000A  mc_w.l(entry8b.o)
    0x00000208   0x00000208   0x00000008   Code   RO        12132    .ARM.Collect$$$$0000000B  mc_w.l(entry9a.o)
    0x00000210   0x00000210   0x00000004   Code   RO        12139    .ARM.Collect$$$$0000000E  mc_w.l(entry12b.o)
    0x00000214   0x00000214   0x00000000   Code   RO        12134    .ARM.Collect$$$$0000000F  mc_w.l(entry10a.o)
    0x00000214   0x00000214   0x00000000   Code   RO        12136    .ARM.Collect$$$$00000011  mc_w.l(entry11a.o)
    0x00000214   0x00000214   0x00000004   Code   RO        12125    .ARM.Collect$$$$00002712  mc_w.l(entry2.o)
    0x00000218   0x00000218   0x0000001a   Code   RO         6675    .emb_text           app_error_handler_keil.o
    0x00000232   0x00000232   0x00000002   PAD
    0x00000234   0x00000234   0x00000034   Code   RO         7177    .emb_text           hardfault_handler_keil.o
    0x00000268   0x00000268   0x000000e2   Code   RO         7274    .emb_text           nrf_atomic.o
    0x0000034a   0x0000034a   0x00000002   PAD
    0x0000034c   0x0000034c   0x000000c8   Code   RO         8844    .emb_text           nrf_atfifo.o
    0x00000414   0x00000414   0x00000024   Code   RO         9909    .text               arm_startup_nrf52840.o
    0x00000438   0x00000438   0x00000008   Code   RO        11787    .text               mc_w.l(ctype_o.o)
    0x00000440   0x00000440   0x00000040   Code   RO        11819    .text               mc_w.l(memmovea.o)
    0x00000480   0x00000480   0x00000024   Code   RO        11821    .text               mc_w.l(memseta.o)
    0x000004a4   0x000004a4   0x0000000e   Code   RO        11823    .text               mc_w.l(strlen.o)
    0x000004b2   0x000004b2   0x0000001c   Code   RO        11825    .text               mc_w.l(strcmp.o)
    0x000004ce   0x000004ce   0x0000001e   Code   RO        11829    .text               mc_w.l(strncmp.o)
    0x000004ec   0x000004ec   0x00000062   Code   RO        12142    .text               mc_w.l(uldiv.o)
    0x0000054e   0x0000054e   0x00000002   PAD
    0x00000550   0x00000550   0x00000024   Code   RO        12157    .text               mc_w.l(init.o)
    0x00000574   0x00000574   0x0000001e   Code   RO        12159    .text               mc_w.l(llshl.o)
    0x00000592   0x00000592   0x00000020   Code   RO        12161    .text               mc_w.l(llushr.o)
    0x000005b2   0x000005b2   0x00000056   Code   RO        12175    .text               mc_w.l(__dczerorl2.o)
    0x00000608   0x00000608   0x000000c0   Code   RO         5787    i.GPIOTE_IRQHandler  nrfx_gpiote.o
    0x000006c8   0x000006c8   0x0000028c   Code   RO         7199    i.HardFault_c_handler  hardfault_implementation.o
    0x00000954   0x00000954   0x00000044   Code   RO         7200    i.HardFault_process  hardfault_implementation.o
    0x00000998   0x00000998   0x0000000c   Code   RO         6414    i.POWER_CLOCK_IRQHandler  nrfx_power.o
    0x000009a4   0x000009a4   0x00000018   Code   RO         6958    i.RTC1_IRQHandler   drv_rtc.o
    0x000009bc   0x000009bc   0x00000010   Code   RO         9916    i.SystemCoreClockUpdate  system_nrf52840.o
    0x000009cc   0x000009cc   0x00000230   Code   RO         9917    i.SystemInit        system_nrf52840.o
    0x00000bfc   0x00000bfc   0x00000054   Code   RO         6585    i.UARTE0_UART0_IRQHandler  nrfx_prs.o
    0x00000c50   0x00000c50   0x000004d8   Code   RO         9802    i.USBD_IRQHandler   usb_dc_nrf5x.o
    0x00001128   0x00001128   0x00000020   Code   RO        12042    i.__0printf$8       mc_w.l(printf8.o)
    0x00001148   0x00001148   0x0000000e   Code   RO        12169    i.__scatterload_copy  mc_w.l(handlers.o)
    0x00001156   0x00001156   0x00000002   Code   RO        12170    i.__scatterload_null  mc_w.l(handlers.o)
    0x00001158   0x00001158   0x0000000e   Code   RO        12171    i.__scatterload_zeroinit  mc_w.l(handlers.o)
    0x00001166   0x00001166   0x00000002   PAD
    0x00001168   0x00001168   0x00000404   Code   RO        12049    i._printf_core      mc_w.l(printf8.o)
    0x0000156c   0x0000156c   0x00000024   Code   RO        12050    i._printf_post_padding  mc_w.l(printf8.o)
    0x00001590   0x00001590   0x0000002e   Code   RO        12051    i._printf_pre_padding  mc_w.l(printf8.o)
    0x000015be   0x000015be   0x00000002   PAD
    0x000015c0   0x000015c0   0x00000168   Code   RO         6697    i.app_error_fault_handler  app_error_weak.o
    0x00001728   0x00001728   0x00000088   Code   RO         6638    i.app_error_save_and_stop  app_error.o
    0x000017b0   0x000017b0   0x0000001e   Code   RO         8765    i.app_fifo_get      app_fifo.o
    0x000017ce   0x000017ce   0x00000024   Code   RO         8766    i.app_fifo_init     app_fifo.o
    0x000017f2   0x000017f2   0x00000022   Code   RO         8768    i.app_fifo_put      app_fifo.o
    0x00001814   0x00001814   0x0000000a   Code   RO         6737    i.app_timer_cnt_diff_compute  app_timer2.o
    0x0000181e   0x0000181e   0x00000002   PAD
    0x00001820   0x00001820   0x00000010   Code   RO         6738    i.app_timer_cnt_get  app_timer2.o
    0x00001830   0x00001830   0x00000078   Code   RO         6739    i.app_timer_create  app_timer2.o
    0x000018a8   0x000018a8   0x0000006c   Code   RO         6740    i.app_timer_init    app_timer2.o
    0x00001914   0x00001914   0x0000007c   Code   RO         6743    i.app_timer_start   app_timer2.o
    0x00001990   0x00001990   0x0000005c   Code   RO         6744    i.app_timer_stop    app_timer2.o
    0x000019ec   0x000019ec   0x000000dc   Code   RO         8650    i.app_uart_init     app_uart_fifo.o
    0x00001ac8   0x00001ac8   0x0000006c   Code   RO         8651    i.app_uart_put      app_uart_fifo.o
    0x00001b34   0x00001b34   0x00000058   Code   RO         6895    i.app_util_critical_region_enter  app_util_platform.o
    0x00001b8c   0x00001b8c   0x00000058   Code   RO         6896    i.app_util_critical_region_exit  app_util_platform.o
    0x00001be4   0x00001be4   0x00000014   Code   RO         6897    i.app_util_disable_irq  app_util_platform.o
    0x00001bf8   0x00001bf8   0x00000018   Code   RO         6898    i.app_util_enable_irq  app_util_platform.o
    0x00001c10   0x00001c10   0x0000007c   Code   RO         2736    i.apply_config      nrfx_uart.o
    0x00001c8c   0x00001c8c   0x0000007c   Code   RO         2984    i.apply_config      nrfx_uarte.o
    0x00001d08   0x00001d08   0x00000018   Code   RO         7247    i.assert_nrf_callback  nrf_assert.o
    0x00001d20   0x00001d20   0x0000003c   Code   RO         9079    i.backend_find      nrf_log_frontend.o
    0x00001d5c   0x00001d5c   0x00000050   Code   RO         9081    i.backend_name_get  nrf_log_frontend.o
    0x00001dac   0x00001dac   0x000000e4   Code   RO         9082    i.buf_prealloc      nrf_log_frontend.o
    0x00001e90   0x00001e90   0x0000002c   Code   RO         8118    i.buffer_add        nrf_fprintf_format.o
    0x00001ebc   0x00001ebc   0x00000018   Code   RO         9083    i.buffer_is_empty   nrf_log_frontend.o
    0x00001ed4   0x00001ed4   0x000000d8   Code   RO         9674    i.cdc_acm_class_request_handler  usbd_cdc.o
    0x00001fac   0x00001fac   0x00000030   Code   RO         2181    i.cdc_acm_data_send_with_dtr_test  cdc_acm_template.o
    0x00001fdc   0x00001fdc   0x00000048   Code   RO         2182    i.cdc_acm_init      cdc_acm_template.o
    0x00002024   0x00002024   0x00000016   Code   RO         9675    i.cdc_notify_handler  usbd_cdc.o
    0x0000203a   0x0000203a   0x00000002   PAD
    0x0000203c   0x0000203c   0x00000010   Code   RO         5789    i.channel_handler_get  nrfx_gpiote.o
    0x0000204c   0x0000204c   0x0000000c   Code   RO         5791    i.channel_port_get  nrfx_gpiote.o
    0x00002058   0x00002058   0x00000064   Code   RO         7498    i.cli_clear_eos     nrf_cli.o
    0x000020bc   0x000020bc   0x0000000e   Code   RO         7503    i.cli_flag_echo_is_set  nrf_cli.o
    0x000020ca   0x000020ca   0x00000002   PAD
    0x000020cc   0x000020cc   0x00000198   Code   RO         7506    i.cli_log_entry_process  nrf_cli.o
    0x00002264   0x00002264   0x00000018   Code   RO         7507    i.cli_putc          nrf_cli.o
    0x0000227c   0x0000227c   0x00000070   Code   RO         7508    i.cli_read          nrf_cli.o
    0x000022ec   0x000022ec   0x00000012   Code   RO         7511    i.cli_strlen        nrf_cli.o
    0x000022fe   0x000022fe   0x00000002   PAD
    0x00002300   0x00002300   0x00000084   Code   RO         7993    i.cli_uart_enable   nrf_cli_uart.o
    0x00002384   0x00002384   0x00000064   Code   RO         7994    i.cli_uart_init     nrf_cli_uart.o
    0x000023e8   0x000023e8   0x00000068   Code   RO         7995    i.cli_uart_read     nrf_cli_uart.o
    0x00002450   0x00002450   0x00000016   Code   RO         7996    i.cli_uart_uninit   nrf_cli_uart.o
    0x00002466   0x00002466   0x00000002   PAD
    0x00002468   0x00002468   0x000000d8   Code   RO         7997    i.cli_uart_write    nrf_cli_uart.o
    0x00002540   0x00002540   0x000000d4   Code   RO         7514    i.cli_write         nrf_cli.o
    0x00002614   0x00002614   0x00000030   Code   RO         2265    i.clock_clk_started_notify  nrf_drv_clock.o
    0x00002644   0x00002644   0x00000028   Code   RO         2266    i.clock_irq_handler  nrf_drv_clock.o
    0x0000266c   0x0000266c   0x000000f8   Code   RO         7515    i.cmd_get           nrf_cli.o
    0x00002764   0x00002764   0x00000026   Code   RO         6746    i.compare_func      app_timer2.o
    0x0000278a   0x0000278a   0x00000002   PAD
    0x0000278c   0x0000278c   0x00000020   Code   RO         7518    i.cursor_down_move  nrf_cli.o
    0x000027ac   0x000027ac   0x00000020   Code   RO         7522    i.cursor_left_move  nrf_cli.o
    0x000027cc   0x000027cc   0x00000014   Code   RO         7523    i.cursor_next_line_move  nrf_cli.o
    0x000027e0   0x000027e0   0x00000170   Code   RO         7524    i.cursor_position_get  nrf_cli.o
    0x00002950   0x00002950   0x00000020   Code   RO         7527    i.cursor_right_move  nrf_cli.o
    0x00002970   0x00002970   0x00000020   Code   RO         7528    i.cursor_up_move    nrf_cli.o
    0x00002990   0x00002990   0x00000018   Code   RO         9084    i.dropped_sat16_get  nrf_log_frontend.o
    0x000029a8   0x000029a8   0x00000016   Code   RO         6959    i.drv_rtc_compare_disable  drv_rtc.o
    0x000029be   0x000029be   0x00000010   Code   RO         6961    i.drv_rtc_compare_get  drv_rtc.o
    0x000029ce   0x000029ce   0x0000001a   Code   RO         6962    i.drv_rtc_compare_pending  drv_rtc.o
    0x000029e8   0x000029e8   0x0000009c   Code   RO         6963    i.drv_rtc_compare_set  drv_rtc.o
    0x00002a84   0x00002a84   0x0000000c   Code   RO         6964    i.drv_rtc_counter_get  drv_rtc.o
    0x00002a90   0x00002a90   0x000001f8   Code   RO         6965    i.drv_rtc_init      drv_rtc.o
    0x00002c88   0x00002c88   0x00000024   Code   RO         6966    i.drv_rtc_irq_trigger  drv_rtc.o
    0x00002cac   0x00002cac   0x00000012   Code   RO         6968    i.drv_rtc_overflow_enable  drv_rtc.o
    0x00002cbe   0x00002cbe   0x00000010   Code   RO         6969    i.drv_rtc_overflow_pending  drv_rtc.o
    0x00002cce   0x00002cce   0x00000002   PAD
    0x00002cd0   0x00002cd0   0x0000004c   Code   RO         6970    i.drv_rtc_start     drv_rtc.o
    0x00002d1c   0x00002d1c   0x0000004c   Code   RO         6971    i.drv_rtc_stop      drv_rtc.o
    0x00002d68   0x00002d68   0x0000013c   Code   RO         6976    i.drv_rtc_windowed_compare_set  drv_rtc.o
    0x00002ea4   0x00002ea4   0x00000058   Code   RO         6977    i.evt_disable       drv_rtc.o
    0x00002efc   0x00002efc   0x0000005c   Code   RO         6978    i.evt_enable        drv_rtc.o
    0x00002f58   0x00002f58   0x0000005c   Code   RO         6979    i.evt_pending       drv_rtc.o
    0x00002fb4   0x00002fb4   0x00000018   Code   RO         8771    i.fifo_get          app_fifo.o
    0x00002fcc   0x00002fcc   0x0000000a   Code   RO         8652    i.fifo_length       app_uart_fifo.o
    0x00002fd6   0x00002fd6   0x0000000a   Code   RO         8772    i.fifo_length       app_fifo.o
    0x00002fe0   0x00002fe0   0x00000012   Code   RO         8773    i.fifo_peek         app_fifo.o
    0x00002ff2   0x00002ff2   0x00000012   Code   RO         8774    i.fifo_put          app_fifo.o
    0x00003004   0x00003004   0x0000011e   Code   RO         7529    i.format_offset_string_print  nrf_cli.o
    0x00003122   0x00003122   0x00000010   Code   RO         8728    i.fputc             retarget.o
    0x00003132   0x00003132   0x00000002   PAD
    0x00003134   0x00003134   0x00000050   Code   RO        12096    i.free              mc_w.l(malloc.o)
    0x00003184   0x00003184   0x0000003c   Code   RO         6747    i.get_now           app_timer2.o
    0x000031c0   0x000031c0   0x0000004c   Code   RO         9803    i.get_setup_packet  usb_dc_nrf5x.o
    0x0000320c   0x0000320c   0x00000008   Code   RO         2267    i.hfclk_start       nrf_drv_clock.o
    0x00003214   0x00003214   0x00000022   Code   RO         9085    i.higher_lvl_get    nrf_log_frontend.o
    0x00003236   0x00003236   0x00000002   PAD
    0x00003238   0x00003238   0x00000088   Code   RO            4    i.init_power_clock  main.o
    0x000032c0   0x000032c0   0x000000be   Code   RO         8119    i.int_print         nrf_fprintf_format.o
    0x0000337e   0x0000337e   0x00000002   PAD
    0x00003380   0x00003380   0x00000058   Code   RO         2737    i.interrupts_disable  nrfx_uart.o
    0x000033d8   0x000033d8   0x00000058   Code   RO         2985    i.interrupts_disable  nrfx_uarte.o
    0x00003430   0x00003430   0x000000cc   Code   RO         2738    i.interrupts_enable  nrfx_uart.o
    0x000034fc   0x000034fc   0x000000ec   Code   RO         2986    i.interrupts_enable  nrfx_uarte.o
    0x000035e8   0x000035e8   0x00000046   Code   RO         9086    i.invalid_packets_omit  nrf_log_frontend.o
    0x0000362e   0x0000362e   0x00000002   PAD
    0x00003630   0x00003630   0x00000014   Code   RO         9467    i.is_device_configured  usbd_core.o
    0x00003644   0x00003644   0x00000010   Code   RO         9468    i.is_ep_valid       usbd_core.o
    0x00003654   0x00003654   0x0000002c   Code   RO         9469    i.is_interface_valid  usbd_core.o
    0x00003680   0x00003680   0x0000000c   Code   RO         2269    i.item_dequeue      nrf_drv_clock.o
    0x0000368c   0x0000368c   0x00000022   Code   RO         2270    i.item_enqueue      nrf_drv_clock.o
    0x000036ae   0x000036ae   0x00000026   Code   RO         5792    i.latch_pending_read_and_check  nrfx_gpiote.o
    0x000036d4   0x000036d4   0x0000001c   Code   RO         9087    i.log_backend_ctrl  nrf_log_frontend.o
    0x000036f0   0x000036f0   0x0000001c   Code   RO         9088    i.log_backend_go    nrf_log_frontend.o
    0x0000370c   0x0000370c   0x0000001c   Code   RO         9089    i.log_backend_halt  nrf_log_frontend.o
    0x00003728   0x00003728   0x0000001c   Code   RO         9090    i.log_backend_status  nrf_log_frontend.o
    0x00003744   0x00003744   0x0000005c   Code   RO         9091    i.log_cmd           nrf_log_frontend.o
    0x000037a0   0x000037a0   0x000000d4   Code   RO         9092    i.log_cmd_backends_list  nrf_log_frontend.o
    0x00003874   0x00003874   0x00000040   Code   RO         9093    i.log_config_load_cmd  nrf_log_frontend.o
    0x000038b4   0x000038b4   0x00000040   Code   RO         9094    i.log_config_store_cmd  nrf_log_frontend.o
    0x000038f4   0x000038f4   0x000001c8   Code   RO         9095    i.log_ctrl          nrf_log_frontend.o
    0x00003abc   0x00003abc   0x00000016   Code   RO         9096    i.log_go            nrf_log_frontend.o
    0x00003ad2   0x00003ad2   0x0000000e   Code   RO         9097    i.log_halt          nrf_log_frontend.o
    0x00003ae0   0x00003ae0   0x00000016   Code   RO         9098    i.log_self_ctrl     nrf_log_frontend.o
    0x00003af6   0x00003af6   0x00000016   Code   RO         9099    i.log_self_go       nrf_log_frontend.o
    0x00003b0c   0x00003b0c   0x00000016   Code   RO         9100    i.log_self_halt     nrf_log_frontend.o
    0x00003b22   0x00003b22   0x00000016   Code   RO         9101    i.log_self_status   nrf_log_frontend.o
    0x00003b38   0x00003b38   0x00000114   Code   RO         9102    i.log_skip          nrf_log_frontend.o
    0x00003c4c   0x00003c4c   0x00000144   Code   RO         9103    i.log_status        nrf_log_frontend.o
    0x00003d90   0x00003d90   0x000000f0   Code   RO            5    i.main              main.o
    0x00003e80   0x00003e80   0x0000006c   Code   RO        12097    i.malloc            mc_w.l(malloc.o)
    0x00003eec   0x00003eec   0x0000011c   Code   RO         8163    i.memobj_op         nrf_memobj.o
    0x00004008   0x00004008   0x00000030   Code   RO         9104    i.module_id_filter_set  nrf_log_frontend.o
    0x00004038   0x00004038   0x00000042   Code   RO         9105    i.module_id_get     nrf_log_frontend.o
    0x0000407a   0x0000407a   0x00000002   PAD
    0x0000407c   0x0000407c   0x00000038   Code   RO         9106    i.module_idx_get    nrf_log_frontend.o
    0x000040b4   0x000040b4   0x00000020   Code   RO         9107    i.module_name_get   nrf_log_frontend.o
    0x000040d4   0x000040d4   0x00000060   Code   RO         7540    i.multiline_console_data_check  nrf_cli.o
    0x00004134   0x00004134   0x0000003c   Code   RO        10000    i.nrf52_errata_103  system_nrf52840.o
    0x00004170   0x00004170   0x0000003c   Code   RO        10011    i.nrf52_errata_115  system_nrf52840.o
    0x000041ac   0x000041ac   0x0000003c   Code   RO        10017    i.nrf52_errata_120  system_nrf52840.o
    0x000041e8   0x000041e8   0x0000003c   Code   RO        10027    i.nrf52_errata_136  system_nrf52840.o
    0x00004224   0x00004224   0x0000003c   Code   RO        10122    i.nrf52_errata_36   system_nrf52840.o
    0x00004260   0x00004260   0x0000003c   Code   RO        10145    i.nrf52_errata_66   system_nrf52840.o
    0x0000429c   0x0000429c   0x0000003c   Code   RO        10172    i.nrf52_errata_98   system_nrf52840.o
    0x000042d8   0x000042d8   0x00000028   Code   RO         8848    i.nrf_atfifo_init   nrf_atfifo.o
    0x00004300   0x00004300   0x0000001c   Code   RO         8849    i.nrf_atfifo_item_alloc  nrf_atfifo.o
    0x0000431c   0x0000431c   0x0000001c   Code   RO         8850    i.nrf_atfifo_item_free  nrf_atfifo.o
    0x00004338   0x00004338   0x0000001c   Code   RO         8851    i.nrf_atfifo_item_get  nrf_atfifo.o
    0x00004354   0x00004354   0x0000001c   Code   RO         8852    i.nrf_atfifo_item_put  nrf_atfifo.o
    0x00004370   0x00004370   0x0000000e   Code   RO         7275    i.nrf_atomic_flag_clear  nrf_atomic.o
    0x0000437e   0x0000437e   0x0000000e   Code   RO         7276    i.nrf_atomic_flag_clear_fetch  nrf_atomic.o
    0x0000438c   0x0000438c   0x0000000e   Code   RO         7277    i.nrf_atomic_flag_set  nrf_atomic.o
    0x0000439a   0x0000439a   0x0000000e   Code   RO         7278    i.nrf_atomic_flag_set_fetch  nrf_atomic.o
    0x000043a8   0x000043a8   0x00000016   Code   RO         7279    i.nrf_atomic_u32_add  nrf_atomic.o
    0x000043be   0x000043be   0x00000016   Code   RO         7280    i.nrf_atomic_u32_and  nrf_atomic.o
    0x000043d4   0x000043d4   0x00000016   Code   RO         7283    i.nrf_atomic_u32_fetch_and  nrf_atomic.o
    0x000043ea   0x000043ea   0x00000016   Code   RO         7284    i.nrf_atomic_u32_fetch_or  nrf_atomic.o
    0x00004400   0x00004400   0x00000016   Code   RO         7285    i.nrf_atomic_u32_fetch_store  nrf_atomic.o
    0x00004416   0x00004416   0x00000016   Code   RO         7289    i.nrf_atomic_u32_or  nrf_atomic.o
    0x0000442c   0x0000442c   0x00000016   Code   RO         7291    i.nrf_atomic_u32_sub  nrf_atomic.o
    0x00004442   0x00004442   0x00000002   PAD
    0x00004444   0x00004444   0x00000090   Code   RO         7413    i.nrf_balloc_alloc  nrf_balloc.o
    0x000044d4   0x000044d4   0x00000058   Code   RO         7414    i.nrf_balloc_block2idx  nrf_balloc.o
    0x0000452c   0x0000452c   0x0000007c   Code   RO         7415    i.nrf_balloc_free   nrf_balloc.o
    0x000045a8   0x000045a8   0x00000054   Code   RO         7416    i.nrf_balloc_idx2block  nrf_balloc.o
    0x000045fc   0x000045fc   0x000000b8   Code   RO         7417    i.nrf_balloc_init   nrf_balloc.o
    0x000046b4   0x000046b4   0x00000140   Code   RO         7418    i.nrf_balloc_status  nrf_balloc.o
    0x000047f4   0x000047f4   0x00000016   Code   RO         5793    i.nrf_bitmask_bit_is_set  nrfx_gpiote.o
    0x0000480a   0x0000480a   0x00000002   PAD
    0x0000480c   0x0000480c   0x00000050   Code   RO         9108    i.nrf_cli_backend_cmd_execute  nrf_log_frontend.o
    0x0000485c   0x0000485c   0x00000058   Code   RO         7541    i.nrf_cli_build_in_cmd_common_executed  nrf_cli.o
    0x000048b4   0x000048b4   0x000000cc   Code   RO         7542    i.nrf_cli_cmd_clear  nrf_cli.o
    0x00004980   0x00004980   0x000000a4   Code   RO         7543    i.nrf_cli_cmd_cli   nrf_cli.o
    0x00004a24   0x00004a24   0x00000070   Code   RO         7544    i.nrf_cli_cmd_cli_stats  nrf_cli.o
    0x00004a94   0x00004a94   0x00000038   Code   RO         7545    i.nrf_cli_cmd_cli_stats_reset  nrf_cli.o
    0x00004acc   0x00004acc   0x00000098   Code   RO         7546    i.nrf_cli_cmd_cli_stats_show  nrf_cli.o
    0x00004b64   0x00004b64   0x000000c0   Code   RO         7547    i.nrf_cli_cmd_colors  nrf_cli.o
    0x00004c24   0x00004c24   0x00000036   Code   RO         7548    i.nrf_cli_cmd_colors_off  nrf_cli.o
    0x00004c5a   0x00004c5a   0x00000038   Code   RO         7549    i.nrf_cli_cmd_colors_on  nrf_cli.o
    0x00004c92   0x00004c92   0x00000002   PAD
    0x00004c94   0x00004c94   0x000000a0   Code   RO         7550    i.nrf_cli_cmd_echo  nrf_cli.o
    0x00004d34   0x00004d34   0x0000003a   Code   RO         7551    i.nrf_cli_cmd_echo_off  nrf_cli.o
    0x00004d6e   0x00004d6e   0x0000003c   Code   RO         7552    i.nrf_cli_cmd_echo_on  nrf_cli.o
    0x00004daa   0x00004daa   0x00000002   PAD
    0x00004dac   0x00004dac   0x000000dc   Code   RO         7553    i.nrf_cli_cmd_history  nrf_cli.o
    0x00004e88   0x00004e88   0x00000118   Code   RO         7554    i.nrf_cli_cmd_resize  nrf_cli.o
    0x00004fa0   0x00004fa0   0x00000090   Code   RO         7555    i.nrf_cli_cmd_resize_default  nrf_cli.o
    0x00005030   0x00005030   0x000000c0   Code   RO         7556    i.nrf_cli_fprintf   nrf_cli.o
    0x000050f0   0x000050f0   0x00000370   Code   RO         7557    i.nrf_cli_help_print  nrf_cli.o
    0x00005460   0x00005460   0x0000000e   Code   RO         7558    i.nrf_cli_help_requested  nrf_cli.o
    0x0000546e   0x0000546e   0x0000000e   Code   RO         9109    i.nrf_cli_help_requested  nrf_log_frontend.o
    0x0000547c   0x0000547c   0x00000016   Code   RO         7562    i.nrf_cli_print_stream  nrf_cli.o
    0x00005492   0x00005492   0x00000012   Code   RO         2574    i.nrf_clock_event_check  nrfx_clock.o
    0x000054a4   0x000054a4   0x00000012   Code   RO         2575    i.nrf_clock_event_clear  nrfx_clock.o
    0x000054b6   0x000054b6   0x00000002   PAD
    0x000054b8   0x000054b8   0x0000000c   Code   RO         2576    i.nrf_clock_int_disable  nrfx_clock.o
    0x000054c4   0x000054c4   0x0000000c   Code   RO         2577    i.nrf_clock_int_enable  nrfx_clock.o
    0x000054d0   0x000054d0   0x00000008   Code   RO         2578    i.nrf_clock_task_trigger  nrfx_clock.o
    0x000054d8   0x000054d8   0x00000070   Code   RO         2274    i.nrf_drv_clock_hfclk_is_running  nrf_drv_clock.o
    0x00005548   0x00005548   0x000000b4   Code   RO         2276    i.nrf_drv_clock_hfclk_request  nrf_drv_clock.o
    0x000055fc   0x000055fc   0x00000044   Code   RO         2277    i.nrf_drv_clock_init  nrf_drv_clock.o
    0x00005640   0x00005640   0x00000064   Code   RO         2280    i.nrf_drv_clock_lfclk_is_running  nrf_drv_clock.o
    0x000056a4   0x000056a4   0x000000b4   Code   RO         2282    i.nrf_drv_clock_lfclk_request  nrf_drv_clock.o
    0x00005758   0x00005758   0x00000030   Code   RO         2441    i.nrf_drv_power_init  nrf_drv_power.o
    0x00005788   0x00005788   0x000000d0   Code   RO         2534    i.nrf_drv_uart_init  nrf_drv_uart.o
    0x00005858   0x00005858   0x00000044   Code   RO         8653    i.nrf_drv_uart_rx   app_uart_fifo.o
    0x0000589c   0x0000589c   0x00000044   Code   RO         7998    i.nrf_drv_uart_tx   nrf_cli_uart.o
    0x000058e0   0x000058e0   0x00000044   Code   RO         8654    i.nrf_drv_uart_tx   app_uart_fifo.o
    0x00005924   0x00005924   0x0000002c   Code   RO         7999    i.nrf_drv_uart_uninit  nrf_cli_uart.o
    0x00005950   0x00005950   0x00000084   Code   RO         8088    i.nrf_fprintf       nrf_fprintf.o
    0x000059d4   0x000059d4   0x00000054   Code   RO         8089    i.nrf_fprintf_buffer_flush  nrf_fprintf.o
    0x00005a28   0x00005a28   0x00000264   Code   RO         8120    i.nrf_fprintf_fmt   nrf_fprintf_format.o
    0x00005c8c   0x00005c8c   0x00000034   Code   RO         2739    i.nrf_gpio_cfg      nrfx_uart.o
    0x00005cc0   0x00005cc0   0x00000034   Code   RO         2987    i.nrf_gpio_cfg      nrfx_uarte.o
    0x00005cf4   0x00005cf4   0x00000018   Code   RO         2740    i.nrf_gpio_cfg_default  nrfx_uart.o
    0x00005d0c   0x00005d0c   0x00000018   Code   RO         2988    i.nrf_gpio_cfg_default  nrfx_uarte.o
    0x00005d24   0x00005d24   0x0000001a   Code   RO         2741    i.nrf_gpio_cfg_input  nrfx_uart.o
    0x00005d3e   0x00005d3e   0x0000001a   Code   RO         2989    i.nrf_gpio_cfg_input  nrfx_uarte.o
    0x00005d58   0x00005d58   0x00000018   Code   RO         2742    i.nrf_gpio_cfg_output  nrfx_uart.o
    0x00005d70   0x00005d70   0x00000018   Code   RO         2990    i.nrf_gpio_cfg_output  nrfx_uarte.o
    0x00005d88   0x00005d88   0x0000003a   Code   RO         5796    i.nrf_gpio_cfg_sense_set  nrfx_gpiote.o
    0x00005dc2   0x00005dc2   0x00000002   PAD
    0x00005dc4   0x00005dc4   0x00000034   Code   RO         5797    i.nrf_gpio_latches_read_and_clear  nrfx_gpiote.o
    0x00005df8   0x00005df8   0x00000088   Code   RO         2743    i.nrf_gpio_pin_port_decode  nrfx_uart.o
    0x00005e80   0x00005e80   0x00000088   Code   RO         2991    i.nrf_gpio_pin_port_decode  nrfx_uarte.o
    0x00005f08   0x00005f08   0x00000060   Code   RO         5799    i.nrf_gpio_pin_port_decode  nrfx_gpiote.o
    0x00005f68   0x00005f68   0x00000030   Code   RO         5800    i.nrf_gpio_pin_present_check  nrfx_gpiote.o
    0x00005f98   0x00005f98   0x0000001a   Code   RO         2744    i.nrf_gpio_pin_set  nrfx_uart.o
    0x00005fb2   0x00005fb2   0x0000001a   Code   RO         2992    i.nrf_gpio_pin_set  nrfx_uarte.o
    0x00005fcc   0x00005fcc   0x0000000c   Code   RO         5803    i.nrf_gpiote_event_addr_get  nrfx_gpiote.o
    0x00005fd8   0x00005fd8   0x0000001c   Code   RO         5804    i.nrf_gpiote_event_clear  nrfx_gpiote.o
    0x00005ff4   0x00005ff4   0x00000016   Code   RO         5805    i.nrf_gpiote_event_is_set  nrfx_gpiote.o
    0x0000600a   0x0000600a   0x00000012   Code   RO         7568    i.nrf_log_backend_cli_flush  nrf_cli.o
    0x0000601c   0x0000601c   0x00000024   Code   RO         7569    i.nrf_log_backend_cli_panic_set  nrf_cli.o
    0x00006040   0x00006040   0x00000060   Code   RO         7570    i.nrf_log_backend_cli_put  nrf_cli.o
    0x000060a0   0x000060a0   0x00000008   Code   RO         9111    i.nrf_log_backend_enable  nrf_log_frontend.o
    0x000060a8   0x000060a8   0x000000f2   Code   RO         8935    i.nrf_log_backend_serial_put  nrf_log_backend_serial.o
    0x0000619a   0x0000619a   0x00000002   Code   RO         8972    i.nrf_log_backend_uart_flush  nrf_log_backend_uart.o
    0x0000619c   0x0000619c   0x00000038   Code   RO         8974    i.nrf_log_backend_uart_panic_set  nrf_log_backend_uart.o
    0x000061d4   0x000061d4   0x00000020   Code   RO         8975    i.nrf_log_backend_uart_put  nrf_log_backend_uart.o
    0x000061f4   0x000061f4   0x00000038   Code   RO         9113    i.nrf_log_color_id_get  nrf_log_frontend.o
    0x0000622c   0x0000622c   0x0000034c   Code   RO         9114    i.nrf_log_frontend_dequeue  nrf_log_frontend.o
    0x00006578   0x00006578   0x00000014   Code   RO         9116    i.nrf_log_frontend_std_0  nrf_log_frontend.o
    0x0000658c   0x0000658c   0x00000018   Code   RO         9117    i.nrf_log_frontend_std_1  nrf_log_frontend.o
    0x000065a4   0x000065a4   0x00000020   Code   RO         9118    i.nrf_log_frontend_std_2  nrf_log_frontend.o
    0x000065c4   0x000065c4   0x00000028   Code   RO         9119    i.nrf_log_frontend_std_3  nrf_log_frontend.o
    0x000065ec   0x000065ec   0x0000002c   Code   RO         9120    i.nrf_log_frontend_std_4  nrf_log_frontend.o
    0x00006618   0x00006618   0x00000038   Code   RO         9121    i.nrf_log_frontend_std_5  nrf_log_frontend.o
    0x00006650   0x00006650   0x000000bc   Code   RO         9416    i.nrf_log_hexdump_entry_process  nrf_log_str_formatter.o
    0x0000670c   0x0000670c   0x000000ac   Code   RO         9123    i.nrf_log_init      nrf_log_frontend.o
    0x000067b8   0x000067b8   0x00000014   Code   RO         9124    i.nrf_log_module_cnt_get  nrf_log_frontend.o
    0x000067cc   0x000067cc   0x00000060   Code   RO         9125    i.nrf_log_module_filter_get  nrf_log_frontend.o
    0x0000682c   0x0000682c   0x00000054   Code   RO         9126    i.nrf_log_module_filter_set  nrf_log_frontend.o
    0x00006880   0x00006880   0x00000024   Code   RO         9128    i.nrf_log_module_name_get  nrf_log_frontend.o
    0x000068a4   0x000068a4   0x00000030   Code   RO         9129    i.nrf_log_panic     nrf_log_frontend.o
    0x000068d4   0x000068d4   0x000000c8   Code   RO         9417    i.nrf_log_std_entry_process  nrf_log_str_formatter.o
    0x0000699c   0x0000699c   0x0000007a   Code   RO         8164    i.nrf_memobj_alloc  nrf_memobj.o
    0x00006a16   0x00006a16   0x00000040   Code   RO         8165    i.nrf_memobj_free   nrf_memobj.o
    0x00006a56   0x00006a56   0x00000010   Code   RO         8166    i.nrf_memobj_get    nrf_memobj.o
    0x00006a66   0x00006a66   0x0000000c   Code   RO         8167    i.nrf_memobj_pool_init  nrf_memobj.o
    0x00006a72   0x00006a72   0x0000001e   Code   RO         8168    i.nrf_memobj_put    nrf_memobj.o
    0x00006a90   0x00006a90   0x0000006c   Code   RO         8169    i.nrf_memobj_read   nrf_memobj.o
    0x00006afc   0x00006afc   0x00000068   Code   RO         8170    i.nrf_memobj_write  nrf_memobj.o
    0x00006b64   0x00006b64   0x00000012   Code   RO         6415    i.nrf_power_event_clear  nrfx_power.o
    0x00006b76   0x00006b76   0x00000024   Code   RO         6416    i.nrf_power_event_get_and_clear  nrfx_power.o
    0x00006b9a   0x00006b9a   0x00000002   PAD
    0x00006b9c   0x00006b9c   0x000000e0   Code   RO         8329    i.nrf_queue_generic_pop  nrf_queue.o
    0x00006c7c   0x00006c7c   0x00000058   Code   RO         8331    i.nrf_queue_is_empty  nrf_queue.o
    0x00006cd4   0x00006cd4   0x00000060   Code   RO         8332    i.nrf_queue_is_full  nrf_queue.o
    0x00006d34   0x00006d34   0x0000004c   Code   RO         8333    i.nrf_queue_max_utilization_get  nrf_queue.o
    0x00006d80   0x00006d80   0x0000004c   Code   RO         8334    i.nrf_queue_max_utilization_reset  nrf_queue.o
    0x00006dcc   0x00006dcc   0x00000054   Code   RO         8335    i.nrf_queue_next_idx  nrf_queue.o
    0x00006e20   0x00006e20   0x00000108   Code   RO         8337    i.nrf_queue_push    nrf_queue.o
    0x00006f28   0x00006f28   0x000000f4   Code   RO         8340    i.nrf_queue_status  nrf_queue.o
    0x0000701c   0x0000701c   0x0000005c   Code   RO         8341    i.nrf_queue_utilization_get  nrf_queue.o
    0x00007078   0x00007078   0x000000e8   Code   RO         8464    i.nrf_ringbuf_alloc  nrf_ringbuf.o
    0x00007160   0x00007160   0x000000e8   Code   RO         8465    i.nrf_ringbuf_cpy_get  nrf_ringbuf.o
    0x00007248   0x00007248   0x000000dc   Code   RO         8466    i.nrf_ringbuf_cpy_put  nrf_ringbuf.o
    0x00007324   0x00007324   0x00000036   Code   RO         8467    i.nrf_ringbuf_free  nrf_ringbuf.o
    0x0000735a   0x0000735a   0x00000002   PAD
    0x0000735c   0x0000735c   0x000000e4   Code   RO         8468    i.nrf_ringbuf_get   nrf_ringbuf.o
    0x00007440   0x00007440   0x0000001c   Code   RO         8469    i.nrf_ringbuf_init  nrf_ringbuf.o
    0x0000745c   0x0000745c   0x00000040   Code   RO         8470    i.nrf_ringbuf_put   nrf_ringbuf.o
    0x0000749c   0x0000749c   0x0000000c   Code   RO         6980    i.nrf_rtc_cc_get    drv_rtc.o
    0x000074a8   0x000074a8   0x0000000a   Code   RO         6981    i.nrf_rtc_cc_set    drv_rtc.o
    0x000074b2   0x000074b2   0x00000008   Code   RO         6982    i.nrf_rtc_counter_get  drv_rtc.o
    0x000074ba   0x000074ba   0x0000000e   Code   RO         6983    i.nrf_rtc_event_clear  drv_rtc.o
    0x000074c8   0x000074c8   0x00000006   Code   RO         6984    i.nrf_rtc_event_disable  drv_rtc.o
    0x000074ce   0x000074ce   0x00000006   Code   RO         6985    i.nrf_rtc_event_enable  drv_rtc.o
    0x000074d4   0x000074d4   0x00000006   Code   RO         6986    i.nrf_rtc_int_disable  drv_rtc.o
    0x000074da   0x000074da   0x00000006   Code   RO         6987    i.nrf_rtc_int_enable  drv_rtc.o
    0x000074e0   0x000074e0   0x00000006   Code   RO         6988    i.nrf_rtc_task_trigger  drv_rtc.o
    0x000074e6   0x000074e6   0x00000002   PAD
    0x000074e8   0x000074e8   0x00000078   Code   RO         8560    i.nrf_sortlist_add  nrf_sortlist.o
    0x00007560   0x00007560   0x00000050   Code   RO         8562    i.nrf_sortlist_peek  nrf_sortlist.o
    0x000075b0   0x000075b0   0x00000064   Code   RO         8563    i.nrf_sortlist_pop  nrf_sortlist.o
    0x00007614   0x00007614   0x0000007c   Code   RO         8564    i.nrf_sortlist_remove  nrf_sortlist.o
    0x00007690   0x00007690   0x00000040   Code   RO         8614    i.nrf_strerror_find  nrf_strerror.o
    0x000076d0   0x000076d0   0x0000001c   Code   RO         8615    i.nrf_strerror_get  nrf_strerror.o
    0x000076ec   0x000076ec   0x0000000c   Code   RO         2745    i.nrf_uart_errorsrc_get_and_clear  nrfx_uart.o
    0x000076f8   0x000076f8   0x0000000e   Code   RO         2746    i.nrf_uart_event_check  nrfx_uart.o
    0x00007706   0x00007706   0x0000000e   Code   RO         2747    i.nrf_uart_event_clear  nrfx_uart.o
    0x00007714   0x00007714   0x0000000c   Code   RO         2748    i.nrf_uart_hwfc_pins_set  nrfx_uart.o
    0x00007720   0x00007720   0x00000006   Code   RO         2749    i.nrf_uart_int_disable  nrfx_uart.o
    0x00007726   0x00007726   0x00000006   Code   RO         2750    i.nrf_uart_int_enable  nrfx_uart.o
    0x0000772c   0x0000772c   0x00000012   Code   RO         2751    i.nrf_uart_int_enable_check  nrfx_uart.o
    0x0000773e   0x0000773e   0x00000006   Code   RO         2752    i.nrf_uart_task_trigger  nrfx_uart.o
    0x00007744   0x00007744   0x0000000e   Code   RO         2753    i.nrf_uart_txrx_pins_set  nrfx_uart.o
    0x00007752   0x00007752   0x0000000c   Code   RO         2993    i.nrf_uarte_errorsrc_get_and_clear  nrfx_uarte.o
    0x0000775e   0x0000775e   0x0000000e   Code   RO         2994    i.nrf_uarte_event_check  nrfx_uarte.o
    0x0000776c   0x0000776c   0x0000000e   Code   RO         2995    i.nrf_uarte_event_clear  nrfx_uarte.o
    0x0000777a   0x0000777a   0x0000000c   Code   RO         2996    i.nrf_uarte_hwfc_pins_set  nrfx_uarte.o
    0x00007786   0x00007786   0x00000006   Code   RO         2997    i.nrf_uarte_int_disable  nrfx_uarte.o
    0x0000778c   0x0000778c   0x00000006   Code   RO         2998    i.nrf_uarte_int_enable  nrfx_uarte.o
    0x00007792   0x00007792   0x0000000a   Code   RO         2999    i.nrf_uarte_rx_amount_get  nrfx_uarte.o
    0x0000779c   0x0000779c   0x0000000c   Code   RO         3000    i.nrf_uarte_shorts_disable  nrfx_uarte.o
    0x000077a8   0x000077a8   0x00000006   Code   RO         3001    i.nrf_uarte_task_trigger  nrfx_uarte.o
    0x000077ae   0x000077ae   0x0000000a   Code   RO         3002    i.nrf_uarte_tx_amount_get  nrfx_uarte.o
    0x000077b8   0x000077b8   0x0000000e   Code   RO         3003    i.nrf_uarte_txrx_pins_set  nrfx_uarte.o
    0x000077c6   0x000077c6   0x00000002   PAD
    0x000077c8   0x000077c8   0x00000084   Code   RO         9804    i.nrf_usbd_enable   usb_dc_nrf5x.o
    0x0000784c   0x0000784c   0x00000034   Code   RO         9805    i.nrf_usbd_ep_easydma_set_rx  usb_dc_nrf5x.o
    0x00007880   0x00007880   0x00000034   Code   RO         9806    i.nrf_usbd_ep_easydma_set_tx  usb_dc_nrf5x.o
    0x000078b4   0x000078b4   0x00000014   Code   RO         2284    i.nrf_wdt_started   nrf_drv_clock.o
    0x000078c8   0x000078c8   0x00000064   Code   RO         2583    i.nrfx_clock_enable  nrfx_clock.o
    0x0000792c   0x0000792c   0x00000060   Code   RO         2584    i.nrfx_clock_hfclk_start  nrfx_clock.o
    0x0000798c   0x0000798c   0x00000064   Code   RO         2586    i.nrfx_clock_init   nrfx_clock.o
    0x000079f0   0x000079f0   0x00000054   Code   RO         2587    i.nrfx_clock_irq_handler  nrfx_clock.o
    0x00007a44   0x00007a44   0x00000060   Code   RO         2589    i.nrfx_clock_lfclk_start  nrfx_clock.o
    0x00007aa4   0x00007aa4   0x00000018   Code   RO         6989    i.nrfx_coredep_delay_us  drv_rtc.o
    0x00007abc   0x00007abc   0x00000008   Code   RO         2592    i.nrfx_get_irq_number  nrfx_clock.o
    0x00007ac4   0x00007ac4   0x00000008   Code   RO         2754    i.nrfx_get_irq_number  nrfx_uart.o
    0x00007acc   0x00007acc   0x00000008   Code   RO         3004    i.nrfx_get_irq_number  nrfx_uarte.o
    0x00007ad4   0x00007ad4   0x00000008   Code   RO         6420    i.nrfx_get_irq_number  nrfx_power.o
    0x00007adc   0x00007adc   0x00000014   Code   RO         3005    i.nrfx_is_in_ram    nrfx_uarte.o
    0x00007af0   0x00007af0   0x000000ec   Code   RO         2593    i.nrfx_power_clock_irq_init  nrfx_clock.o
    0x00007bdc   0x00007bdc   0x000000ec   Code   RO         6421    i.nrfx_power_clock_irq_init  nrfx_power.o
    0x00007cc8   0x00007cc8   0x0000007c   Code   RO         6422    i.nrfx_power_init   nrfx_power.o
    0x00007d44   0x00007d44   0x00000140   Code   RO         6423    i.nrfx_power_irq_handler  nrfx_power.o
    0x00007e84   0x00007e84   0x0000008c   Code   RO         6586    i.nrfx_prs_acquire  nrfx_prs.o
    0x00007f10   0x00007f10   0x00000058   Code   RO         6587    i.nrfx_prs_release  nrfx_prs.o
    0x00007f68   0x00007f68   0x00000014   Code   RO         2755    i.nrfx_uart_0_irq_handler  nrfx_uart.o
    0x00007f7c   0x00007f7c   0x000000c8   Code   RO         2757    i.nrfx_uart_init    nrfx_uart.o
    0x00008044   0x00008044   0x0000019c   Code   RO         2758    i.nrfx_uart_rx      nrfx_uart.o
    0x000081e0   0x000081e0   0x00000018   Code   RO         2759    i.nrfx_uart_rx_abort  nrfx_uart.o
    0x000081f8   0x000081f8   0x000000ec   Code   RO         2763    i.nrfx_uart_tx      nrfx_uart.o
    0x000082e4   0x000082e4   0x00000024   Code   RO         2765    i.nrfx_uart_tx_in_progress  nrfx_uart.o
    0x00008308   0x00008308   0x00000044   Code   RO         2766    i.nrfx_uart_uninit  nrfx_uart.o
    0x0000834c   0x0000834c   0x00000014   Code   RO         3006    i.nrfx_uarte_0_irq_handler  nrfx_uarte.o
    0x00008360   0x00008360   0x000000c0   Code   RO         3008    i.nrfx_uarte_init   nrfx_uarte.o
    0x00008420   0x00008420   0x000001bc   Code   RO         3009    i.nrfx_uarte_rx     nrfx_uarte.o
    0x000085dc   0x000085dc   0x0000002c   Code   RO         3010    i.nrfx_uarte_rx_abort  nrfx_uarte.o
    0x00008608   0x00008608   0x00000144   Code   RO         3012    i.nrfx_uarte_tx     nrfx_uarte.o
    0x0000874c   0x0000874c   0x00000020   Code   RO         3014    i.nrfx_uarte_tx_in_progress  nrfx_uarte.o
    0x0000876c   0x0000876c   0x00000094   Code   RO         3015    i.nrfx_uarte_uninit  nrfx_uarte.o
    0x00008800   0x00008800   0x00000014   Code   RO         6748    i.on_compare1_evt   app_timer2.o
    0x00008814   0x00008814   0x00000080   Code   RO         6749    i.on_compare_evt    app_timer2.o
    0x00008894   0x00008894   0x0000001c   Code   RO         6750    i.on_overflow_evt   app_timer2.o
    0x000088b0   0x000088b0   0x0000007e   Code   RO         2767    i.pins_to_default   nrfx_uart.o
    0x0000892e   0x0000892e   0x0000007e   Code   RO         3016    i.pins_to_default   nrfx_uarte.o
    0x000089ac   0x000089ac   0x000000c4   Code   RO         5845    i.port_event_handle  nrfx_gpiote.o
    0x00008a70   0x00008a70   0x00000010   Code   RO         5846    i.port_handler_pin_get  nrfx_gpiote.o
    0x00008a80   0x00008a80   0x00000010   Code   RO         5847    i.port_handler_polarity_get  nrfx_gpiote.o
    0x00008a90   0x00008a90   0x00000048   Code   RO         9419    i.postfix_process   nrf_log_str_formatter.o
    0x00008ad8   0x00008ad8   0x000000a4   Code   RO         9420    i.prefix_process    nrf_log_str_formatter.o
    0x00008b7c   0x00008b7c   0x00000022   Code   RO         6900    i.privilege_level_get  app_util_platform.o
    0x00008b9e   0x00008b9e   0x00000002   PAD
    0x00008ba0   0x00008ba0   0x00000018   Code   RO         6588    i.prs_box_get       nrfx_prs.o
    0x00008bb8   0x00008bb8   0x0000001e   Code   RO         8344    i.queue_utilization_get  nrf_queue.o
    0x00008bd6   0x00008bd6   0x0000003e   Code   RO         6751    i.rtc_irq           app_timer2.o
    0x00008c14   0x00008c14   0x000000c0   Code   RO         6752    i.rtc_schedule      app_timer2.o
    0x00008cd4   0x00008cd4   0x000000a4   Code   RO         6753    i.rtc_update        app_timer2.o
    0x00008d78   0x00008d78   0x0000003e   Code   RO         2768    i.rx_byte           nrfx_uart.o
    0x00008db6   0x00008db6   0x0000001c   Code   RO         2769    i.rx_done_event     nrfx_uart.o
    0x00008dd2   0x00008dd2   0x0000001c   Code   RO         3017    i.rx_done_event     nrfx_uarte.o
    0x00008dee   0x00008dee   0x00000022   Code   RO         2770    i.rx_enable         nrfx_uart.o
    0x00008e10   0x00008e10   0x000000c0   Code   RO         8000    i.rx_try            nrf_cli_uart.o
    0x00008ed0   0x00008ed0   0x00000088   Code   RO         8976    i.serial_tx         nrf_log_backend_uart.o
    0x00008f58   0x00008f58   0x00000024   Code   RO         9131    i.severity_lvl_get  nrf_log_frontend.o
    0x00008f7c   0x00008f7c   0x00000016   Code   RO         6754    i.sorted_list_stop_all  app_timer2.o
    0x00008f92   0x00008f92   0x00000002   PAD
    0x00008f94   0x00008f94   0x00000018   Code   RO         6755    i.sortlist_pop      app_timer2.o
    0x00008fac   0x00008fac   0x000000b8   Code   RO         9132    i.std_header_set    nrf_log_frontend.o
    0x00009064   0x00009064   0x00000070   Code   RO         9133    i.std_n             nrf_log_frontend.o
    0x000090d4   0x000090d4   0x00000074   Code   RO         8121    i.string_print      nrf_fprintf_format.o
    0x00009148   0x00009148   0x000000b4   Code   RO         7577    i.terminal_size_get  nrf_cli.o
    0x000091fc   0x000091fc   0x0000000a   Code   RO         6990    i.ticks_sub         drv_rtc.o
    0x00009206   0x00009206   0x00000002   PAD
    0x00009208   0x00009208   0x000000b4   Code   RO         6756    i.timer_expire      app_timer2.o
    0x000092bc   0x000092bc   0x00000030   Code   RO         8001    i.timer_handler     nrf_cli_uart.o
    0x000092ec   0x000092ec   0x00000098   Code   RO         6757    i.timer_req_process  app_timer2.o
    0x00009384   0x00009384   0x00000040   Code   RO         6758    i.timer_req_schedule  app_timer2.o
    0x000093c4   0x000093c4   0x00000002   Code   RO         9421    i.timestamp_print   nrf_log_str_formatter.o
    0x000093c6   0x000093c6   0x0000000c   Code   RO         7578    i.transport_buffer_flush  nrf_cli.o
    0x000093d2   0x000093d2   0x00000036   Code   RO         2771    i.tx_blocking       nrfx_uart.o
    0x00009408   0x00009408   0x00000026   Code   RO         2772    i.tx_byte           nrfx_uart.o
    0x0000942e   0x0000942e   0x00000020   Code   RO         2773    i.tx_done_event     nrfx_uart.o
    0x0000944e   0x0000944e   0x00000020   Code   RO         3018    i.tx_done_event     nrfx_uarte.o
    0x0000946e   0x0000946e   0x00000002   PAD
    0x00009470   0x00009470   0x00000040   Code   RO          373    i.uart_error_handle  main.o
    0x000094b0   0x000094b0   0x00000128   Code   RO         8002    i.uart_event_handler  nrf_cli_uart.o
    0x000095d8   0x000095d8   0x000000e4   Code   RO         8655    i.uart_event_handler  app_uart_fifo.o
    0x000096bc   0x000096bc   0x00000038   Code   RO         2535    i.uart_evt_handler  nrf_drv_uart.o
    0x000096f4   0x000096f4   0x0000000c   Code   RO         8977    i.uart_evt_handler  nrf_log_backend_uart.o
    0x00009700   0x00009700   0x00000068   Code   RO         8978    i.uart_init         nrf_log_backend_uart.o
    0x00009768   0x00009768   0x0000014e   Code   RO         2774    i.uart_irq_handler  nrfx_uart.o
    0x000098b6   0x000098b6   0x00000002   PAD
    0x000098b8   0x000098b8   0x00000038   Code   RO         2536    i.uarte_evt_handler  nrf_drv_uart.o
    0x000098f0   0x000098f0   0x00000134   Code   RO         3019    i.uarte_irq_handler  nrfx_uarte.o
    0x00009a24   0x00009a24   0x000000b8   Code   RO         8122    i.unsigned_print    nrf_fprintf_format.o
    0x00009adc   0x00009adc   0x00000050   Code   RO         9807    i.usb_dc_init       usb_dc_nrf5x.o
    0x00009b2c   0x00009b2c   0x000000c4   Code   RO          374    i.usb_dc_low_level_init  main.o
    0x00009bf0   0x00009bf0   0x00000010   Code   RO         9471    i.usb_slist_add_tail  usbd_core.o
    0x00009c00   0x00009c00   0x00000014   Code   RO         2183    i.usbd_cdc_acm_in   cdc_acm_template.o
    0x00009c14   0x00009c14   0x00000064   Code   RO         2184    i.usbd_cdc_acm_out  cdc_acm_template.o
    0x00009c78   0x00009c78   0x0000001c   Code   RO         9676    i.usbd_cdc_acm_reset  usbd_cdc.o
    0x00009c94   0x00009c94   0x00000018   Code   RO         2185    i.usbd_cdc_acm_set_dtr  cdc_acm_template.o
    0x00009cac   0x00009cac   0x00000002   Code   RO         9678    i.usbd_cdc_acm_set_line_coding  usbd_cdc.o
    0x00009cae   0x00009cae   0x00000002   Code   RO         9679    i.usbd_cdc_acm_set_rts  usbd_cdc.o
    0x00009cb0   0x00009cb0   0x0000003c   Code   RO         9680    i.usbd_cdc_add_acm_interface  usbd_cdc.o
    0x00009cec   0x00009cec   0x00000030   Code   RO         9473    i.usbd_class_add_interface  usbd_core.o
    0x00009d1c   0x00009d1c   0x00000030   Code   RO         9474    i.usbd_class_event_notify_handler  usbd_core.o
    0x00009d4c   0x00009d4c   0x0000001c   Code   RO         9475    i.usbd_class_register  usbd_core.o
    0x00009d68   0x00009d68   0x00000098   Code   RO         9476    i.usbd_class_request_handler  usbd_core.o
    0x00009e00   0x00009e00   0x00000058   Code   RO         9477    i.usbd_custom_request_handler  usbd_core.o
    0x00009e58   0x00009e58   0x0000000c   Code   RO         9478    i.usbd_desc_register  usbd_core.o
    0x00009e64   0x00009e64   0x00000030   Code   RO         9479    i.usbd_ep0_in_handler  usbd_core.o
    0x00009e94   0x00009e94   0x00000128   Code   RO         9480    i.usbd_ep0_out_handler  usbd_core.o
    0x00009fbc   0x00009fbc   0x00000148   Code   RO         9481    i.usbd_ep0_setup_handler  usbd_core.o
    0x0000a104   0x0000a104   0x00000060   Code   RO         9482    i.usbd_ep_callback_register  usbd_core.o
    0x0000a164   0x0000a164   0x00000058   Code   RO         9810    i.usbd_ep_clear_stall  usb_dc_nrf5x.o
    0x0000a1bc   0x0000a1bc   0x00000110   Code   RO         9811    i.usbd_ep_close     usb_dc_nrf5x.o
    0x0000a2cc   0x0000a2cc   0x00000024   Code   RO         9483    i.usbd_ep_in_handler  usbd_core.o
    0x0000a2f0   0x0000a2f0   0x00000006   Code   RO         9812    i.usbd_ep_is_stalled  usb_dc_nrf5x.o
    0x0000a2f6   0x0000a2f6   0x00000002   PAD
    0x0000a2f8   0x0000a2f8   0x000001fc   Code   RO         9813    i.usbd_ep_open      usb_dc_nrf5x.o
    0x0000a4f4   0x0000a4f4   0x00000024   Code   RO         9484    i.usbd_ep_out_handler  usbd_core.o
    0x0000a518   0x0000a518   0x0000009c   Code   RO         9814    i.usbd_ep_read      usb_dc_nrf5x.o
    0x0000a5b4   0x0000a5b4   0x00000050   Code   RO         9815    i.usbd_ep_set_stall  usb_dc_nrf5x.o
    0x0000a604   0x0000a604   0x000000c0   Code   RO         9816    i.usbd_ep_write     usb_dc_nrf5x.o
    0x0000a6c4   0x0000a6c4   0x000000f4   Code   RO         9485    i.usbd_event_notify_handler  usbd_core.o
    0x0000a7b8   0x0000a7b8   0x000001ac   Code   RO         9486    i.usbd_get_descriptor  usbd_core.o
    0x0000a964   0x0000a964   0x0000000a   Code   RO         9487    i.usbd_initialize   usbd_core.o
    0x0000a96e   0x0000a96e   0x00000012   Code   RO         9488    i.usbd_interface_add_endpoint  usbd_core.o
    0x0000a980   0x0000a980   0x00000048   Code   RO         9491    i.usbd_print_setup  usbd_core.o
    0x0000a9c8   0x0000a9c8   0x00000080   Code   RO         9492    i.usbd_reset_endpoint  usbd_core.o
    0x0000aa48   0x0000aa48   0x000000f4   Code   RO         9493    i.usbd_send_to_host  usbd_core.o
    0x0000ab3c   0x0000ab3c   0x00000038   Code   RO         9817    i.usbd_set_address  usb_dc_nrf5x.o
    0x0000ab74   0x0000ab74   0x000000cc   Code   RO         9494    i.usbd_set_configuration  usbd_core.o
    0x0000ac40   0x0000ac40   0x00000088   Code   RO         9495    i.usbd_set_endpoint  usbd_core.o
    0x0000acc8   0x0000acc8   0x0000007c   Code   RO         9496    i.usbd_set_interface  usbd_core.o
    0x0000ad44   0x0000ad44   0x00000124   Code   RO         9497    i.usbd_setup_request_handler  usbd_core.o
    0x0000ae68   0x0000ae68   0x00000062   Code   RO         9498    i.usbd_standard_request_handler  usbd_core.o
    0x0000aeca   0x0000aeca   0x00000002   PAD
    0x0000aecc   0x0000aecc   0x00000114   Code   RO         9499    i.usbd_std_device_req_handler  usbd_core.o
    0x0000afe0   0x0000afe0   0x0000014c   Code   RO         9500    i.usbd_std_endpoint_req_handler  usbd_core.o
    0x0000b12c   0x0000b12c   0x000000b8   Code   RO         9501    i.usbd_std_interface_req_handler  usbd_core.o
    0x0000b1e4   0x0000b1e4   0x000001cc   Code   RO         9502    i.usbd_vendor_request_handler  usbd_core.o
    0x0000b3b0   0x0000b3b0   0x00000044   Code   RO         7579    i.vt100_bgcolor_set  nrf_cli.o
    0x0000b3f4   0x0000b3f4   0x00000058   Code   RO         7580    i.vt100_color_set   nrf_cli.o
    0x0000b44c   0x0000b44c   0x00000018   Code   RO         7581    i.vt100_colors_restore  nrf_cli.o
    0x0000b464   0x0000b464   0x0000000c   PAD
    0x0000b470   0x0000b470   0x00000080   Data   RO          376    .constdata          main.o
    0x0000b4f0   0x0000b4f0   0x000000b2   Data   RO         2187    .constdata          cdc_acm_template.o
    0x0000b5a2   0x0000b5a2   0x00000001   Data   RO         2450    .constdata          nrf_drv_power.o
    0x0000b5a3   0x0000b5a3   0x00000001   PAD
    0x0000b5a4   0x0000b5a4   0x0000002e   Data   RO         2776    .constdata          nrfx_uart.o
    0x0000b5d2   0x0000b5d2   0x00000002   PAD
    0x0000b5d4   0x0000b5d4   0x00000030   Data   RO         3021    .constdata          nrfx_uarte.o
    0x0000b604   0x0000b604   0x00000042   Data   RO         5849    .constdata          nrfx_gpiote.o
    0x0000b646   0x0000b646   0x00000002   PAD
    0x0000b648   0x0000b648   0x00000014   Data   RO         6760    .constdata          app_timer2.o
    0x0000b65c   0x0000b65c   0x00000004   PAD
    0x0000b660   0x0000b660   0x00000006   Data   RO         6991    .constdata          drv_rtc.o
    0x0000b666   0x0000b666   0x00000002   PAD
    0x0000b668   0x0000b668   0x00000038   Data   RO         7419    .constdata          nrf_balloc.o
    0x0000b6a0   0x0000b6a0   0x000001b2   Data   RO         7582    .constdata          nrf_cli.o
    0x0000b852   0x0000b852   0x00000002   PAD
    0x0000b854   0x0000b854   0x00000014   Data   RO         8003    .constdata          nrf_cli_uart.o
    0x0000b868   0x0000b868   0x00000010   Data   RO         8123    .constdata          nrf_fprintf_format.o
    0x0000b878   0x0000b878   0x00000038   Data   RO         8346    .constdata          nrf_queue.o
    0x0000b8b0   0x0000b8b0   0x0000012c   Data   RO         8616    .constdata          nrf_strerror.o
    0x0000b9dc   0x0000b9dc   0x00000020   Data   RO         8657    .constdata          app_uart_fifo.o
    0x0000b9fc   0x0000b9fc   0x0000002c   Data   RO         8980    .constdata          nrf_log_backend_uart.o
    0x0000ba28   0x0000ba28   0x0000016c   Data   RO         9135    .constdata          nrf_log_frontend.o
    0x0000bb94   0x0000bb94   0x00000081   Data   RO        11788    .constdata          mc_w.l(ctype_o.o)
    0x0000bc15   0x0000bc15   0x00000003   PAD
    0x0000bc18   0x0000bc18   0x00000004   Data   RO        11789    .constdata          mc_w.l(ctype_o.o)
    0x0000bc1c   0x0000bc1c   0x0000000d   Data   RO          377    .conststring        main.o
    0x0000bc29   0x0000bc29   0x00000003   PAD
    0x0000bc2c   0x0000bc2c   0x00000515   Data   RO         7201    .conststring        hardfault_implementation.o
    0x0000c141   0x0000c141   0x00000003   PAD
    0x0000c144   0x0000c144   0x000000e3   Data   RO         7420    .conststring        nrf_balloc.o
    0x0000c227   0x0000c227   0x00000001   PAD
    0x0000c228   0x0000c228   0x000002b4   Data   RO         7583    .conststring        nrf_cli.o
    0x0000c4dc   0x0000c4dc   0x000000a6   Data   RO         8347    .conststring        nrf_queue.o
    0x0000c582   0x0000c582   0x00000002   PAD
    0x0000c584   0x0000c584   0x000003bf   Data   RO         8617    .conststring        nrf_strerror.o
    0x0000c943   0x0000c943   0x00000001   PAD
    0x0000c944   0x0000c944   0x00000041   Data   RO         8981    .conststring        nrf_log_backend_uart.o
    0x0000c985   0x0000c985   0x00000003   PAD
    0x0000c988   0x0000c988   0x00000265   Data   RO         9136    .conststring        nrf_log_frontend.o
    0x0000cbed   0x0000cbed   0x00000003   PAD
    0x0000cbf0   0x0000cbf0   0x00000048   Data   RO         9422    .conststring        nrf_log_str_formatter.o
    0x0000cc38   0x0000cc38   0x0000005d   Data   RO         9504    .conststring        usbd_core.o
    0x0000cc95   0x0000cc95   0x00000003   PAD
    0x0000cc98   0x0000cc98   0x00000016   Data   RO         9682    .conststring        usbd_cdc.o
    0x0000ccae   0x0000ccae   0x00000002   PAD
    0x0000ccb0   0x0000ccb0   0x000000c3   Data   RO          378    .conststrlit        main.o
    0x0000cd73   0x0000cd73   0x00000001   PAD
    0x0000cd74   0x0000cd74   0x00000006   Data   RO         2287    .conststrlit        nrf_drv_clock.o
    0x0000cd7a   0x0000cd7a   0x00000002   PAD
    0x0000cd7c   0x0000cd7c   0x00000006   Data   RO         2595    .conststrlit        nrfx_clock.o
    0x0000cd82   0x0000cd82   0x00000002   PAD
    0x0000cd84   0x0000cd84   0x00000005   Data   RO         2777    .conststrlit        nrfx_uart.o
    0x0000cd89   0x0000cd89   0x00000003   PAD
    0x0000cd8c   0x0000cd8c   0x00000006   Data   RO         3022    .conststrlit        nrfx_uarte.o
    0x0000cd92   0x0000cd92   0x00000002   PAD
    0x0000cd94   0x0000cd94   0x00000005   Data   RO         3693    .conststrlit        nrfx_usbd.o
    0x0000cd99   0x0000cd99   0x00000003   PAD
    0x0000cd9c   0x0000cd9c   0x00000007   Data   RO         5850    .conststrlit        nrfx_gpiote.o
    0x0000cda3   0x0000cda3   0x00000001   PAD
    0x0000cda4   0x0000cda4   0x00000004   Data   RO         6590    .conststrlit        nrfx_prs.o
    0x0000cda8   0x0000cda8   0x0000001e   Data   RO         6761    .conststrlit        app_timer2.o
    0x0000cdc6   0x0000cdc6   0x00000002   PAD
    0x0000cdc8   0x0000cdc8   0x0000000a   Data   RO         7202    .conststrlit        hardfault_implementation.o
    0x0000cdd2   0x0000cdd2   0x00000002   PAD
    0x0000cdd4   0x0000cdd4   0x00000009   Data   RO         8004    .conststrlit        nrf_cli_uart.o
    0x0000cddd   0x0000cddd   0x00000003   PAD
    0x0000cde0   0x0000cde0   0x00000009   Data   RO         8249    .conststrlit        nrf_pwr_mgmt.o
    0x0000cde9   0x0000cde9   0x00000003   PAD
    0x0000cdec   0x0000cdec   0x00000009   Data   RO         8565    .conststrlit        nrf_sortlist.o
    0x0000cdf5   0x0000cdf5   0x00000003   PAD
    0x0000cdf8   0x0000cdf8   0x00000011   Data   RO         9041    .conststrlit        nrf_log_default_backends.o
    0x0000ce09   0x0000ce09   0x00000003   PAD
    0x0000ce0c   0x0000ce0c   0x00000024   Data   RO         9137    .conststrlit        nrf_log_frontend.o
    0x0000ce30   0x0000ce30   0x00000020   Data   RO        12167    Region$$Table       anon$$obj.o
    0x0000ce50   0x0000ce50   0x00000008   Data   RO         7421    cli_command         nrf_balloc.o
    0x0000ce58   0x0000ce58   0x00000020   Data   RO         7585    cli_command         nrf_cli.o
    0x0000ce78   0x0000ce78   0x00000008   Data   RO         8348    cli_command         nrf_queue.o
    0x0000ce80   0x0000ce80   0x00000008   Data   RO         9139    cli_command         nrf_log_frontend.o
    0x0000ce88   0x0000ce88   0x00000010   Data   RO          380    log_backends        main.o
    0x0000ce98   0x0000ce98   0x00000010   Data   RO         9043    log_backends        nrf_log_default_backends.o
    0x0000cea8   0x0000cea8   0x00000018   Data   RO          381    log_const_data      main.o
    0x0000cec0   0x0000cec0   0x00000008   Data   RO         2288    log_const_data      nrf_drv_clock.o
    0x0000cec8   0x0000cec8   0x00000008   Data   RO         2597    log_const_data      nrfx_clock.o
    0x0000ced0   0x0000ced0   0x00000008   Data   RO         2778    log_const_data      nrfx_uart.o
    0x0000ced8   0x0000ced8   0x00000008   Data   RO         3023    log_const_data      nrfx_uarte.o
    0x0000cee0   0x0000cee0   0x00000008   Data   RO         3695    log_const_data      nrfx_usbd.o
    0x0000cee8   0x0000cee8   0x00000008   Data   RO         5851    log_const_data      nrfx_gpiote.o
    0x0000cef0   0x0000cef0   0x00000008   Data   RO         6592    log_const_data      nrfx_prs.o
    0x0000cef8   0x0000cef8   0x00000010   Data   RO         6763    log_const_data      app_timer2.o
    0x0000cf08   0x0000cf08   0x00000008   Data   RO         7204    log_const_data      hardfault_implementation.o
    0x0000cf10   0x0000cf10   0x00000008   Data   RO         8005    log_const_data      nrf_cli_uart.o
    0x0000cf18   0x0000cf18   0x00000008   Data   RO         8251    log_const_data      nrf_pwr_mgmt.o
    0x0000cf20   0x0000cf20   0x00000008   Data   RO         8566    log_const_data      nrf_sortlist.o
    0x0000cf28   0x0000cf28   0x00000010   Data   RO         9141    log_const_data      nrf_log_frontend.o
    0x0000cf38   0x0000cf38   0x0000001c   Data   RO          384    nrf_balloc          main.o
    0x0000cf54   0x0000cf54   0x0000001c   Data   RO         9144    nrf_balloc          nrf_log_frontend.o
    0x0000cf70   0x0000cf70   0x0000001c   Data   RO          385    nrf_queue           main.o


    Execution Region RW_IRAM1 (Exec base: 0x20000000, Load base: 0x0000cf8c, Size: 0x00005330, Max: 0x00040000, ABSOLUTE, COMPRESSED[0x000000c8])

    Exec Addr    Load Addr    Size         Type   Attr      Idx    E Section Name        Object

    0x20000000   COMPRESSED   0x00000064   Data   RW          379    .data               main.o
    0x20000064   COMPRESSED   0x00000019   Data   RW         2188    .data               cdc_acm_template.o
    0x2000007d   COMPRESSED   0x00000001   Data   RW         2451    .data               nrf_drv_power.o
    0x2000007e   COMPRESSED   0x00000002   PAD
    0x20000080   COMPRESSED   0x00000012   Data   RW         2537    .data               nrf_drv_uart.o
    0x20000092   COMPRESSED   0x00000002   PAD
    0x20000094   COMPRESSED   0x00000009   Data   RW         2596    .data               nrfx_clock.o
    0x2000009d   COMPRESSED   0x00000003   PAD
    0x200000a0   COMPRESSED   0x00000010   Data   RW         6439    .data               nrfx_power.o
    0x200000b0   COMPRESSED   0x00000008   Data   RW         6591    .data               nrfx_prs.o
    0x200000b8   COMPRESSED   0x00000038   Data   RW         6762    .data               app_timer2.o
    0x200000f0   COMPRESSED   0x00000004   Data   RW         6901    .data               app_util_platform.o
    0x200000f4   COMPRESSED   0x0000000c   Data   RW         6992    .data               drv_rtc.o
    0x20000100   COMPRESSED   0x00000068   Data   RW         7203    .data               hardfault_implementation.o
    0x20000168   COMPRESSED   0x0000001b   Data   RW         8658    .data               app_uart_fifo.o
    0x20000183   COMPRESSED   0x00000001   PAD
    0x20000184   COMPRESSED   0x00000008   Data   RW         8729    .data               retarget.o
    0x2000018c   COMPRESSED   0x00000016   Data   RW         8982    .data               nrf_log_backend_uart.o
    0x200001a2   COMPRESSED   0x00000002   PAD
    0x200001a4   COMPRESSED   0x00000008   Data   RW         9042    .data               nrf_log_default_backends.o
    0x200001ac   COMPRESSED   0x0000003c   Data   RW         9138    .data               nrf_log_frontend.o
    0x200001e8   COMPRESSED   0x00000040   Data   RW         9423    .data               nrf_log_str_formatter.o
    0x20000228   COMPRESSED   0x00000011   Data   RW         9505    .data               usbd_core.o
    0x20000239   COMPRESSED   0x00000003   PAD
    0x2000023c   COMPRESSED   0x00000024   Data   RW         9683    .data               usbd_cdc.o
    0x20000260   COMPRESSED   0x00000004   Data   RW        10285    .data               system_nrf52840.o
    0x20000264   COMPRESSED   0x00000004   Data   RW        12144    .data               mc_w.l(mvars.o)
    0x20000268   COMPRESSED   0x00000004   Data   RW        12145    .data               mc_w.l(mvars.o)
    0x2000026c   COMPRESSED   0x00000004   Data   RW         7422    cli_sorted_cmd_ptrs  nrf_balloc.o
    0x20000270   COMPRESSED   0x00000010   Data   RW         7586    cli_sorted_cmd_ptrs  nrf_cli.o
    0x20000280   COMPRESSED   0x00000004   Data   RW         8349    cli_sorted_cmd_ptrs  nrf_queue.o
    0x20000284   COMPRESSED   0x00000004   Data   RW         9140    cli_sorted_cmd_ptrs  nrf_log_frontend.o
    0x20000288   COMPRESSED   0x0000000c   Data   RW          382    log_dynamic_data    main.o
    0x20000294   COMPRESSED   0x00000004   Data   RW         2289    log_dynamic_data    nrf_drv_clock.o
    0x20000298   COMPRESSED   0x00000004   Data   RW         2598    log_dynamic_data    nrfx_clock.o
    0x2000029c   COMPRESSED   0x00000004   Data   RW         2779    log_dynamic_data    nrfx_uart.o
    0x200002a0   COMPRESSED   0x00000004   Data   RW         3024    log_dynamic_data    nrfx_uarte.o
    0x200002a4   COMPRESSED   0x00000004   Data   RW         3696    log_dynamic_data    nrfx_usbd.o
    0x200002a8   COMPRESSED   0x00000004   Data   RW         5852    log_dynamic_data    nrfx_gpiote.o
    0x200002ac   COMPRESSED   0x00000004   Data   RW         6593    log_dynamic_data    nrfx_prs.o
    0x200002b0   COMPRESSED   0x00000008   Data   RW         6764    log_dynamic_data    app_timer2.o
    0x200002b8   COMPRESSED   0x00000004   Data   RW         7205    log_dynamic_data    hardfault_implementation.o
    0x200002bc   COMPRESSED   0x00000004   Data   RW         8006    log_dynamic_data    nrf_cli_uart.o
    0x200002c0   COMPRESSED   0x00000004   Data   RW         8252    log_dynamic_data    nrf_pwr_mgmt.o
    0x200002c4   COMPRESSED   0x00000004   Data   RW         8567    log_dynamic_data    nrf_sortlist.o
    0x200002c8   COMPRESSED   0x00000008   Data   RW         9142    log_dynamic_data    nrf_log_frontend.o
    0x200002d0   COMPRESSED   0x0000000c   Data   RW          383    log_filter_data     main.o
    0x200002dc   COMPRESSED   0x00000004   Data   RW         2290    log_filter_data     nrf_drv_clock.o
    0x200002e0   COMPRESSED   0x00000004   Data   RW         2599    log_filter_data     nrfx_clock.o
    0x200002e4   COMPRESSED   0x00000004   Data   RW         2780    log_filter_data     nrfx_uart.o
    0x200002e8   COMPRESSED   0x00000004   Data   RW         3025    log_filter_data     nrfx_uarte.o
    0x200002ec   COMPRESSED   0x00000004   Data   RW         3697    log_filter_data     nrfx_usbd.o
    0x200002f0   COMPRESSED   0x00000004   Data   RW         5853    log_filter_data     nrfx_gpiote.o
    0x200002f4   COMPRESSED   0x00000004   Data   RW         6594    log_filter_data     nrfx_prs.o
    0x200002f8   COMPRESSED   0x00000008   Data   RW         6765    log_filter_data     app_timer2.o
    0x20000300   COMPRESSED   0x00000004   Data   RW         7206    log_filter_data     hardfault_implementation.o
    0x20000304   COMPRESSED   0x00000004   Data   RW         8007    log_filter_data     nrf_cli_uart.o
    0x20000308   COMPRESSED   0x00000004   Data   RW         8253    log_filter_data     nrf_pwr_mgmt.o
    0x2000030c   COMPRESSED   0x00000004   Data   RW         8568    log_filter_data     nrf_sortlist.o
    0x20000310   COMPRESSED   0x00000008   Data   RW         9143    log_filter_data     nrf_log_frontend.o
    0x20000318        -       0x00000598   Zero   RW          375    .bss                main.o
    0x200008b0        -       0x00000044   Zero   RW         2186    .bss                cdc_acm_template.o
    0x200008f4        -       0x00000014   Zero   RW         2285    .bss                nrf_drv_clock.o
    0x20000908        -       0x0000002c   Zero   RW         2775    .bss                nrfx_uart.o
    0x20000934        -       0x00000024   Zero   RW         3020    .bss                nrfx_uarte.o
    0x20000958        -       0x0000006c   Zero   RW         5848    .bss                nrfx_gpiote.o
    0x200009c4        -       0x00000020   Zero   RW         6639    .bss                app_error.o
    0x200009e4        -       0x00000058   Zero   RW         6759    .bss                app_timer2.o
    0x20000a3c        -       0x00000020   Zero   RW         8656    .bss                app_uart_fifo.o
    0x20000a5c        -       0x00000040   Zero   RW         8979    .bss                nrf_log_backend_uart.o
    0x20000a9c        -       0x00000578   Zero   RW         9134    .bss                nrf_log_frontend.o
    0x20001014        -       0x00000160   Zero   RW         9503    .bss                usbd_core.o
    0x20001174        -       0x0000000a   Zero   RW         9681    .bss                usbd_cdc.o
    0x2000117e   COMPRESSED   0x00000002   PAD
    0x20001180        -       0x000001ac   Zero   RW         9818    .bss                usb_dc_nrf5x.o
    0x2000132c   COMPRESSED   0x00000004   PAD
    0x20001330        -       0x00002000   Zero   RW         9907    HEAP                arm_startup_nrf52840.o
    0x20003330        -       0x00002000   Zero   RW         9906    STACK               arm_startup_nrf52840.o


==============================================================================

Image component sizes


      Code (inc. data)   RO Data    RW Data    ZI Data      Debug   Object Name

       136          4          0          0         32       3354   app_error.o
        26          0          0          0          0        516   app_error_handler_keil.o
       360        128          0          0          0       9286   app_error_weak.o
       170          0          0          0          0       5138   app_fifo.o
      1604        462         66         72         88      18992   app_timer2.o
       702         90         32         27         32       9775   app_uart_fifo.o
       254        134          0          4          0       9348   app_util_platform.o
        36          8        512          0      16384        888   arm_startup_nrf52840.o
       264         84        178         25         68      34292   cdc_acm_template.o
      1678        612          6         12          0      52979   drv_rtc.o
        52         14          0          0          0        560   hardfault_handler_keil.o
       720        278       1319        112          0      33670   hardfault_implementation.o
       636        182        432        124       1432     153209   main.o
        24          0          0          0          0       2890   nrf_assert.o
       352          0          0          0          0       5613   nrf_atfifo.o
       436          0          0          0          0       9601   nrf_atomic.o
       944        376        291          4          0      28968   nrf_balloc.o
      5664       1264       1158         16          0      53107   nrf_cli.o
      1222        276         37          8          0      27583   nrf_cli_uart.o
       802        278         14          8         20      18796   nrf_drv_clock.o
        48         10          1          1          0       4653   nrf_drv_power.o
       320         94          0         18          0       6448   nrf_drv_uart.o
       216         90          0          0          0       1917   nrf_fprintf.o
      1146         58         16          0          0       6926   nrf_fprintf_format.o
       242          0          0          0          0      10809   nrf_log_backend_serial.o
       342         60        109         22         64       9014   nrf_log_backend_uart.o
         0          0         33          8          0       2409   nrf_log_default_backends.o
      4452        884       1065         80       1400      61426   nrf_log_frontend.o
       626        112         72         64          0       5668   nrf_log_str_formatter.o
       740        172          0          0          0       7791   nrf_memobj.o
         0          0         17          8          0       5081   nrf_pwr_mgmt.o
      1274        484        230          4          0      16695   nrf_queue.o
      1058        230          0          0          0       7070   nrf_ringbuf.o
         0          0          0          0          0       1492   nrf_soc.o
       424        242         17          8          0       4014   nrf_sortlist.o
        92         10       1259          0          0       2551   nrf_strerror.o
       788        306         14         17          0      49153   nrfx_clock.o
       824         94         81          8        108      26988   nrfx_gpiote.o
       754        184          0         16          0      14758   nrfx_power.o
       336        182         12         16          0       4387   nrfx_prs.o
      2518        312         59          8         44      38426   nrfx_uart.o
      2578        318         62          8         36      34324   nrfx_uarte.o
         0          0         13          8          0      16632   nrfx_usbd.o
        16          0          0          8          0       2770   retarget.o
       996        102          0          4          0       6771   system_nrf52840.o
      2990        198          0          0        428      13213   usb_dc_nrf5x.o
       330         92         22         36         10       4888   usbd_cdc.o
      4562       1300         93         17        352      30902   usbd_core.o

    ----------------------------------------------------------------------
     43828       9724       7316        784      20504     875741   Object Totals
         0          0         32          0          0          0   (incl. Generated)
        74          0         64         13          6          0   (incl. Padding)

    ----------------------------------------------------------------------

      Code (inc. data)   RO Data    RW Data    ZI Data      Debug   Library Member Name

        86          0          0          0          0          0   __dczerorl2.o
         8          4        133          0          0         68   ctype_o.o
         0          0          0          0          0          0   entry.o
         0          0          0          0          0          0   entry10a.o
         0          0          0          0          0          0   entry11a.o
         4          0          0          0          0          0   entry12b.o
         8          4          0          0          0          0   entry2.o
         4          0          0          0          0          0   entry5.o
         0          0          0          0          0          0   entry7b.o
         0          0          0          0          0          0   entry8b.o
         8          4          0          0          0          0   entry9a.o
        30          0          0          0          0          0   handlers.o
        36          8          0          0          0         68   init.o
        30          0          0          0          0         68   llshl.o
        32          0          0          0          0         68   llushr.o
       188         20          0          0          0        160   malloc.o
        64          0          0          0          0         76   memmovea.o
        36          0          0          0          0        108   memseta.o
         0          0          0          8          0          0   mvars.o
      1142         54          0          0          0        352   printf8.o
        28          0          0          0          0         76   strcmp.o
        14          0          0          0          0         68   strlen.o
        30          0          0          0          0         80   strncmp.o
        98          0          0          0          0         92   uldiv.o

    ----------------------------------------------------------------------
      1852         94        136          8          0       1284   Library Totals
         6          0          3          0          0          0   (incl. Padding)

    ----------------------------------------------------------------------

      Code (inc. data)   RO Data    RW Data    ZI Data      Debug   Library Name

      1846         94        133          8          0       1284   mc_w.l

    ----------------------------------------------------------------------
      1852         94        136          8          0       1284   Library Totals

    ----------------------------------------------------------------------

==============================================================================


      Code (inc. data)   RO Data    RW Data    ZI Data      Debug   

     45680       9818       7452        792      20504     833437   Grand Totals
     45680       9818       7452        200      20504     833437   ELF Image Totals (compressed)
     45680       9818       7452        200          0          0   ROM Totals

==============================================================================

    Total RO  Size (Code + RO Data)                53132 (  51.89kB)
    Total RW  Size (RW Data + ZI Data)             21296 (  20.80kB)
    Total ROM Size (Code + RO Data + RW Data)      53332 (  52.08kB)

==============================================================================

