<html>
<body>
<pre>
<h1>µVision Build Log</h1>
<h2>Tool Versions:</h2>
IDE-Version: ¦ÌVision V5.36.0.0
Copyright (C) 2021 ARM Ltd and ARM Germany GmbH. All rights reserved.
License Information: jiale chen, sdu, LIC=X1E4T-RK6SZ-9ZCWW-QC93C-BKKDJ-V4B6V
 
Tool Versions:
Toolchain:       MDK-ARM Professional  Version: 5.36.0.0
Toolchain Path:  E:\software\Keil\Pro\ARM\ARMCC\Bin
C Compiler:      Armcc.exe V5.06 update 7 (build 960)
Assembler:       Armasm.exe V5.06 update 7 (build 960)
Linker/Locator:  ArmLink.exe V5.06 update 7 (build 960)
Library Manager: ArmAr.exe V5.06 update 7 (build 960)
Hex Converter:   FromElf.exe V5.06 update 7 (build 960)
CPU DLL:         
Dialog DLL:      
Target DLL:      Segger\JL2CM3.dll V2.99.40.0
Dialog DLL:      TCM.DLL V1.53.0.0
 
<h2>Project:</h2>
C:\Users\cheng\Desktop\cherry_usb_nrf5x\pca10056\blank\arm5_no_packs\usbd_pca10056.uvprojx
Project File Date:  05/25/2022

<h2>Output:</h2>
*** Using Compiler 'V5.06 update 7 (build 960)', folder: 'E:\software\Keil\Pro\ARM\ARMCC\Bin'
Rebuild target 'nrf52840_xxaa'
compiling cdc_acm_template.c...
..\..\..\CherryUSB\demo\cdc_acm_template.c(165): warning:  #1-D: last line of file ends without a newline
  }
..\..\..\CherryUSB\demo\cdc_acm_template.c: 1 warning, 0 errors
compiling nrfx_systick.c...
compiling nrfx_atomic.c...
compiling nrf_drv_power.c...
compiling nrf_drv_uart.c...
compiling nrfx_gpiote.c...
compiling nrfx_uarte.c...
compiling nrf_drv_clock.c...
compiling nrfx_clock.c...
compiling nrfx_uart.c...
compiling main.c...
compiling nrfx_usbd.c...
..\..\..\drv\modules\nrfx\drivers\src\nrfx_usbd.c(1595): warning:  #177-D: variable "m_isr"  was declared but never referenced
  static const nrfx_irq_handler_t m_isr[] =
..\..\..\drv\modules\nrfx\drivers\src\nrfx_usbd.c: 1 warning, 0 errors
compiling nrf_soc.c...
compiling nrf_nvic.c...
compiling nrfx_power.c...
compiling hardfault_handler_keil.c...
compiling app_util_platform.c...
compiling app_error.c...
compiling app_error_weak.c...
compiling app_error_handler_keil.c...
compiling nrfx_prs.c...
compiling hardfault_implementation.c...
compiling drv_rtc.c...
compiling app_timer2.c...
compiling nrf_assert.c...
compiling nrf_atomic.c...
compiling nrf_balloc.c...
compiling nrf_fprintf_format.c...
compiling nrf_cli_uart.c...
compiling nrf_section_iter.c...
compiling nrf_memobj.c...
compiling nrf_fprintf.c...
compiling nrf_ringbuf.c...
compiling nrf_sortlist.c...
compiling nrf_pwr_mgmt.c...
compiling nrf_queue.c...
compiling nrf_cli.c...
compiling nrf_strerror.c...
compiling usbd_core.c...
..\..\..\CherryUSB\core\usbd_core.c(1198): warning:  #177-D: variable "j"  was declared but never referenced
      usb_slist_t *i, *j;
..\..\..\CherryUSB\core\usbd_core.c(1332): warning:  #1-D: last line of file ends without a newline
  #endif
..\..\..\CherryUSB\core\usbd_core.c: 2 warnings, 0 errors
compiling usbd_cdc.c...
..\..\..\CherryUSB\class\cdc\usbd_cdc.c(64): warning:  #546-D: transfer of control bypasses initialization of:
            variable "dtr"  (declared at line 96)
            variable "rts"  (declared at line 97)
      switch (setup->bRequest) {
      ^
..\..\..\CherryUSB\class\cdc\usbd_cdc.c: 1 warning, 0 errors
compiling nrf_log_backend_rtt.c...
compiling usbd_hid.c...
assembling arm_startup_nrf52840.s...
compiling usb_dc_nrf5x.c...
..\..\..\CherryUSB\port\nrf5x\./nrf5x_regs.h(520): warning:  #1-D: last line of file ends without a newline
  #define USBD_ISOINCONFIG_RESPONSE_ZeroData (1UL)                               /*!< Endpoint responds with a zero-length data packet in that case */
..\..\..\CherryUSB\port\nrf5x\usb_dc_nrf5x.c(514): warning:  #177-D: variable "dir"  was declared but never referenced
    bool dir = GET_EP_DIR(ep);
..\..\..\CherryUSB\port\nrf5x\usb_dc_nrf5x.c: 2 warnings, 0 errors
compiling nrf_atfifo.c...
compiling nrf_log_backend_uart.c...
compiling nrf_log_str_formatter.c...
compiling app_fifo.c...
compiling nrf_log_backend_serial.c...
compiling retarget.c...
compiling nrf_log_frontend.c...
compiling nrf_log_default_backends.c...
compiling app_uart_fifo.c...
compiling system_nrf52840.c...
linking...
Program Size: Code=45680 RO-data=7452 RW-data=792 ZI-data=20504  
FromELF: creating hex file...
".\_build\nrf52840_xxaa.axf" - 0 Error(s), 7 Warning(s).

<h2>Software Packages used:</h2>

Package Vendor: ARM
                http://www.keil.com/pack/ARM.CMSIS.5.6.0.pack
                ARM.CMSIS.5.6.0
                CMSIS (Cortex Microcontroller Software Interface Standard)
   * Component: CORE Version: 5.3.0

Package Vendor: NordicSemiconductor
                http://developer.nordicsemi.com/nRF5_SDK/pieces/nRF_DeviceFamilyPack/NordicSemiconductor.nRF_DeviceFamilyPack.8.35.0.pack
                NordicSemiconductor.nRF_DeviceFamilyPack.8.35.0
                Nordic Semiconductor nRF ARM devices Device Family Pack with BSD license.
   * Component: Startup Version: 8.35.0

<h2>Collection of Component include folders:</h2>
  .\RTE\_nrf52840_xxaa
  E:\software\Keil\Packs\ARM\CMSIS\5.6.0\CMSIS\Core\Include
  E:\software\Keil\Packs\NordicSemiconductor\nRF_DeviceFamilyPack\8.35.0\Device\Include

<h2>Collection of Component Files used:</h2>

   * Component: ARM::CMSIS:CORE:5.3.0

   * Component: NordicSemiconductor::Device:Startup:8.35.0
      Include file:  Device\Include\system_nrf.h
      Source file:   Device\Source\arm\arm_startup_nrf52840.s
      Include file:  Device\Include\system_nrf52840.h
      Source file:   Device\Source\system_nrf52840.c
Build Time Elapsed:  00:00:15
</pre>
</body>
</html>
