<!doctype html public "-//w3c//dtd html 4.0 transitional//en">
<html><head>
<title>Static Call Graph - [.\_build\nrf52840_xxaa.axf]</title></head>
<body><HR>
<H1>Static Call Graph for image .\_build\nrf52840_xxaa.axf</H1><HR>
<BR><P>#&#060CALLGRAPH&#062# ARM Linker, 5060960: Last Updated: Wed May 25 10:36:44 2022
<BR><P>
<H3>Maximum Stack Usage =        824 bytes + Unknown(Cycles, Untraceable Function Pointers)</H3><H3>
Call chain for Maximum Stack Depth:</H3>
nrf_balloc_status &rArr; nrf_cli_help_print &rArr; nrf_cli_fprintf &rArr; vt100_colors_restore &rArr; vt100_color_set &rArr; nrf_fprintf &rArr; nrf_fprintf_fmt &rArr; int_print &rArr; unsigned_print &rArr; buffer_add &rArr;  buffer_add (Cycle)
<P>
<H3>
Mutually Recursive functions
</H3> <LI><a href="#[4]">NMI_Handler</a>&nbsp;&nbsp;&nbsp;&rArr;&nbsp;&nbsp;&nbsp;<a href="#[4]">NMI_Handler</a><BR>
 <LI><a href="#[6]">MemoryManagement_Handler</a>&nbsp;&nbsp;&nbsp;&rArr;&nbsp;&nbsp;&nbsp;<a href="#[6]">MemoryManagement_Handler</a><BR>
 <LI><a href="#[7]">BusFault_Handler</a>&nbsp;&nbsp;&nbsp;&rArr;&nbsp;&nbsp;&nbsp;<a href="#[7]">BusFault_Handler</a><BR>
 <LI><a href="#[8]">UsageFault_Handler</a>&nbsp;&nbsp;&nbsp;&rArr;&nbsp;&nbsp;&nbsp;<a href="#[8]">UsageFault_Handler</a><BR>
 <LI><a href="#[9]">SVC_Handler</a>&nbsp;&nbsp;&nbsp;&rArr;&nbsp;&nbsp;&nbsp;<a href="#[9]">SVC_Handler</a><BR>
 <LI><a href="#[a]">DebugMon_Handler</a>&nbsp;&nbsp;&nbsp;&rArr;&nbsp;&nbsp;&nbsp;<a href="#[a]">DebugMon_Handler</a><BR>
 <LI><a href="#[b]">PendSV_Handler</a>&nbsp;&nbsp;&nbsp;&rArr;&nbsp;&nbsp;&nbsp;<a href="#[b]">PendSV_Handler</a><BR>
 <LI><a href="#[c]">SysTick_Handler</a>&nbsp;&nbsp;&nbsp;&rArr;&nbsp;&nbsp;&nbsp;<a href="#[c]">SysTick_Handler</a><BR>
 <LI><a href="#[1c]">CCM_AAR_IRQHandler</a>&nbsp;&nbsp;&nbsp;&rArr;&nbsp;&nbsp;&nbsp;<a href="#[1c]">CCM_AAR_IRQHandler</a><BR>
 <LI><a href="#[1cf]">std_header_set</a>&nbsp;&nbsp;&nbsp;&rArr;&nbsp;&nbsp;&nbsp;<a href="#[9d]">assert_nrf_callback</a><BR>
 <LI><a href="#[c6]">app_util_critical_region_exit</a>&nbsp;&nbsp;&nbsp;&rArr;&nbsp;&nbsp;&nbsp;<a href="#[9d]">assert_nrf_callback</a><BR>
 <LI><a href="#[c3]">app_util_critical_region_enter</a>&nbsp;&nbsp;&nbsp;&rArr;&nbsp;&nbsp;&nbsp;<a href="#[9d]">assert_nrf_callback</a><BR>
 <LI><a href="#[d8]">log_skip</a>&nbsp;&nbsp;&nbsp;&rArr;&nbsp;&nbsp;&nbsp;<a href="#[9d]">assert_nrf_callback</a><BR>
 <LI><a href="#[149]">memobj_op</a>&nbsp;&nbsp;&nbsp;&rArr;&nbsp;&nbsp;&nbsp;<a href="#[9d]">assert_nrf_callback</a><BR>
 <LI><a href="#[18c]">nrf_memobj_write</a>&nbsp;&nbsp;&nbsp;&rArr;&nbsp;&nbsp;&nbsp;<a href="#[9d]">assert_nrf_callback</a><BR>
 <LI><a href="#[161]">nrf_balloc_block2idx</a>&nbsp;&nbsp;&nbsp;&rArr;&nbsp;&nbsp;&nbsp;<a href="#[9d]">assert_nrf_callback</a><BR>
 <LI><a href="#[162]">nrf_balloc_free</a>&nbsp;&nbsp;&nbsp;&rArr;&nbsp;&nbsp;&nbsp;<a href="#[9d]">assert_nrf_callback</a><BR>
 <LI><a href="#[160]">nrf_balloc_idx2block</a>&nbsp;&nbsp;&nbsp;&rArr;&nbsp;&nbsp;&nbsp;<a href="#[9d]">assert_nrf_callback</a><BR>
 <LI><a href="#[15f]">nrf_balloc_alloc</a>&nbsp;&nbsp;&nbsp;&rArr;&nbsp;&nbsp;&nbsp;<a href="#[9d]">assert_nrf_callback</a><BR>
 <LI><a href="#[91]">nrf_log_frontend_std_0</a>&nbsp;&nbsp;&nbsp;&rArr;&nbsp;&nbsp;&nbsp;<a href="#[18d]">std_n</a><BR>
 <LI><a href="#[1f5]">usbd_set_interface</a>&nbsp;&nbsp;&nbsp;&rArr;&nbsp;&nbsp;&nbsp;<a href="#[9f]">usbd_event_notify_handler</a><BR>
 <LI><a href="#[1fc]">usbd_std_endpoint_req_handler</a>&nbsp;&nbsp;&nbsp;&rArr;&nbsp;&nbsp;&nbsp;<a href="#[9f]">usbd_event_notify_handler</a><BR>
 <LI><a href="#[1fa]">usbd_std_device_req_handler</a>&nbsp;&nbsp;&nbsp;&rArr;&nbsp;&nbsp;&nbsp;<a href="#[9f]">usbd_event_notify_handler</a><BR>
 <LI><a href="#[d9]">buffer_add</a>&nbsp;&nbsp;&nbsp;&rArr;&nbsp;&nbsp;&nbsp;<a href="#[d9]">buffer_add</a><BR>
 <LI><a href="#[7f]">__asm___12_nrf_atfifo_c_51f461e1__nrf_atfifo_rspace_close</a>&nbsp;&nbsp;&nbsp;&rArr;&nbsp;&nbsp;&nbsp;<a href="#[7f]">__asm___12_nrf_atfifo_c_51f461e1__nrf_atfifo_rspace_close</a><BR>
 <LI><a href="#[7e]">__asm___12_nrf_atfifo_c_51f461e1__nrf_atfifo_wspace_close</a>&nbsp;&nbsp;&nbsp;&rArr;&nbsp;&nbsp;&nbsp;<a href="#[7e]">__asm___12_nrf_atfifo_c_51f461e1__nrf_atfifo_wspace_close</a><BR>
</UL>
<P>
<H3>
Function Pointers
</H3><UL>
 <LI><a href="#[7]">BusFault_Handler</a> from arm_startup_nrf52840.o(.text) referenced from arm_startup_nrf52840.o(RESET)
 <LI><a href="#[1c]">CCM_AAR_IRQHandler</a> from arm_startup_nrf52840.o(.text) referenced from arm_startup_nrf52840.o(RESET)
 <LI><a href="#[20]">COMP_LPCOMP_IRQHandler</a> from arm_startup_nrf52840.o(.text) referenced from arm_startup_nrf52840.o(RESET)
 <LI><a href="#[35]">CRYPTOCELL_IRQHandler</a> from arm_startup_nrf52840.o(.text) referenced from arm_startup_nrf52840.o(RESET)
 <LI><a href="#[a]">DebugMon_Handler</a> from arm_startup_nrf52840.o(.text) referenced from arm_startup_nrf52840.o(RESET)
 <LI><a href="#[1b]">ECB_IRQHandler</a> from arm_startup_nrf52840.o(.text) referenced from arm_startup_nrf52840.o(RESET)
 <LI><a href="#[31]">FPU_IRQHandler</a> from arm_startup_nrf52840.o(.text) referenced from arm_startup_nrf52840.o(RESET)
 <LI><a href="#[13]">GPIOTE_IRQHandler</a> from nrfx_gpiote.o(i.GPIOTE_IRQHandler) referenced from arm_startup_nrf52840.o(RESET)
 <LI><a href="#[5]">HardFault_Handler</a> from hardfault_handler_keil.o(.emb_text) referenced from arm_startup_nrf52840.o(RESET)
 <LI><a href="#[39]">HardFault_c_handler</a> from hardfault_implementation.o(i.HardFault_c_handler) referenced from hardfault_handler_keil.o(.emb_text)
 <LI><a href="#[30]">I2S_IRQHandler</a> from arm_startup_nrf52840.o(.text) referenced from arm_startup_nrf52840.o(RESET)
 <LI><a href="#[2b]">MWU_IRQHandler</a> from arm_startup_nrf52840.o(.text) referenced from arm_startup_nrf52840.o(RESET)
 <LI><a href="#[6]">MemoryManagement_Handler</a> from arm_startup_nrf52840.o(.text) referenced from arm_startup_nrf52840.o(RESET)
 <LI><a href="#[12]">NFCT_IRQHandler</a> from arm_startup_nrf52840.o(.text) referenced from arm_startup_nrf52840.o(RESET)
 <LI><a href="#[4]">NMI_Handler</a> from arm_startup_nrf52840.o(.text) referenced from arm_startup_nrf52840.o(RESET)
 <LI><a href="#[2a]">PDM_IRQHandler</a> from arm_startup_nrf52840.o(.text) referenced from arm_startup_nrf52840.o(RESET)
 <LI><a href="#[d]">POWER_CLOCK_IRQHandler</a> from nrfx_power.o(i.POWER_CLOCK_IRQHandler) referenced from arm_startup_nrf52840.o(RESET)
 <LI><a href="#[29]">PWM0_IRQHandler</a> from arm_startup_nrf52840.o(.text) referenced from arm_startup_nrf52840.o(RESET)
 <LI><a href="#[2c]">PWM1_IRQHandler</a> from arm_startup_nrf52840.o(.text) referenced from arm_startup_nrf52840.o(RESET)
 <LI><a href="#[2d]">PWM2_IRQHandler</a> from arm_startup_nrf52840.o(.text) referenced from arm_startup_nrf52840.o(RESET)
 <LI><a href="#[36]">PWM3_IRQHandler</a> from arm_startup_nrf52840.o(.text) referenced from arm_startup_nrf52840.o(RESET)
 <LI><a href="#[b]">PendSV_Handler</a> from arm_startup_nrf52840.o(.text) referenced from arm_startup_nrf52840.o(RESET)
 <LI><a href="#[1f]">QDEC_IRQHandler</a> from arm_startup_nrf52840.o(.text) referenced from arm_startup_nrf52840.o(RESET)
 <LI><a href="#[34]">QSPI_IRQHandler</a> from arm_startup_nrf52840.o(.text) referenced from arm_startup_nrf52840.o(RESET)
 <LI><a href="#[e]">RADIO_IRQHandler</a> from arm_startup_nrf52840.o(.text) referenced from arm_startup_nrf52840.o(RESET)
 <LI><a href="#[1a]">RNG_IRQHandler</a> from arm_startup_nrf52840.o(.text) referenced from arm_startup_nrf52840.o(RESET)
 <LI><a href="#[18]">RTC0_IRQHandler</a> from arm_startup_nrf52840.o(.text) referenced from arm_startup_nrf52840.o(RESET)
 <LI><a href="#[1e]">RTC1_IRQHandler</a> from drv_rtc.o(i.RTC1_IRQHandler) referenced from arm_startup_nrf52840.o(RESET)
 <LI><a href="#[2f]">RTC2_IRQHandler</a> from arm_startup_nrf52840.o(.text) referenced from arm_startup_nrf52840.o(RESET)
 <LI><a href="#[3]">Reset_Handler</a> from arm_startup_nrf52840.o(.text) referenced from arm_startup_nrf52840.o(RESET)
 <LI><a href="#[14]">SAADC_IRQHandler</a> from arm_startup_nrf52840.o(.text) referenced from arm_startup_nrf52840.o(RESET)
 <LI><a href="#[10]">SPIM0_SPIS0_TWIM0_TWIS0_SPI0_TWI0_IRQHandler</a> from arm_startup_nrf52840.o(.text) referenced from arm_startup_nrf52840.o(RESET)
 <LI><a href="#[11]">SPIM1_SPIS1_TWIM1_TWIS1_SPI1_TWI1_IRQHandler</a> from arm_startup_nrf52840.o(.text) referenced from arm_startup_nrf52840.o(RESET)
 <LI><a href="#[2e]">SPIM2_SPIS2_SPI2_IRQHandler</a> from arm_startup_nrf52840.o(.text) referenced from arm_startup_nrf52840.o(RESET)
 <LI><a href="#[37]">SPIM3_IRQHandler</a> from arm_startup_nrf52840.o(.text) referenced from arm_startup_nrf52840.o(RESET)
 <LI><a href="#[9]">SVC_Handler</a> from arm_startup_nrf52840.o(.text) referenced from arm_startup_nrf52840.o(RESET)
 <LI><a href="#[21]">SWI0_EGU0_IRQHandler</a> from arm_startup_nrf52840.o(.text) referenced from arm_startup_nrf52840.o(RESET)
 <LI><a href="#[22]">SWI1_EGU1_IRQHandler</a> from arm_startup_nrf52840.o(.text) referenced from arm_startup_nrf52840.o(RESET)
 <LI><a href="#[23]">SWI2_EGU2_IRQHandler</a> from arm_startup_nrf52840.o(.text) referenced from arm_startup_nrf52840.o(RESET)
 <LI><a href="#[24]">SWI3_EGU3_IRQHandler</a> from arm_startup_nrf52840.o(.text) referenced from arm_startup_nrf52840.o(RESET)
 <LI><a href="#[25]">SWI4_EGU4_IRQHandler</a> from arm_startup_nrf52840.o(.text) referenced from arm_startup_nrf52840.o(RESET)
 <LI><a href="#[26]">SWI5_EGU5_IRQHandler</a> from arm_startup_nrf52840.o(.text) referenced from arm_startup_nrf52840.o(RESET)
 <LI><a href="#[c]">SysTick_Handler</a> from arm_startup_nrf52840.o(.text) referenced from arm_startup_nrf52840.o(RESET)
 <LI><a href="#[3a]">SystemInit</a> from system_nrf52840.o(i.SystemInit) referenced from arm_startup_nrf52840.o(.text)
 <LI><a href="#[19]">TEMP_IRQHandler</a> from arm_startup_nrf52840.o(.text) referenced from arm_startup_nrf52840.o(RESET)
 <LI><a href="#[15]">TIMER0_IRQHandler</a> from arm_startup_nrf52840.o(.text) referenced from arm_startup_nrf52840.o(RESET)
 <LI><a href="#[16]">TIMER1_IRQHandler</a> from arm_startup_nrf52840.o(.text) referenced from arm_startup_nrf52840.o(RESET)
 <LI><a href="#[17]">TIMER2_IRQHandler</a> from arm_startup_nrf52840.o(.text) referenced from arm_startup_nrf52840.o(RESET)
 <LI><a href="#[27]">TIMER3_IRQHandler</a> from arm_startup_nrf52840.o(.text) referenced from arm_startup_nrf52840.o(RESET)
 <LI><a href="#[28]">TIMER4_IRQHandler</a> from arm_startup_nrf52840.o(.text) referenced from arm_startup_nrf52840.o(RESET)
 <LI><a href="#[f]">UARTE0_UART0_IRQHandler</a> from nrfx_prs.o(i.UARTE0_UART0_IRQHandler) referenced from arm_startup_nrf52840.o(RESET)
 <LI><a href="#[33]">UARTE1_IRQHandler</a> from arm_startup_nrf52840.o(.text) referenced from arm_startup_nrf52840.o(RESET)
 <LI><a href="#[32]">USBD_IRQHandler</a> from usb_dc_nrf5x.o(i.USBD_IRQHandler) referenced from arm_startup_nrf52840.o(RESET)
 <LI><a href="#[8]">UsageFault_Handler</a> from arm_startup_nrf52840.o(.text) referenced from arm_startup_nrf52840.o(RESET)
 <LI><a href="#[1d]">WDT_IRQHandler</a> from arm_startup_nrf52840.o(.text) referenced from arm_startup_nrf52840.o(RESET)
 <LI><a href="#[3b]">__main</a> from entry.o(.ARM.Collect$$$$00000000) referenced from arm_startup_nrf52840.o(.text)
 <LI><a href="#[71]">backend_name_get</a> from nrf_log_frontend.o(i.backend_name_get) referenced from nrf_log_frontend.o(.constdata)
 <LI><a href="#[4b]">cdc_acm_class_request_handler</a> from usbd_cdc.o(i.cdc_acm_class_request_handler) referenced from usbd_cdc.o(i.usbd_cdc_add_acm_interface)
 <LI><a href="#[4c]">cdc_notify_handler</a> from usbd_cdc.o(i.cdc_notify_handler) referenced from usbd_cdc.o(i.usbd_cdc_add_acm_interface)
 <LI><a href="#[64]">cli_uart_enable</a> from nrf_cli_uart.o(i.cli_uart_enable) referenced from nrf_cli_uart.o(.constdata)
 <LI><a href="#[62]">cli_uart_init</a> from nrf_cli_uart.o(i.cli_uart_init) referenced from nrf_cli_uart.o(.constdata)
 <LI><a href="#[66]">cli_uart_read</a> from nrf_cli_uart.o(i.cli_uart_read) referenced from nrf_cli_uart.o(.constdata)
 <LI><a href="#[63]">cli_uart_uninit</a> from nrf_cli_uart.o(i.cli_uart_uninit) referenced from nrf_cli_uart.o(.constdata)
 <LI><a href="#[65]">cli_uart_write</a> from nrf_cli_uart.o(i.cli_uart_write) referenced from nrf_cli_uart.o(.constdata)
 <LI><a href="#[46]">clock_irq_handler</a> from nrf_drv_clock.o(i.clock_irq_handler) referenced from nrf_drv_clock.o(i.nrf_drv_clock_init)
 <LI><a href="#[4f]">compare_func</a> from app_timer2.o(i.compare_func) referenced from app_timer2.o(.constdata)
 <LI><a href="#[3c]">fputc</a> from retarget.o(i.fputc) referenced from printf8.o(i.__0printf$8)
 <LI><a href="#[6d]">log_backend_ctrl</a> from nrf_log_frontend.o(i.log_backend_ctrl) referenced 2 times from nrf_log_frontend.o(.constdata)
 <LI><a href="#[6e]">log_backend_go</a> from nrf_log_frontend.o(i.log_backend_go) referenced from nrf_log_frontend.o(.constdata)
 <LI><a href="#[6f]">log_backend_halt</a> from nrf_log_frontend.o(i.log_backend_halt) referenced from nrf_log_frontend.o(.constdata)
 <LI><a href="#[70]">log_backend_status</a> from nrf_log_frontend.o(i.log_backend_status) referenced from nrf_log_frontend.o(.constdata)
 <LI><a href="#[79]">log_cmd</a> from nrf_log_frontend.o(i.log_cmd) referenced from nrf_log_frontend.o(.constdata)
 <LI><a href="#[77]">log_cmd_backends_list</a> from nrf_log_frontend.o(i.log_cmd_backends_list) referenced from nrf_log_frontend.o(.constdata)
 <LI><a href="#[72]">log_config_load_cmd</a> from nrf_log_frontend.o(i.log_config_load_cmd) referenced from nrf_log_frontend.o(.constdata)
 <LI><a href="#[73]">log_config_store_cmd</a> from nrf_log_frontend.o(i.log_config_store_cmd) referenced from nrf_log_frontend.o(.constdata)
 <LI><a href="#[41]">log_ctrl</a> from nrf_log_frontend.o(i.log_ctrl) referenced from nrf_log_frontend.o(i.log_backend_ctrl)
 <LI><a href="#[42]">log_go</a> from nrf_log_frontend.o(i.log_go) referenced from nrf_log_frontend.o(i.log_backend_go)
 <LI><a href="#[43]">log_halt</a> from nrf_log_frontend.o(i.log_halt) referenced from nrf_log_frontend.o(i.log_backend_halt)
 <LI><a href="#[74]">log_self_ctrl</a> from nrf_log_frontend.o(i.log_self_ctrl) referenced 2 times from nrf_log_frontend.o(.constdata)
 <LI><a href="#[75]">log_self_go</a> from nrf_log_frontend.o(i.log_self_go) referenced from nrf_log_frontend.o(.constdata)
 <LI><a href="#[76]">log_self_halt</a> from nrf_log_frontend.o(i.log_self_halt) referenced from nrf_log_frontend.o(.constdata)
 <LI><a href="#[78]">log_self_status</a> from nrf_log_frontend.o(i.log_self_status) referenced from nrf_log_frontend.o(.constdata)
 <LI><a href="#[44]">log_status</a> from nrf_log_frontend.o(i.log_status) referenced from nrf_log_frontend.o(i.log_backend_status)
 <LI><a href="#[38]">main</a> from main.o(i.main) referenced from entry9a.o(.ARM.Collect$$$$0000000B)
 <LI><a href="#[6b]">module_name_get</a> from nrf_log_frontend.o(i.module_name_get) referenced from nrf_log_frontend.o(.constdata)
 <LI><a href="#[50]">nrf_balloc_status</a> from nrf_balloc.o(i.nrf_balloc_status) referenced 2 times from nrf_balloc.o(.constdata)
 <LI><a href="#[5e]">nrf_cli_cmd_clear</a> from nrf_cli.o(i.nrf_cli_cmd_clear) referenced from nrf_cli.o(.constdata)
 <LI><a href="#[5f]">nrf_cli_cmd_cli</a> from nrf_cli.o(i.nrf_cli_cmd_cli) referenced from nrf_cli.o(.constdata)
 <LI><a href="#[5c]">nrf_cli_cmd_cli_stats</a> from nrf_cli.o(i.nrf_cli_cmd_cli_stats) referenced from nrf_cli.o(.constdata)
 <LI><a href="#[58]">nrf_cli_cmd_cli_stats_reset</a> from nrf_cli.o(i.nrf_cli_cmd_cli_stats_reset) referenced from nrf_cli.o(.constdata)
 <LI><a href="#[59]">nrf_cli_cmd_cli_stats_show</a> from nrf_cli.o(i.nrf_cli_cmd_cli_stats_show) referenced from nrf_cli.o(.constdata)
 <LI><a href="#[5a]">nrf_cli_cmd_colors</a> from nrf_cli.o(i.nrf_cli_cmd_colors) referenced from nrf_cli.o(.constdata)
 <LI><a href="#[54]">nrf_cli_cmd_colors_off</a> from nrf_cli.o(i.nrf_cli_cmd_colors_off) referenced from nrf_cli.o(.constdata)
 <LI><a href="#[55]">nrf_cli_cmd_colors_on</a> from nrf_cli.o(i.nrf_cli_cmd_colors_on) referenced from nrf_cli.o(.constdata)
 <LI><a href="#[5b]">nrf_cli_cmd_echo</a> from nrf_cli.o(i.nrf_cli_cmd_echo) referenced from nrf_cli.o(.constdata)
 <LI><a href="#[56]">nrf_cli_cmd_echo_off</a> from nrf_cli.o(i.nrf_cli_cmd_echo_off) referenced from nrf_cli.o(.constdata)
 <LI><a href="#[57]">nrf_cli_cmd_echo_on</a> from nrf_cli.o(i.nrf_cli_cmd_echo_on) referenced from nrf_cli.o(.constdata)
 <LI><a href="#[60]">nrf_cli_cmd_history</a> from nrf_cli.o(i.nrf_cli_cmd_history) referenced from nrf_cli.o(.constdata)
 <LI><a href="#[61]">nrf_cli_cmd_resize</a> from nrf_cli.o(i.nrf_cli_cmd_resize) referenced from nrf_cli.o(.constdata)
 <LI><a href="#[5d]">nrf_cli_cmd_resize_default</a> from nrf_cli.o(i.nrf_cli_cmd_resize_default) referenced from nrf_cli.o(.constdata)
 <LI><a href="#[0]">nrf_cli_print_stream</a> from nrf_cli.o(i.nrf_cli_print_stream) referenced 2 times from main.o(.data)
 <LI><a href="#[53]">nrf_log_backend_cli_flush</a> from nrf_cli.o(i.nrf_log_backend_cli_flush) referenced from nrf_cli.o(.constdata)
 <LI><a href="#[52]">nrf_log_backend_cli_panic_set</a> from nrf_cli.o(i.nrf_log_backend_cli_panic_set) referenced from nrf_cli.o(.constdata)
 <LI><a href="#[51]">nrf_log_backend_cli_put</a> from nrf_cli.o(i.nrf_log_backend_cli_put) referenced from nrf_cli.o(.constdata)
 <LI><a href="#[6a]">nrf_log_backend_uart_flush</a> from nrf_log_backend_uart.o(i.nrf_log_backend_uart_flush) referenced from nrf_log_backend_uart.o(.constdata)
 <LI><a href="#[69]">nrf_log_backend_uart_panic_set</a> from nrf_log_backend_uart.o(i.nrf_log_backend_uart_panic_set) referenced from nrf_log_backend_uart.o(.constdata)
 <LI><a href="#[68]">nrf_log_backend_uart_put</a> from nrf_log_backend_uart.o(i.nrf_log_backend_uart_put) referenced from nrf_log_backend_uart.o(.constdata)
 <LI><a href="#[67]">nrf_queue_status</a> from nrf_queue.o(i.nrf_queue_status) referenced 2 times from nrf_queue.o(.constdata)
 <LI><a href="#[4d]">nrfx_uart_0_irq_handler</a> from nrfx_uart.o(i.nrfx_uart_0_irq_handler) referenced from nrfx_uart.o(.constdata)
 <LI><a href="#[4e]">nrfx_uarte_0_irq_handler</a> from nrfx_uarte.o(i.nrfx_uarte_0_irq_handler) referenced from nrfx_uarte.o(.constdata)
 <LI><a href="#[3d]">rtc_irq</a> from app_timer2.o(i.rtc_irq) referenced from app_timer2.o(i.app_timer_init)
 <LI><a href="#[49]">serial_tx</a> from nrf_log_backend_uart.o(i.serial_tx) referenced from nrf_log_backend_uart.o(i.nrf_log_backend_uart_put)
 <LI><a href="#[6c]">severity_lvl_get</a> from nrf_log_frontend.o(i.severity_lvl_get) referenced from nrf_log_frontend.o(.constdata)
 <LI><a href="#[3f]">timer_handler</a> from nrf_cli_uart.o(i.timer_handler) referenced from nrf_cli_uart.o(i.cli_uart_enable)
 <LI><a href="#[45]">uart_error_handle</a> from main.o(i.uart_error_handle) referenced from main.o(i.main)
 <LI><a href="#[3e]">uart_event_handler</a> from app_uart_fifo.o(i.uart_event_handler) referenced from app_uart_fifo.o(i.app_uart_init)
 <LI><a href="#[40]">uart_event_handler</a> from nrf_cli_uart.o(i.uart_event_handler) referenced from nrf_cli_uart.o(i.cli_uart_init)
 <LI><a href="#[48]">uart_evt_handler</a> from nrf_drv_uart.o(i.uart_evt_handler) referenced from nrf_drv_uart.o(i.nrf_drv_uart_init)
 <LI><a href="#[4a]">uart_evt_handler</a> from nrf_log_backend_uart.o(i.uart_evt_handler) referenced from nrf_log_backend_uart.o(i.uart_init)
 <LI><a href="#[47]">uarte_evt_handler</a> from nrf_drv_uart.o(i.uarte_evt_handler) referenced from nrf_drv_uart.o(i.nrf_drv_uart_init)
 <LI><a href="#[2]">usbd_cdc_acm_in</a> from cdc_acm_template.o(i.usbd_cdc_acm_in) referenced 2 times from cdc_acm_template.o(.data)
 <LI><a href="#[1]">usbd_cdc_acm_out</a> from cdc_acm_template.o(i.usbd_cdc_acm_out) referenced 2 times from cdc_acm_template.o(.data)
</UL>
<P>
<H3>
Global Symbols
</H3>
<P><STRONG><a name="[3b]"></a>__main</STRONG> (Thumb, 0 bytes, Stack size unknown bytes, entry.o(.ARM.Collect$$$$00000000))
<BR>[Address Reference Count : 1]<UL><LI> arm_startup_nrf52840.o(.text)
</UL>
<P><STRONG><a name="[203]"></a>_main_stk</STRONG> (Thumb, 0 bytes, Stack size unknown bytes, entry2.o(.ARM.Collect$$$$00000001))

<P><STRONG><a name="[7a]"></a>_main_scatterload</STRONG> (Thumb, 0 bytes, Stack size unknown bytes, entry5.o(.ARM.Collect$$$$00000004))
<BR><BR>[Calls]<UL><LI><a href="#[7b]">&gt;&gt;</a>&nbsp;&nbsp;&nbsp;__scatterload
</UL>

<P><STRONG><a name="[86]"></a>__main_after_scatterload</STRONG> (Thumb, 0 bytes, Stack size unknown bytes, entry5.o(.ARM.Collect$$$$00000004))
<BR><BR>[Called By]<UL><LI><a href="#[7b]">&gt;&gt;</a>&nbsp;&nbsp;&nbsp;__scatterload
</UL>

<P><STRONG><a name="[204]"></a>_main_clock</STRONG> (Thumb, 0 bytes, Stack size unknown bytes, entry7b.o(.ARM.Collect$$$$00000008))

<P><STRONG><a name="[205]"></a>_main_cpp_init</STRONG> (Thumb, 0 bytes, Stack size unknown bytes, entry8b.o(.ARM.Collect$$$$0000000A))

<P><STRONG><a name="[206]"></a>_main_init</STRONG> (Thumb, 0 bytes, Stack size unknown bytes, entry9a.o(.ARM.Collect$$$$0000000B))

<P><STRONG><a name="[207]"></a>__rt_lib_shutdown_fini</STRONG> (Thumb, 0 bytes, Stack size unknown bytes, entry12b.o(.ARM.Collect$$$$0000000E))

<P><STRONG><a name="[208]"></a>__rt_final_cpp</STRONG> (Thumb, 0 bytes, Stack size unknown bytes, entry10a.o(.ARM.Collect$$$$0000000F))

<P><STRONG><a name="[209]"></a>__rt_final_exit</STRONG> (Thumb, 0 bytes, Stack size unknown bytes, entry11a.o(.ARM.Collect$$$$00000011))

<P><STRONG><a name="[7c]"></a>app_error_handler</STRONG> (Thumb, 26 bytes, Stack size 0 bytes, app_error_handler_keil.o(.emb_text))
<BR><BR>[Stack]<UL><LI>Max Depth = 336<LI>Call Chain = app_error_handler &rArr; app_error_fault_handler &rArr; nrf_log_frontend_std_5 &rArr; std_n &rArr; nrf_log_frontend_dequeue &rArr; nrf_memobj_write &rArr;  assert_nrf_callback (Cycle)
</UL>
<BR>[Calls]<UL><LI><a href="#[7d]">&gt;&gt;</a>&nbsp;&nbsp;&nbsp;app_error_fault_handler
</UL>
<BR>[Called By]<UL><LI><a href="#[189]">&gt;&gt;</a>&nbsp;&nbsp;&nbsp;uart_init
<LI><a href="#[49]">&gt;&gt;</a>&nbsp;&nbsp;&nbsp;serial_tx
<LI><a href="#[125]">&gt;&gt;</a>&nbsp;&nbsp;&nbsp;init_power_clock
<LI><a href="#[45]">&gt;&gt;</a>&nbsp;&nbsp;&nbsp;uart_error_handle
<LI><a href="#[38]">&gt;&gt;</a>&nbsp;&nbsp;&nbsp;main
</UL>

<P><STRONG><a name="[5]"></a>HardFault_Handler</STRONG> (Thumb, 40 bytes, Stack size 0 bytes, hardfault_handler_keil.o(.emb_text))
<BR>[Address Reference Count : 1]<UL><LI> arm_startup_nrf52840.o(RESET)
</UL>
<P><STRONG><a name="[15c]"></a>__asm___12_nrf_atomic_c_85ca2469__nrf_atomic_internal_mov</STRONG> (Thumb, 24 bytes, Stack size 0 bytes, nrf_atomic.o(.emb_text))
<BR><BR>[Called By]<UL><LI><a href="#[10a]">&gt;&gt;</a>&nbsp;&nbsp;&nbsp;nrf_atomic_u32_fetch_store
</UL>

<P><STRONG><a name="[15b]"></a>__asm___12_nrf_atomic_c_85ca2469__nrf_atomic_internal_orr</STRONG> (Thumb, 26 bytes, Stack size 0 bytes, nrf_atomic.o(.emb_text))
<BR><BR>[Called By]<UL><LI><a href="#[156]">&gt;&gt;</a>&nbsp;&nbsp;&nbsp;nrf_atomic_u32_or
<LI><a href="#[158]">&gt;&gt;</a>&nbsp;&nbsp;&nbsp;nrf_atomic_u32_fetch_or
</UL>

<P><STRONG><a name="[15a]"></a>__asm___12_nrf_atomic_c_85ca2469__nrf_atomic_internal_and</STRONG> (Thumb, 26 bytes, Stack size 0 bytes, nrf_atomic.o(.emb_text))
<BR><BR>[Called By]<UL><LI><a href="#[155]">&gt;&gt;</a>&nbsp;&nbsp;&nbsp;nrf_atomic_u32_fetch_and
<LI><a href="#[154]">&gt;&gt;</a>&nbsp;&nbsp;&nbsp;nrf_atomic_u32_and
</UL>

<P><STRONG><a name="[20a]"></a>__asm___12_nrf_atomic_c_85ca2469__nrf_atomic_internal_eor</STRONG> (Thumb, 26 bytes, Stack size 0 bytes, nrf_atomic.o(.emb_text), UNUSED)

<P><STRONG><a name="[159]"></a>__asm___12_nrf_atomic_c_85ca2469__nrf_atomic_internal_add</STRONG> (Thumb, 26 bytes, Stack size 0 bytes, nrf_atomic.o(.emb_text))
<BR><BR>[Called By]<UL><LI><a href="#[d7]">&gt;&gt;</a>&nbsp;&nbsp;&nbsp;nrf_atomic_u32_add
</UL>

<P><STRONG><a name="[15e]"></a>__asm___12_nrf_atomic_c_85ca2469__nrf_atomic_internal_sub</STRONG> (Thumb, 26 bytes, Stack size 0 bytes, nrf_atomic.o(.emb_text))
<BR><BR>[Called By]<UL><LI><a href="#[15d]">&gt;&gt;</a>&nbsp;&nbsp;&nbsp;nrf_atomic_u32_sub
</UL>

<P><STRONG><a name="[20b]"></a>__asm___12_nrf_atomic_c_85ca2469__nrf_atomic_internal_cmp_exch</STRONG> (Thumb, 42 bytes, Stack size 0 bytes, nrf_atomic.o(.emb_text), UNUSED)

<P><STRONG><a name="[20c]"></a>__asm___12_nrf_atomic_c_85ca2469__nrf_atomic_internal_sub_hs</STRONG> (Thumb, 30 bytes, Stack size 0 bytes, nrf_atomic.o(.emb_text), UNUSED)

<P><STRONG><a name="[14e]"></a>__asm___12_nrf_atfifo_c_51f461e1__nrf_atfifo_wspace_req</STRONG> (Thumb, 56 bytes, Stack size 0 bytes, nrf_atfifo.o(.emb_text))
<BR><BR>[Called By]<UL><LI><a href="#[14d]">&gt;&gt;</a>&nbsp;&nbsp;&nbsp;nrf_atfifo_item_alloc
</UL>

<P><STRONG><a name="[7e]"></a>__asm___12_nrf_atfifo_c_51f461e1__nrf_atfifo_wspace_close</STRONG> (Thumb, 18 bytes, Stack size 0 bytes, nrf_atfifo.o(.emb_text))
<BR><BR>[Calls]<UL><LI><a href="#[7e]">&gt;&gt;</a>&nbsp;&nbsp;&nbsp;__asm___12_nrf_atfifo_c_51f461e1__nrf_atfifo_wspace_close
</UL>
<BR>[Called By]<UL><LI><a href="#[7e]">&gt;&gt;</a>&nbsp;&nbsp;&nbsp;__asm___12_nrf_atfifo_c_51f461e1__nrf_atfifo_wspace_close
<LI><a href="#[152]">&gt;&gt;</a>&nbsp;&nbsp;&nbsp;nrf_atfifo_item_put
</UL>

<P><STRONG><a name="[151]"></a>__asm___12_nrf_atfifo_c_51f461e1__nrf_atfifo_rspace_req</STRONG> (Thumb, 58 bytes, Stack size 0 bytes, nrf_atfifo.o(.emb_text))
<BR><BR>[Called By]<UL><LI><a href="#[150]">&gt;&gt;</a>&nbsp;&nbsp;&nbsp;nrf_atfifo_item_get
</UL>

<P><STRONG><a name="[7f]"></a>__asm___12_nrf_atfifo_c_51f461e1__nrf_atfifo_rspace_close</STRONG> (Thumb, 18 bytes, Stack size 0 bytes, nrf_atfifo.o(.emb_text))
<BR><BR>[Calls]<UL><LI><a href="#[7f]">&gt;&gt;</a>&nbsp;&nbsp;&nbsp;__asm___12_nrf_atfifo_c_51f461e1__nrf_atfifo_rspace_close
</UL>
<BR>[Called By]<UL><LI><a href="#[7f]">&gt;&gt;</a>&nbsp;&nbsp;&nbsp;__asm___12_nrf_atfifo_c_51f461e1__nrf_atfifo_rspace_close
<LI><a href="#[14f]">&gt;&gt;</a>&nbsp;&nbsp;&nbsp;nrf_atfifo_item_free
</UL>

<P><STRONG><a name="[20d]"></a>__asm___12_nrf_atfifo_c_51f461e1__nrf_atfifo_space_clear</STRONG> (Thumb, 50 bytes, Stack size 0 bytes, nrf_atfifo.o(.emb_text), UNUSED)

<P><STRONG><a name="[3]"></a>Reset_Handler</STRONG> (Thumb, 8 bytes, Stack size 0 bytes, arm_startup_nrf52840.o(.text))
<BR>[Address Reference Count : 1]<UL><LI> arm_startup_nrf52840.o(RESET)
</UL>
<P><STRONG><a name="[4]"></a>NMI_Handler</STRONG> (Thumb, 2 bytes, Stack size 0 bytes, arm_startup_nrf52840.o(.text))
<BR><BR>[Calls]<UL><LI><a href="#[4]">&gt;&gt;</a>&nbsp;&nbsp;&nbsp;NMI_Handler
</UL>
<BR>[Called By]<UL><LI><a href="#[4]">&gt;&gt;</a>&nbsp;&nbsp;&nbsp;NMI_Handler
</UL>
<BR>[Address Reference Count : 1]<UL><LI> arm_startup_nrf52840.o(RESET)
</UL>
<P><STRONG><a name="[6]"></a>MemoryManagement_Handler</STRONG> (Thumb, 2 bytes, Stack size 0 bytes, arm_startup_nrf52840.o(.text))
<BR><BR>[Calls]<UL><LI><a href="#[6]">&gt;&gt;</a>&nbsp;&nbsp;&nbsp;MemoryManagement_Handler
</UL>
<BR>[Called By]<UL><LI><a href="#[6]">&gt;&gt;</a>&nbsp;&nbsp;&nbsp;MemoryManagement_Handler
</UL>
<BR>[Address Reference Count : 1]<UL><LI> arm_startup_nrf52840.o(RESET)
</UL>
<P><STRONG><a name="[7]"></a>BusFault_Handler</STRONG> (Thumb, 2 bytes, Stack size 0 bytes, arm_startup_nrf52840.o(.text))
<BR><BR>[Calls]<UL><LI><a href="#[7]">&gt;&gt;</a>&nbsp;&nbsp;&nbsp;BusFault_Handler
</UL>
<BR>[Called By]<UL><LI><a href="#[7]">&gt;&gt;</a>&nbsp;&nbsp;&nbsp;BusFault_Handler
</UL>
<BR>[Address Reference Count : 1]<UL><LI> arm_startup_nrf52840.o(RESET)
</UL>
<P><STRONG><a name="[8]"></a>UsageFault_Handler</STRONG> (Thumb, 2 bytes, Stack size 0 bytes, arm_startup_nrf52840.o(.text))
<BR><BR>[Calls]<UL><LI><a href="#[8]">&gt;&gt;</a>&nbsp;&nbsp;&nbsp;UsageFault_Handler
</UL>
<BR>[Called By]<UL><LI><a href="#[8]">&gt;&gt;</a>&nbsp;&nbsp;&nbsp;UsageFault_Handler
</UL>
<BR>[Address Reference Count : 1]<UL><LI> arm_startup_nrf52840.o(RESET)
</UL>
<P><STRONG><a name="[9]"></a>SVC_Handler</STRONG> (Thumb, 2 bytes, Stack size 0 bytes, arm_startup_nrf52840.o(.text))
<BR><BR>[Calls]<UL><LI><a href="#[9]">&gt;&gt;</a>&nbsp;&nbsp;&nbsp;SVC_Handler
</UL>
<BR>[Called By]<UL><LI><a href="#[9]">&gt;&gt;</a>&nbsp;&nbsp;&nbsp;SVC_Handler
</UL>
<BR>[Address Reference Count : 1]<UL><LI> arm_startup_nrf52840.o(RESET)
</UL>
<P><STRONG><a name="[a]"></a>DebugMon_Handler</STRONG> (Thumb, 2 bytes, Stack size 0 bytes, arm_startup_nrf52840.o(.text))
<BR><BR>[Calls]<UL><LI><a href="#[a]">&gt;&gt;</a>&nbsp;&nbsp;&nbsp;DebugMon_Handler
</UL>
<BR>[Called By]<UL><LI><a href="#[a]">&gt;&gt;</a>&nbsp;&nbsp;&nbsp;DebugMon_Handler
</UL>
<BR>[Address Reference Count : 1]<UL><LI> arm_startup_nrf52840.o(RESET)
</UL>
<P><STRONG><a name="[b]"></a>PendSV_Handler</STRONG> (Thumb, 2 bytes, Stack size 0 bytes, arm_startup_nrf52840.o(.text))
<BR><BR>[Calls]<UL><LI><a href="#[b]">&gt;&gt;</a>&nbsp;&nbsp;&nbsp;PendSV_Handler
</UL>
<BR>[Called By]<UL><LI><a href="#[b]">&gt;&gt;</a>&nbsp;&nbsp;&nbsp;PendSV_Handler
</UL>
<BR>[Address Reference Count : 1]<UL><LI> arm_startup_nrf52840.o(RESET)
</UL>
<P><STRONG><a name="[c]"></a>SysTick_Handler</STRONG> (Thumb, 2 bytes, Stack size 0 bytes, arm_startup_nrf52840.o(.text))
<BR><BR>[Calls]<UL><LI><a href="#[c]">&gt;&gt;</a>&nbsp;&nbsp;&nbsp;SysTick_Handler
</UL>
<BR>[Called By]<UL><LI><a href="#[c]">&gt;&gt;</a>&nbsp;&nbsp;&nbsp;SysTick_Handler
</UL>
<BR>[Address Reference Count : 1]<UL><LI> arm_startup_nrf52840.o(RESET)
</UL>
<P><STRONG><a name="[1c]"></a>CCM_AAR_IRQHandler</STRONG> (Thumb, 0 bytes, Stack size 0 bytes, arm_startup_nrf52840.o(.text))
<BR><BR>[Calls]<UL><LI><a href="#[1c]">&gt;&gt;</a>&nbsp;&nbsp;&nbsp;CCM_AAR_IRQHandler
</UL>
<BR>[Called By]<UL><LI><a href="#[1c]">&gt;&gt;</a>&nbsp;&nbsp;&nbsp;CCM_AAR_IRQHandler
</UL>
<BR>[Address Reference Count : 1]<UL><LI> arm_startup_nrf52840.o(RESET)
</UL>
<P><STRONG><a name="[20]"></a>COMP_LPCOMP_IRQHandler</STRONG> (Thumb, 0 bytes, Stack size 0 bytes, arm_startup_nrf52840.o(.text))
<BR>[Address Reference Count : 1]<UL><LI> arm_startup_nrf52840.o(RESET)
</UL>
<P><STRONG><a name="[35]"></a>CRYPTOCELL_IRQHandler</STRONG> (Thumb, 0 bytes, Stack size 0 bytes, arm_startup_nrf52840.o(.text))
<BR>[Address Reference Count : 1]<UL><LI> arm_startup_nrf52840.o(RESET)
</UL>
<P><STRONG><a name="[1b]"></a>ECB_IRQHandler</STRONG> (Thumb, 0 bytes, Stack size 0 bytes, arm_startup_nrf52840.o(.text))
<BR>[Address Reference Count : 1]<UL><LI> arm_startup_nrf52840.o(RESET)
</UL>
<P><STRONG><a name="[31]"></a>FPU_IRQHandler</STRONG> (Thumb, 0 bytes, Stack size 0 bytes, arm_startup_nrf52840.o(.text))
<BR>[Address Reference Count : 1]<UL><LI> arm_startup_nrf52840.o(RESET)
</UL>
<P><STRONG><a name="[30]"></a>I2S_IRQHandler</STRONG> (Thumb, 0 bytes, Stack size 0 bytes, arm_startup_nrf52840.o(.text))
<BR>[Address Reference Count : 1]<UL><LI> arm_startup_nrf52840.o(RESET)
</UL>
<P><STRONG><a name="[2b]"></a>MWU_IRQHandler</STRONG> (Thumb, 0 bytes, Stack size 0 bytes, arm_startup_nrf52840.o(.text))
<BR>[Address Reference Count : 1]<UL><LI> arm_startup_nrf52840.o(RESET)
</UL>
<P><STRONG><a name="[12]"></a>NFCT_IRQHandler</STRONG> (Thumb, 0 bytes, Stack size 0 bytes, arm_startup_nrf52840.o(.text))
<BR>[Address Reference Count : 1]<UL><LI> arm_startup_nrf52840.o(RESET)
</UL>
<P><STRONG><a name="[2a]"></a>PDM_IRQHandler</STRONG> (Thumb, 0 bytes, Stack size 0 bytes, arm_startup_nrf52840.o(.text))
<BR>[Address Reference Count : 1]<UL><LI> arm_startup_nrf52840.o(RESET)
</UL>
<P><STRONG><a name="[29]"></a>PWM0_IRQHandler</STRONG> (Thumb, 0 bytes, Stack size 0 bytes, arm_startup_nrf52840.o(.text))
<BR>[Address Reference Count : 1]<UL><LI> arm_startup_nrf52840.o(RESET)
</UL>
<P><STRONG><a name="[2c]"></a>PWM1_IRQHandler</STRONG> (Thumb, 0 bytes, Stack size 0 bytes, arm_startup_nrf52840.o(.text))
<BR>[Address Reference Count : 1]<UL><LI> arm_startup_nrf52840.o(RESET)
</UL>
<P><STRONG><a name="[2d]"></a>PWM2_IRQHandler</STRONG> (Thumb, 0 bytes, Stack size 0 bytes, arm_startup_nrf52840.o(.text))
<BR>[Address Reference Count : 1]<UL><LI> arm_startup_nrf52840.o(RESET)
</UL>
<P><STRONG><a name="[36]"></a>PWM3_IRQHandler</STRONG> (Thumb, 0 bytes, Stack size 0 bytes, arm_startup_nrf52840.o(.text))
<BR>[Address Reference Count : 1]<UL><LI> arm_startup_nrf52840.o(RESET)
</UL>
<P><STRONG><a name="[1f]"></a>QDEC_IRQHandler</STRONG> (Thumb, 0 bytes, Stack size 0 bytes, arm_startup_nrf52840.o(.text))
<BR>[Address Reference Count : 1]<UL><LI> arm_startup_nrf52840.o(RESET)
</UL>
<P><STRONG><a name="[34]"></a>QSPI_IRQHandler</STRONG> (Thumb, 0 bytes, Stack size 0 bytes, arm_startup_nrf52840.o(.text))
<BR>[Address Reference Count : 1]<UL><LI> arm_startup_nrf52840.o(RESET)
</UL>
<P><STRONG><a name="[e]"></a>RADIO_IRQHandler</STRONG> (Thumb, 0 bytes, Stack size 0 bytes, arm_startup_nrf52840.o(.text))
<BR>[Address Reference Count : 1]<UL><LI> arm_startup_nrf52840.o(RESET)
</UL>
<P><STRONG><a name="[1a]"></a>RNG_IRQHandler</STRONG> (Thumb, 0 bytes, Stack size 0 bytes, arm_startup_nrf52840.o(.text))
<BR>[Address Reference Count : 1]<UL><LI> arm_startup_nrf52840.o(RESET)
</UL>
<P><STRONG><a name="[18]"></a>RTC0_IRQHandler</STRONG> (Thumb, 0 bytes, Stack size 0 bytes, arm_startup_nrf52840.o(.text))
<BR>[Address Reference Count : 1]<UL><LI> arm_startup_nrf52840.o(RESET)
</UL>
<P><STRONG><a name="[2f]"></a>RTC2_IRQHandler</STRONG> (Thumb, 0 bytes, Stack size 0 bytes, arm_startup_nrf52840.o(.text))
<BR>[Address Reference Count : 1]<UL><LI> arm_startup_nrf52840.o(RESET)
</UL>
<P><STRONG><a name="[14]"></a>SAADC_IRQHandler</STRONG> (Thumb, 0 bytes, Stack size 0 bytes, arm_startup_nrf52840.o(.text))
<BR>[Address Reference Count : 1]<UL><LI> arm_startup_nrf52840.o(RESET)
</UL>
<P><STRONG><a name="[10]"></a>SPIM0_SPIS0_TWIM0_TWIS0_SPI0_TWI0_IRQHandler</STRONG> (Thumb, 0 bytes, Stack size 0 bytes, arm_startup_nrf52840.o(.text))
<BR>[Address Reference Count : 1]<UL><LI> arm_startup_nrf52840.o(RESET)
</UL>
<P><STRONG><a name="[11]"></a>SPIM1_SPIS1_TWIM1_TWIS1_SPI1_TWI1_IRQHandler</STRONG> (Thumb, 0 bytes, Stack size 0 bytes, arm_startup_nrf52840.o(.text))
<BR>[Address Reference Count : 1]<UL><LI> arm_startup_nrf52840.o(RESET)
</UL>
<P><STRONG><a name="[2e]"></a>SPIM2_SPIS2_SPI2_IRQHandler</STRONG> (Thumb, 0 bytes, Stack size 0 bytes, arm_startup_nrf52840.o(.text))
<BR>[Address Reference Count : 1]<UL><LI> arm_startup_nrf52840.o(RESET)
</UL>
<P><STRONG><a name="[37]"></a>SPIM3_IRQHandler</STRONG> (Thumb, 0 bytes, Stack size 0 bytes, arm_startup_nrf52840.o(.text))
<BR>[Address Reference Count : 1]<UL><LI> arm_startup_nrf52840.o(RESET)
</UL>
<P><STRONG><a name="[21]"></a>SWI0_EGU0_IRQHandler</STRONG> (Thumb, 0 bytes, Stack size 0 bytes, arm_startup_nrf52840.o(.text))
<BR>[Address Reference Count : 1]<UL><LI> arm_startup_nrf52840.o(RESET)
</UL>
<P><STRONG><a name="[22]"></a>SWI1_EGU1_IRQHandler</STRONG> (Thumb, 0 bytes, Stack size 0 bytes, arm_startup_nrf52840.o(.text))
<BR>[Address Reference Count : 1]<UL><LI> arm_startup_nrf52840.o(RESET)
</UL>
<P><STRONG><a name="[23]"></a>SWI2_EGU2_IRQHandler</STRONG> (Thumb, 0 bytes, Stack size 0 bytes, arm_startup_nrf52840.o(.text))
<BR>[Address Reference Count : 1]<UL><LI> arm_startup_nrf52840.o(RESET)
</UL>
<P><STRONG><a name="[24]"></a>SWI3_EGU3_IRQHandler</STRONG> (Thumb, 0 bytes, Stack size 0 bytes, arm_startup_nrf52840.o(.text))
<BR>[Address Reference Count : 1]<UL><LI> arm_startup_nrf52840.o(RESET)
</UL>
<P><STRONG><a name="[25]"></a>SWI4_EGU4_IRQHandler</STRONG> (Thumb, 0 bytes, Stack size 0 bytes, arm_startup_nrf52840.o(.text))
<BR>[Address Reference Count : 1]<UL><LI> arm_startup_nrf52840.o(RESET)
</UL>
<P><STRONG><a name="[26]"></a>SWI5_EGU5_IRQHandler</STRONG> (Thumb, 0 bytes, Stack size 0 bytes, arm_startup_nrf52840.o(.text))
<BR>[Address Reference Count : 1]<UL><LI> arm_startup_nrf52840.o(RESET)
</UL>
<P><STRONG><a name="[19]"></a>TEMP_IRQHandler</STRONG> (Thumb, 0 bytes, Stack size 0 bytes, arm_startup_nrf52840.o(.text))
<BR>[Address Reference Count : 1]<UL><LI> arm_startup_nrf52840.o(RESET)
</UL>
<P><STRONG><a name="[15]"></a>TIMER0_IRQHandler</STRONG> (Thumb, 0 bytes, Stack size 0 bytes, arm_startup_nrf52840.o(.text))
<BR>[Address Reference Count : 1]<UL><LI> arm_startup_nrf52840.o(RESET)
</UL>
<P><STRONG><a name="[16]"></a>TIMER1_IRQHandler</STRONG> (Thumb, 0 bytes, Stack size 0 bytes, arm_startup_nrf52840.o(.text))
<BR>[Address Reference Count : 1]<UL><LI> arm_startup_nrf52840.o(RESET)
</UL>
<P><STRONG><a name="[17]"></a>TIMER2_IRQHandler</STRONG> (Thumb, 0 bytes, Stack size 0 bytes, arm_startup_nrf52840.o(.text))
<BR>[Address Reference Count : 1]<UL><LI> arm_startup_nrf52840.o(RESET)
</UL>
<P><STRONG><a name="[27]"></a>TIMER3_IRQHandler</STRONG> (Thumb, 0 bytes, Stack size 0 bytes, arm_startup_nrf52840.o(.text))
<BR>[Address Reference Count : 1]<UL><LI> arm_startup_nrf52840.o(RESET)
</UL>
<P><STRONG><a name="[28]"></a>TIMER4_IRQHandler</STRONG> (Thumb, 0 bytes, Stack size 0 bytes, arm_startup_nrf52840.o(.text))
<BR>[Address Reference Count : 1]<UL><LI> arm_startup_nrf52840.o(RESET)
</UL>
<P><STRONG><a name="[33]"></a>UARTE1_IRQHandler</STRONG> (Thumb, 0 bytes, Stack size 0 bytes, arm_startup_nrf52840.o(.text))
<BR>[Address Reference Count : 1]<UL><LI> arm_startup_nrf52840.o(RESET)
</UL>
<P><STRONG><a name="[1d]"></a>WDT_IRQHandler</STRONG> (Thumb, 0 bytes, Stack size 0 bytes, arm_startup_nrf52840.o(.text))
<BR>[Address Reference Count : 1]<UL><LI> arm_startup_nrf52840.o(RESET)
</UL>
<P><STRONG><a name="[122]"></a>__rt_ctype_table</STRONG> (Thumb, 4 bytes, Stack size 0 bytes, ctype_o.o(.text))
<BR><BR>[Called By]<UL><LI><a href="#[f2]">&gt;&gt;</a>&nbsp;&nbsp;&nbsp;nrf_log_hexdump_entry_process
<LI><a href="#[121]">&gt;&gt;</a>&nbsp;&nbsp;&nbsp;format_offset_string_print
</UL>

<P><STRONG><a name="[20e]"></a>___aeabi_memcpy8$move</STRONG> (Thumb, 0 bytes, Stack size 8 bytes, memmovea.o(.text), UNUSED)

<P><STRONG><a name="[14a]"></a>__aeabi_memcpy</STRONG> (Thumb, 64 bytes, Stack size 8 bytes, memmovea.o(.text))
<BR><BR>[Stack]<UL><LI>Max Depth = 8<LI>Call Chain = __aeabi_memcpy
</UL>
<BR>[Called By]<UL><LI><a href="#[149]">&gt;&gt;</a>&nbsp;&nbsp;&nbsp;memobj_op
<LI><a href="#[fb]">&gt;&gt;</a>&nbsp;&nbsp;&nbsp;nrf_ringbuf_cpy_put
<LI><a href="#[fa]">&gt;&gt;</a>&nbsp;&nbsp;&nbsp;nrf_ringbuf_cpy_get
<LI><a href="#[186]">&gt;&gt;</a>&nbsp;&nbsp;&nbsp;nrf_queue_push
<LI><a href="#[ea]">&gt;&gt;</a>&nbsp;&nbsp;&nbsp;nrf_queue_generic_pop
<LI><a href="#[e0]">&gt;&gt;</a>&nbsp;&nbsp;&nbsp;usbd_ep_write
<LI><a href="#[1dc]">&gt;&gt;</a>&nbsp;&nbsp;&nbsp;usbd_ep_read
</UL>

<P><STRONG><a name="[bc]"></a>__aeabi_memcpy4</STRONG> (Thumb, 0 bytes, Stack size 8 bytes, memmovea.o(.text))
<BR><BR>[Stack]<UL><LI>Max Depth = 8<LI>Call Chain = __aeabi_memcpy4
</UL>
<BR>[Called By]<UL><LI><a href="#[bd]">&gt;&gt;</a>&nbsp;&nbsp;&nbsp;nrf_drv_uart_init
<LI><a href="#[189]">&gt;&gt;</a>&nbsp;&nbsp;&nbsp;uart_init
<LI><a href="#[62]">&gt;&gt;</a>&nbsp;&nbsp;&nbsp;cli_uart_init
<LI><a href="#[ba]">&gt;&gt;</a>&nbsp;&nbsp;&nbsp;app_uart_init
<LI><a href="#[38]">&gt;&gt;</a>&nbsp;&nbsp;&nbsp;main
</UL>

<P><STRONG><a name="[20f]"></a>__aeabi_memmove</STRONG> (Thumb, 0 bytes, Stack size 8 bytes, memmovea.o(.text), UNUSED)

<P><STRONG><a name="[210]"></a>__aeabi_memmove4</STRONG> (Thumb, 0 bytes, Stack size 8 bytes, memmovea.o(.text), UNUSED)

<P><STRONG><a name="[211]"></a>__aeabi_memmove8</STRONG> (Thumb, 0 bytes, Stack size 8 bytes, memmovea.o(.text), UNUSED)

<P><STRONG><a name="[81]"></a>__aeabi_memset</STRONG> (Thumb, 14 bytes, Stack size 0 bytes, memseta.o(.text))
<BR><BR>[Called By]<UL><LI><a href="#[82]">&gt;&gt;</a>&nbsp;&nbsp;&nbsp;_memset$wrapper
<LI><a href="#[80]">&gt;&gt;</a>&nbsp;&nbsp;&nbsp;__aeabi_memclr
</UL>

<P><STRONG><a name="[212]"></a>__aeabi_memset4</STRONG> (Thumb, 0 bytes, Stack size 0 bytes, memseta.o(.text), UNUSED)

<P><STRONG><a name="[213]"></a>__aeabi_memset8</STRONG> (Thumb, 0 bytes, Stack size 0 bytes, memseta.o(.text), UNUSED)

<P><STRONG><a name="[80]"></a>__aeabi_memclr</STRONG> (Thumb, 4 bytes, Stack size 0 bytes, memseta.o(.text))
<BR><BR>[Calls]<UL><LI><a href="#[81]">&gt;&gt;</a>&nbsp;&nbsp;&nbsp;__aeabi_memset
</UL>
<BR>[Called By]<UL><LI><a href="#[e0]">&gt;&gt;</a>&nbsp;&nbsp;&nbsp;usbd_ep_write
</UL>

<P><STRONG><a name="[106]"></a>__aeabi_memclr4</STRONG> (Thumb, 0 bytes, Stack size 0 bytes, memseta.o(.text))
<BR><BR>[Called By]<UL><LI><a href="#[188]">&gt;&gt;</a>&nbsp;&nbsp;&nbsp;nrf_log_backend_serial_put
<LI><a href="#[105]">&gt;&gt;</a>&nbsp;&nbsp;&nbsp;cursor_position_get
<LI><a href="#[1db]">&gt;&gt;</a>&nbsp;&nbsp;&nbsp;usb_dc_init
</UL>

<P><STRONG><a name="[214]"></a>__aeabi_memclr8</STRONG> (Thumb, 0 bytes, Stack size 0 bytes, memseta.o(.text), UNUSED)

<P><STRONG><a name="[82]"></a>_memset$wrapper</STRONG> (Thumb, 18 bytes, Stack size 8 bytes, memseta.o(.text), UNUSED)
<BR><BR>[Calls]<UL><LI><a href="#[81]">&gt;&gt;</a>&nbsp;&nbsp;&nbsp;__aeabi_memset
</UL>

<P><STRONG><a name="[f6]"></a>strlen</STRONG> (Thumb, 14 bytes, Stack size 0 bytes, strlen.o(.text))
<BR><BR>[Called By]<UL><LI><a href="#[17b]">&gt;&gt;</a>&nbsp;&nbsp;&nbsp;string_print
<LI><a href="#[f5]">&gt;&gt;</a>&nbsp;&nbsp;&nbsp;cli_strlen
</UL>

<P><STRONG><a name="[d5]"></a>strcmp</STRONG> (Thumb, 28 bytes, Stack size 8 bytes, strcmp.o(.text))
<BR><BR>[Stack]<UL><LI>Max Depth = 8<LI>Call Chain = strcmp
</UL>
<BR>[Called By]<UL><LI><a href="#[d4]">&gt;&gt;</a>&nbsp;&nbsp;&nbsp;backend_find
<LI><a href="#[102]">&gt;&gt;</a>&nbsp;&nbsp;&nbsp;cmd_get
</UL>

<P><STRONG><a name="[13e]"></a>strncmp</STRONG> (Thumb, 30 bytes, Stack size 12 bytes, strncmp.o(.text))
<BR><BR>[Stack]<UL><LI>Max Depth = 12<LI>Call Chain = strncmp
</UL>
<BR>[Called By]<UL><LI><a href="#[142]">&gt;&gt;</a>&nbsp;&nbsp;&nbsp;module_id_get
<LI><a href="#[41]">&gt;&gt;</a>&nbsp;&nbsp;&nbsp;log_ctrl
<LI><a href="#[148]">&gt;&gt;</a>&nbsp;&nbsp;&nbsp;nrf_log_init
</UL>

<P><STRONG><a name="[83]"></a>__aeabi_uldivmod</STRONG> (Thumb, 98 bytes, Stack size 40 bytes, uldiv.o(.text), UNUSED)
<BR><BR>[Calls]<UL><LI><a href="#[84]">&gt;&gt;</a>&nbsp;&nbsp;&nbsp;__aeabi_llsr
<LI><a href="#[85]">&gt;&gt;</a>&nbsp;&nbsp;&nbsp;__aeabi_llsl
</UL>
<BR>[Called By]<UL><LI><a href="#[a2]">&gt;&gt;</a>&nbsp;&nbsp;&nbsp;_printf_core
</UL>

<P><STRONG><a name="[7b]"></a>__scatterload</STRONG> (Thumb, 28 bytes, Stack size 0 bytes, init.o(.text))
<BR><BR>[Calls]<UL><LI><a href="#[86]">&gt;&gt;</a>&nbsp;&nbsp;&nbsp;__main_after_scatterload
</UL>
<BR>[Called By]<UL><LI><a href="#[7a]">&gt;&gt;</a>&nbsp;&nbsp;&nbsp;_main_scatterload
</UL>

<P><STRONG><a name="[215]"></a>__scatterload_rt2</STRONG> (Thumb, 0 bytes, Stack size 0 bytes, init.o(.text), UNUSED)

<P><STRONG><a name="[85]"></a>__aeabi_llsl</STRONG> (Thumb, 30 bytes, Stack size 0 bytes, llshl.o(.text), UNUSED)
<BR><BR>[Called By]<UL><LI><a href="#[83]">&gt;&gt;</a>&nbsp;&nbsp;&nbsp;__aeabi_uldivmod
</UL>

<P><STRONG><a name="[216]"></a>_ll_shift_l</STRONG> (Thumb, 0 bytes, Stack size 0 bytes, llshl.o(.text), UNUSED)

<P><STRONG><a name="[84]"></a>__aeabi_llsr</STRONG> (Thumb, 32 bytes, Stack size 0 bytes, llushr.o(.text), UNUSED)
<BR><BR>[Called By]<UL><LI><a href="#[83]">&gt;&gt;</a>&nbsp;&nbsp;&nbsp;__aeabi_uldivmod
</UL>

<P><STRONG><a name="[217]"></a>_ll_ushift_r</STRONG> (Thumb, 0 bytes, Stack size 0 bytes, llushr.o(.text), UNUSED)

<P><STRONG><a name="[218]"></a>__decompress</STRONG> (Thumb, 0 bytes, Stack size unknown bytes, __dczerorl2.o(.text), UNUSED)

<P><STRONG><a name="[219]"></a>__decompress1</STRONG> (Thumb, 86 bytes, Stack size unknown bytes, __dczerorl2.o(.text), UNUSED)

<P><STRONG><a name="[13]"></a>GPIOTE_IRQHandler</STRONG> (Thumb, 182 bytes, Stack size 40 bytes, nrfx_gpiote.o(i.GPIOTE_IRQHandler))
<BR><BR>[Stack]<UL><LI>Max Depth = 472<LI>Call Chain = GPIOTE_IRQHandler &rArr; port_event_handle &rArr; nrf_gpio_cfg_sense_set &rArr; nrf_gpio_pin_port_decode &rArr; assert_nrf_callback &rArr; app_error_fault_handler &rArr; nrf_log_frontend_std_5 &rArr; std_n &rArr; nrf_log_frontend_dequeue &rArr; nrf_memobj_write &rArr;  assert_nrf_callback (Cycle)
</UL>
<BR>[Calls]<UL><LI><a href="#[8b]">&gt;&gt;</a>&nbsp;&nbsp;&nbsp;port_event_handle
<LI><a href="#[87]">&gt;&gt;</a>&nbsp;&nbsp;&nbsp;nrf_gpiote_event_is_set
<LI><a href="#[88]">&gt;&gt;</a>&nbsp;&nbsp;&nbsp;nrf_gpiote_event_clear
<LI><a href="#[89]">&gt;&gt;</a>&nbsp;&nbsp;&nbsp;nrf_gpio_latches_read_and_clear
<LI><a href="#[8a]">&gt;&gt;</a>&nbsp;&nbsp;&nbsp;channel_handler_get
</UL>
<BR>[Address Reference Count : 1]<UL><LI> arm_startup_nrf52840.o(RESET)
</UL>
<P><STRONG><a name="[39]"></a>HardFault_c_handler</STRONG> (Thumb, 382 bytes, Stack size 32 bytes, hardfault_implementation.o(i.HardFault_c_handler))
<BR><BR>[Stack]<UL><LI>Max Depth = 320<LI>Call Chain = HardFault_c_handler &rArr; nrf_log_frontend_std_4 &rArr; std_n &rArr; nrf_log_frontend_dequeue &rArr; nrf_memobj_write &rArr;  assert_nrf_callback (Cycle)
</UL>
<BR>[Calls]<UL><LI><a href="#[8c]">&gt;&gt;</a>&nbsp;&nbsp;&nbsp;nrf_log_panic
<LI><a href="#[8e]">&gt;&gt;</a>&nbsp;&nbsp;&nbsp;nrf_log_frontend_std_1
<LI><a href="#[91]">&gt;&gt;</a>&nbsp;&nbsp;&nbsp;nrf_log_frontend_std_0
<LI><a href="#[8d]">&gt;&gt;</a>&nbsp;&nbsp;&nbsp;nrf_log_frontend_dequeue
<LI><a href="#[92]">&gt;&gt;</a>&nbsp;&nbsp;&nbsp;HardFault_process
<LI><a href="#[8f]">&gt;&gt;</a>&nbsp;&nbsp;&nbsp;nrf_log_frontend_std_4
<LI><a href="#[90]">&gt;&gt;</a>&nbsp;&nbsp;&nbsp;nrf_log_frontend_std_3
</UL>
<BR>[Address Reference Count : 1]<UL><LI> hardfault_handler_keil.o(.emb_text)
</UL>
<P><STRONG><a name="[92]"></a>HardFault_process</STRONG> (Thumb, 60 bytes, Stack size 0 bytes, hardfault_implementation.o(i.HardFault_process))
<BR><BR>[Called By]<UL><LI><a href="#[39]">&gt;&gt;</a>&nbsp;&nbsp;&nbsp;HardFault_c_handler
</UL>

<P><STRONG><a name="[d]"></a>POWER_CLOCK_IRQHandler</STRONG> (Thumb, 12 bytes, Stack size 8 bytes, nrfx_power.o(i.POWER_CLOCK_IRQHandler))
<BR><BR>[Stack]<UL><LI>Max Depth = 376<LI>Call Chain = POWER_CLOCK_IRQHandler &rArr; nrfx_power_irq_handler &rArr; assert_nrf_callback &rArr; app_error_fault_handler &rArr; nrf_log_frontend_std_5 &rArr; std_n &rArr; nrf_log_frontend_dequeue &rArr; nrf_memobj_write &rArr;  assert_nrf_callback (Cycle)
</UL>
<BR>[Calls]<UL><LI><a href="#[94]">&gt;&gt;</a>&nbsp;&nbsp;&nbsp;nrfx_clock_irq_handler
<LI><a href="#[93]">&gt;&gt;</a>&nbsp;&nbsp;&nbsp;nrfx_power_irq_handler
</UL>
<BR>[Address Reference Count : 1]<UL><LI> arm_startup_nrf52840.o(RESET)
</UL>
<P><STRONG><a name="[1e]"></a>RTC1_IRQHandler</STRONG> (Thumb, 14 bytes, Stack size 8 bytes, drv_rtc.o(i.RTC1_IRQHandler))
<BR><BR>[Stack]<UL><LI>Max Depth = 8<LI>Call Chain = RTC1_IRQHandler
</UL>
<BR>[Address Reference Count : 1]<UL><LI> arm_startup_nrf52840.o(RESET)
</UL>
<P><STRONG><a name="[9c]"></a>SystemCoreClockUpdate</STRONG> (Thumb, 8 bytes, Stack size 0 bytes, system_nrf52840.o(i.SystemCoreClockUpdate))
<BR><BR>[Called By]<UL><LI><a href="#[3a]">&gt;&gt;</a>&nbsp;&nbsp;&nbsp;SystemInit
</UL>

<P><STRONG><a name="[3a]"></a>SystemInit</STRONG> (Thumb, 494 bytes, Stack size 8 bytes, system_nrf52840.o(i.SystemInit))
<BR><BR>[Stack]<UL><LI>Max Depth = 8<LI>Call Chain = SystemInit
</UL>
<BR>[Calls]<UL><LI><a href="#[9b]">&gt;&gt;</a>&nbsp;&nbsp;&nbsp;nrf52_errata_136
<LI><a href="#[9a]">&gt;&gt;</a>&nbsp;&nbsp;&nbsp;nrf52_errata_120
<LI><a href="#[99]">&gt;&gt;</a>&nbsp;&nbsp;&nbsp;nrf52_errata_115
<LI><a href="#[98]">&gt;&gt;</a>&nbsp;&nbsp;&nbsp;nrf52_errata_103
<LI><a href="#[97]">&gt;&gt;</a>&nbsp;&nbsp;&nbsp;nrf52_errata_98
<LI><a href="#[96]">&gt;&gt;</a>&nbsp;&nbsp;&nbsp;nrf52_errata_66
<LI><a href="#[95]">&gt;&gt;</a>&nbsp;&nbsp;&nbsp;nrf52_errata_36
<LI><a href="#[9c]">&gt;&gt;</a>&nbsp;&nbsp;&nbsp;SystemCoreClockUpdate
</UL>
<BR>[Address Reference Count : 1]<UL><LI> arm_startup_nrf52840.o(.text)
</UL>
<P><STRONG><a name="[f]"></a>UARTE0_UART0_IRQHandler</STRONG> (Thumb, 24 bytes, Stack size 8 bytes, nrfx_prs.o(i.UARTE0_UART0_IRQHandler))
<BR><BR>[Stack]<UL><LI>Max Depth = 368<LI>Call Chain = UARTE0_UART0_IRQHandler &rArr; assert_nrf_callback &rArr; app_error_fault_handler &rArr; nrf_log_frontend_std_5 &rArr; std_n &rArr; nrf_log_frontend_dequeue &rArr; nrf_memobj_write &rArr;  assert_nrf_callback (Cycle)
</UL>
<BR>[Calls]<UL><LI><a href="#[9d]">&gt;&gt;</a>&nbsp;&nbsp;&nbsp;assert_nrf_callback
</UL>
<BR>[Address Reference Count : 1]<UL><LI> arm_startup_nrf52840.o(RESET)
</UL>
<P><STRONG><a name="[32]"></a>USBD_IRQHandler</STRONG> (Thumb, 1212 bytes, Stack size 24 bytes, usb_dc_nrf5x.o(i.USBD_IRQHandler))
<BR><BR>[Stack]<UL><LI>Max Depth = 220<LI>Call Chain = USBD_IRQHandler &rArr; usbd_event_notify_handler &rArr; usbd_ep0_out_handler &rArr; usbd_setup_request_handler &rArr; usbd_standard_request_handler &rArr; usbd_std_interface_req_handler &rArr; usbd_set_interface &rArr;  usbd_event_notify_handler (Cycle)
</UL>
<BR>[Calls]<UL><LI><a href="#[9e]">&gt;&gt;</a>&nbsp;&nbsp;&nbsp;nrf_usbd_ep_easydma_set_rx
<LI><a href="#[a0]">&gt;&gt;</a>&nbsp;&nbsp;&nbsp;get_setup_packet
<LI><a href="#[9f]">&gt;&gt;</a>&nbsp;&nbsp;&nbsp;usbd_event_notify_handler
</UL>
<BR>[Address Reference Count : 1]<UL><LI> arm_startup_nrf52840.o(RESET)
</UL>
<P><STRONG><a name="[a1]"></a>__0printf$8</STRONG> (Thumb, 22 bytes, Stack size 24 bytes, printf8.o(i.__0printf$8), UNUSED)
<BR><BR>[Calls]<UL><LI><a href="#[a2]">&gt;&gt;</a>&nbsp;&nbsp;&nbsp;_printf_core
</UL>

<P><STRONG><a name="[21a]"></a>__1printf$8</STRONG> (Thumb, 0 bytes, Stack size 24 bytes, printf8.o(i.__0printf$8), UNUSED)

<P><STRONG><a name="[de]"></a>__2printf</STRONG> (Thumb, 0 bytes, Stack size 24 bytes, printf8.o(i.__0printf$8))
<BR><BR>[Stack]<UL><LI>Max Depth = 24<LI>Call Chain = __2printf
</UL>
<BR>[Called By]<UL><LI><a href="#[1]">&gt;&gt;</a>&nbsp;&nbsp;&nbsp;usbd_cdc_acm_out
<LI><a href="#[2]">&gt;&gt;</a>&nbsp;&nbsp;&nbsp;usbd_cdc_acm_in
<LI><a href="#[38]">&gt;&gt;</a>&nbsp;&nbsp;&nbsp;main
<LI><a href="#[4b]">&gt;&gt;</a>&nbsp;&nbsp;&nbsp;cdc_acm_class_request_handler
<LI><a href="#[9f]">&gt;&gt;</a>&nbsp;&nbsp;&nbsp;usbd_event_notify_handler
<LI><a href="#[1f9]">&gt;&gt;</a>&nbsp;&nbsp;&nbsp;usbd_vendor_request_handler
<LI><a href="#[1fb]">&gt;&gt;</a>&nbsp;&nbsp;&nbsp;usbd_std_interface_req_handler
<LI><a href="#[1fc]">&gt;&gt;</a>&nbsp;&nbsp;&nbsp;usbd_std_endpoint_req_handler
<LI><a href="#[1fa]">&gt;&gt;</a>&nbsp;&nbsp;&nbsp;usbd_std_device_req_handler
<LI><a href="#[1e4]">&gt;&gt;</a>&nbsp;&nbsp;&nbsp;usbd_setup_request_handler
<LI><a href="#[1f4]">&gt;&gt;</a>&nbsp;&nbsp;&nbsp;usbd_set_endpoint
<LI><a href="#[1f3]">&gt;&gt;</a>&nbsp;&nbsp;&nbsp;usbd_set_configuration
<LI><a href="#[1e1]">&gt;&gt;</a>&nbsp;&nbsp;&nbsp;usbd_send_to_host
<LI><a href="#[1f2]">&gt;&gt;</a>&nbsp;&nbsp;&nbsp;usbd_reset_endpoint
<LI><a href="#[1f1]">&gt;&gt;</a>&nbsp;&nbsp;&nbsp;usbd_print_setup
<LI><a href="#[1f0]">&gt;&gt;</a>&nbsp;&nbsp;&nbsp;usbd_get_descriptor
<LI><a href="#[1e5]">&gt;&gt;</a>&nbsp;&nbsp;&nbsp;usbd_ep0_setup_handler
<LI><a href="#[1e2]">&gt;&gt;</a>&nbsp;&nbsp;&nbsp;usbd_ep0_out_handler
</UL>

<P><STRONG><a name="[21b]"></a>__scatterload_copy</STRONG> (Thumb, 14 bytes, Stack size unknown bytes, handlers.o(i.__scatterload_copy), UNUSED)

<P><STRONG><a name="[21c]"></a>__scatterload_null</STRONG> (Thumb, 2 bytes, Stack size unknown bytes, handlers.o(i.__scatterload_null), UNUSED)

<P><STRONG><a name="[21d]"></a>__scatterload_zeroinit</STRONG> (Thumb, 14 bytes, Stack size unknown bytes, handlers.o(i.__scatterload_zeroinit), UNUSED)

<P><STRONG><a name="[7d]"></a>app_error_fault_handler</STRONG> (Thumb, 232 bytes, Stack size 40 bytes, app_error_weak.o(i.app_error_fault_handler))
<BR><BR>[Stack]<UL><LI>Max Depth = 336<LI>Call Chain = app_error_fault_handler &rArr; nrf_log_frontend_std_5 &rArr; std_n &rArr; nrf_log_frontend_dequeue &rArr; nrf_memobj_write &rArr;  assert_nrf_callback (Cycle)
</UL>
<BR>[Calls]<UL><LI><a href="#[a6]">&gt;&gt;</a>&nbsp;&nbsp;&nbsp;nrf_strerror_get
<LI><a href="#[8c]">&gt;&gt;</a>&nbsp;&nbsp;&nbsp;nrf_log_panic
<LI><a href="#[a7]">&gt;&gt;</a>&nbsp;&nbsp;&nbsp;nrf_log_frontend_std_5
<LI><a href="#[a5]">&gt;&gt;</a>&nbsp;&nbsp;&nbsp;nrf_log_frontend_std_2
<LI><a href="#[8e]">&gt;&gt;</a>&nbsp;&nbsp;&nbsp;nrf_log_frontend_std_1
<LI><a href="#[91]">&gt;&gt;</a>&nbsp;&nbsp;&nbsp;nrf_log_frontend_std_0
<LI><a href="#[8d]">&gt;&gt;</a>&nbsp;&nbsp;&nbsp;nrf_log_frontend_dequeue
<LI><a href="#[a8]">&gt;&gt;</a>&nbsp;&nbsp;&nbsp;app_error_save_and_stop
</UL>
<BR>[Called By]<UL><LI><a href="#[9d]">&gt;&gt;</a>&nbsp;&nbsp;&nbsp;assert_nrf_callback
<LI><a href="#[7c]">&gt;&gt;</a>&nbsp;&nbsp;&nbsp;app_error_handler
</UL>

<P><STRONG><a name="[a8]"></a>app_error_save_and_stop</STRONG> (Thumb, 132 bytes, Stack size 12 bytes, app_error.o(i.app_error_save_and_stop))
<BR><BR>[Stack]<UL><LI>Max Depth = 12<LI>Call Chain = app_error_save_and_stop
</UL>
<BR>[Called By]<UL><LI><a href="#[7d]">&gt;&gt;</a>&nbsp;&nbsp;&nbsp;app_error_fault_handler
</UL>

<P><STRONG><a name="[a9]"></a>app_fifo_get</STRONG> (Thumb, 30 bytes, Stack size 16 bytes, app_fifo.o(i.app_fifo_get))
<BR><BR>[Stack]<UL><LI>Max Depth = 40<LI>Call Chain = app_fifo_get &rArr; fifo_get &rArr; fifo_peek
</UL>
<BR>[Calls]<UL><LI><a href="#[aa]">&gt;&gt;</a>&nbsp;&nbsp;&nbsp;fifo_length
<LI><a href="#[ab]">&gt;&gt;</a>&nbsp;&nbsp;&nbsp;fifo_get
</UL>
<BR>[Called By]<UL><LI><a href="#[bf]">&gt;&gt;</a>&nbsp;&nbsp;&nbsp;app_uart_put
<LI><a href="#[3e]">&gt;&gt;</a>&nbsp;&nbsp;&nbsp;uart_event_handler
</UL>

<P><STRONG><a name="[bb]"></a>app_fifo_init</STRONG> (Thumb, 36 bytes, Stack size 0 bytes, app_fifo.o(i.app_fifo_init))
<BR><BR>[Called By]<UL><LI><a href="#[ba]">&gt;&gt;</a>&nbsp;&nbsp;&nbsp;app_uart_init
</UL>

<P><STRONG><a name="[ac]"></a>app_fifo_put</STRONG> (Thumb, 34 bytes, Stack size 16 bytes, app_fifo.o(i.app_fifo_put))
<BR><BR>[Stack]<UL><LI>Max Depth = 16<LI>Call Chain = app_fifo_put
</UL>
<BR>[Calls]<UL><LI><a href="#[ad]">&gt;&gt;</a>&nbsp;&nbsp;&nbsp;fifo_put
<LI><a href="#[aa]">&gt;&gt;</a>&nbsp;&nbsp;&nbsp;fifo_length
</UL>
<BR>[Called By]<UL><LI><a href="#[bf]">&gt;&gt;</a>&nbsp;&nbsp;&nbsp;app_uart_put
<LI><a href="#[3e]">&gt;&gt;</a>&nbsp;&nbsp;&nbsp;uart_event_handler
</UL>

<P><STRONG><a name="[1c1]"></a>app_timer_cnt_diff_compute</STRONG> (Thumb, 10 bytes, Stack size 0 bytes, app_timer2.o(i.app_timer_cnt_diff_compute))
<BR><BR>[Called By]<UL><LI><a href="#[1c0]">&gt;&gt;</a>&nbsp;&nbsp;&nbsp;on_compare_evt
</UL>

<P><STRONG><a name="[ae]"></a>app_timer_cnt_get</STRONG> (Thumb, 10 bytes, Stack size 8 bytes, app_timer2.o(i.app_timer_cnt_get))
<BR><BR>[Stack]<UL><LI>Max Depth = 16<LI>Call Chain = app_timer_cnt_get &rArr; drv_rtc_counter_get
</UL>
<BR>[Calls]<UL><LI><a href="#[af]">&gt;&gt;</a>&nbsp;&nbsp;&nbsp;drv_rtc_counter_get
</UL>
<BR>[Called By]<UL><LI><a href="#[1cc]">&gt;&gt;</a>&nbsp;&nbsp;&nbsp;rtc_schedule
</UL>

<P><STRONG><a name="[b0]"></a>app_timer_create</STRONG> (Thumb, 62 bytes, Stack size 24 bytes, app_timer2.o(i.app_timer_create))
<BR><BR>[Stack]<UL><LI>Max Depth = 384<LI>Call Chain = app_timer_create &rArr; assert_nrf_callback &rArr; app_error_fault_handler &rArr; nrf_log_frontend_std_5 &rArr; std_n &rArr; nrf_log_frontend_dequeue &rArr; nrf_memobj_write &rArr;  assert_nrf_callback (Cycle)
</UL>
<BR>[Calls]<UL><LI><a href="#[9d]">&gt;&gt;</a>&nbsp;&nbsp;&nbsp;assert_nrf_callback
</UL>
<BR>[Called By]<UL><LI><a href="#[64]">&gt;&gt;</a>&nbsp;&nbsp;&nbsp;cli_uart_enable
</UL>

<P><STRONG><a name="[b1]"></a>app_timer_init</STRONG> (Thumb, 78 bytes, Stack size 16 bytes, app_timer2.o(i.app_timer_init))
<BR><BR>[Stack]<UL><LI>Max Depth = 408<LI>Call Chain = app_timer_init &rArr; drv_rtc_overflow_enable &rArr; evt_enable &rArr; assert_nrf_callback &rArr; app_error_fault_handler &rArr; nrf_log_frontend_std_5 &rArr; std_n &rArr; nrf_log_frontend_dequeue &rArr; nrf_memobj_write &rArr;  assert_nrf_callback (Cycle)
</UL>
<BR>[Calls]<UL><LI><a href="#[b2]">&gt;&gt;</a>&nbsp;&nbsp;&nbsp;nrf_atfifo_init
<LI><a href="#[b4]">&gt;&gt;</a>&nbsp;&nbsp;&nbsp;drv_rtc_overflow_enable
<LI><a href="#[b3]">&gt;&gt;</a>&nbsp;&nbsp;&nbsp;drv_rtc_init
<LI><a href="#[b5]">&gt;&gt;</a>&nbsp;&nbsp;&nbsp;drv_rtc_compare_set
</UL>
<BR>[Called By]<UL><LI><a href="#[125]">&gt;&gt;</a>&nbsp;&nbsp;&nbsp;init_power_clock
</UL>

<P><STRONG><a name="[b6]"></a>app_timer_start</STRONG> (Thumb, 68 bytes, Stack size 24 bytes, app_timer2.o(i.app_timer_start))
<BR><BR>[Stack]<UL><LI>Max Depth = 384<LI>Call Chain = app_timer_start &rArr; assert_nrf_callback &rArr; app_error_fault_handler &rArr; nrf_log_frontend_std_5 &rArr; std_n &rArr; nrf_log_frontend_dequeue &rArr; nrf_memobj_write &rArr;  assert_nrf_callback (Cycle)
</UL>
<BR>[Calls]<UL><LI><a href="#[b8]">&gt;&gt;</a>&nbsp;&nbsp;&nbsp;timer_req_schedule
<LI><a href="#[b7]">&gt;&gt;</a>&nbsp;&nbsp;&nbsp;get_now
<LI><a href="#[9d]">&gt;&gt;</a>&nbsp;&nbsp;&nbsp;assert_nrf_callback
</UL>
<BR>[Called By]<UL><LI><a href="#[f8]">&gt;&gt;</a>&nbsp;&nbsp;&nbsp;rx_try
</UL>

<P><STRONG><a name="[b9]"></a>app_timer_stop</STRONG> (Thumb, 34 bytes, Stack size 16 bytes, app_timer2.o(i.app_timer_stop))
<BR><BR>[Stack]<UL><LI>Max Depth = 376<LI>Call Chain = app_timer_stop &rArr; assert_nrf_callback &rArr; app_error_fault_handler &rArr; nrf_log_frontend_std_5 &rArr; std_n &rArr; nrf_log_frontend_dequeue &rArr; nrf_memobj_write &rArr;  assert_nrf_callback (Cycle)
</UL>
<BR>[Calls]<UL><LI><a href="#[b8]">&gt;&gt;</a>&nbsp;&nbsp;&nbsp;timer_req_schedule
<LI><a href="#[9d]">&gt;&gt;</a>&nbsp;&nbsp;&nbsp;assert_nrf_callback
</UL>
<BR>[Called By]<UL><LI><a href="#[63]">&gt;&gt;</a>&nbsp;&nbsp;&nbsp;cli_uart_uninit
<LI><a href="#[64]">&gt;&gt;</a>&nbsp;&nbsp;&nbsp;cli_uart_enable
</UL>

<P><STRONG><a name="[ba]"></a>app_uart_init</STRONG> (Thumb, 188 bytes, Stack size 56 bytes, app_uart_fifo.o(i.app_uart_init))
<BR><BR>[Stack]<UL><LI>Max Depth = 592<LI>Call Chain = app_uart_init &rArr; nrf_drv_uart_init &rArr; nrfx_uarte_init &rArr; apply_config &rArr; nrf_gpio_cfg_input &rArr; nrf_gpio_cfg &rArr; nrf_gpio_pin_port_decode &rArr; assert_nrf_callback &rArr; app_error_fault_handler &rArr; nrf_log_frontend_std_5 &rArr; std_n &rArr; nrf_log_frontend_dequeue &rArr; nrf_memobj_write &rArr;  assert_nrf_callback (Cycle)
</UL>
<BR>[Calls]<UL><LI><a href="#[bd]">&gt;&gt;</a>&nbsp;&nbsp;&nbsp;nrf_drv_uart_init
<LI><a href="#[bb]">&gt;&gt;</a>&nbsp;&nbsp;&nbsp;app_fifo_init
<LI><a href="#[be]">&gt;&gt;</a>&nbsp;&nbsp;&nbsp;nrf_drv_uart_rx
<LI><a href="#[bc]">&gt;&gt;</a>&nbsp;&nbsp;&nbsp;__aeabi_memcpy4
</UL>
<BR>[Called By]<UL><LI><a href="#[38]">&gt;&gt;</a>&nbsp;&nbsp;&nbsp;main
</UL>

<P><STRONG><a name="[bf]"></a>app_uart_put</STRONG> (Thumb, 90 bytes, Stack size 24 bytes, app_uart_fifo.o(i.app_uart_put))
<BR><BR>[Stack]<UL><LI>Max Depth = 440<LI>Call Chain = app_uart_put &rArr; nrf_drv_uart_tx &rArr; nrfx_uarte_tx &rArr; assert_nrf_callback &rArr; app_error_fault_handler &rArr; nrf_log_frontend_std_5 &rArr; std_n &rArr; nrf_log_frontend_dequeue &rArr; nrf_memobj_write &rArr;  assert_nrf_callback (Cycle)
</UL>
<BR>[Calls]<UL><LI><a href="#[c1]">&gt;&gt;</a>&nbsp;&nbsp;&nbsp;nrfx_uart_tx_in_progress
<LI><a href="#[ac]">&gt;&gt;</a>&nbsp;&nbsp;&nbsp;app_fifo_put
<LI><a href="#[a9]">&gt;&gt;</a>&nbsp;&nbsp;&nbsp;app_fifo_get
<LI><a href="#[c2]">&gt;&gt;</a>&nbsp;&nbsp;&nbsp;nrf_drv_uart_tx
<LI><a href="#[c0]">&gt;&gt;</a>&nbsp;&nbsp;&nbsp;nrfx_uarte_tx_in_progress
</UL>
<BR>[Called By]<UL><LI><a href="#[3c]">&gt;&gt;</a>&nbsp;&nbsp;&nbsp;fputc
</UL>

<P><STRONG><a name="[c3]"></a>app_util_critical_region_enter</STRONG> (Thumb, 26 bytes, Stack size 8 bytes, app_util_platform.o(i.app_util_critical_region_enter))
<BR><BR>[Stack]<UL><LI>Max Depth = 8 + In Cycle
<LI>Call Chain = app_util_critical_region_enter &rArr;  assert_nrf_callback (Cycle)
</UL>
<BR>[Calls]<UL><LI><a href="#[c4]">&gt;&gt;</a>&nbsp;&nbsp;&nbsp;privilege_level_get
<LI><a href="#[c5]">&gt;&gt;</a>&nbsp;&nbsp;&nbsp;app_util_disable_irq
<LI><a href="#[9d]">&gt;&gt;</a>&nbsp;&nbsp;&nbsp;assert_nrf_callback
</UL>
<BR>[Called By]<UL><LI><a href="#[1ac]">&gt;&gt;</a>&nbsp;&nbsp;&nbsp;nrfx_prs_acquire
<LI><a href="#[d6]">&gt;&gt;</a>&nbsp;&nbsp;&nbsp;buf_prealloc
<LI><a href="#[199]">&gt;&gt;</a>&nbsp;&nbsp;&nbsp;nrf_queue_utilization_get
<LI><a href="#[186]">&gt;&gt;</a>&nbsp;&nbsp;&nbsp;nrf_queue_push
<LI><a href="#[ea]">&gt;&gt;</a>&nbsp;&nbsp;&nbsp;nrf_queue_generic_pop
<LI><a href="#[8d]">&gt;&gt;</a>&nbsp;&nbsp;&nbsp;nrf_log_frontend_dequeue
<LI><a href="#[162]">&gt;&gt;</a>&nbsp;&nbsp;&nbsp;nrf_balloc_free
<LI><a href="#[15f]">&gt;&gt;</a>&nbsp;&nbsp;&nbsp;nrf_balloc_alloc
<LI><a href="#[129]">&gt;&gt;</a>&nbsp;&nbsp;&nbsp;nrf_drv_clock_lfclk_request
<LI><a href="#[128]">&gt;&gt;</a>&nbsp;&nbsp;&nbsp;nrf_drv_clock_hfclk_request
</UL>

<P><STRONG><a name="[c6]"></a>app_util_critical_region_exit</STRONG> (Thumb, 26 bytes, Stack size 8 bytes, app_util_platform.o(i.app_util_critical_region_exit))
<BR><BR>[Stack]<UL><LI>Max Depth = 8 + In Cycle
<LI>Call Chain = app_util_critical_region_exit &rArr;  assert_nrf_callback (Cycle)
</UL>
<BR>[Calls]<UL><LI><a href="#[c4]">&gt;&gt;</a>&nbsp;&nbsp;&nbsp;privilege_level_get
<LI><a href="#[c7]">&gt;&gt;</a>&nbsp;&nbsp;&nbsp;app_util_enable_irq
<LI><a href="#[9d]">&gt;&gt;</a>&nbsp;&nbsp;&nbsp;assert_nrf_callback
</UL>
<BR>[Called By]<UL><LI><a href="#[1ac]">&gt;&gt;</a>&nbsp;&nbsp;&nbsp;nrfx_prs_acquire
<LI><a href="#[d6]">&gt;&gt;</a>&nbsp;&nbsp;&nbsp;buf_prealloc
<LI><a href="#[199]">&gt;&gt;</a>&nbsp;&nbsp;&nbsp;nrf_queue_utilization_get
<LI><a href="#[186]">&gt;&gt;</a>&nbsp;&nbsp;&nbsp;nrf_queue_push
<LI><a href="#[ea]">&gt;&gt;</a>&nbsp;&nbsp;&nbsp;nrf_queue_generic_pop
<LI><a href="#[8d]">&gt;&gt;</a>&nbsp;&nbsp;&nbsp;nrf_log_frontend_dequeue
<LI><a href="#[162]">&gt;&gt;</a>&nbsp;&nbsp;&nbsp;nrf_balloc_free
<LI><a href="#[15f]">&gt;&gt;</a>&nbsp;&nbsp;&nbsp;nrf_balloc_alloc
<LI><a href="#[129]">&gt;&gt;</a>&nbsp;&nbsp;&nbsp;nrf_drv_clock_lfclk_request
<LI><a href="#[128]">&gt;&gt;</a>&nbsp;&nbsp;&nbsp;nrf_drv_clock_hfclk_request
</UL>

<P><STRONG><a name="[c5]"></a>app_util_disable_irq</STRONG> (Thumb, 14 bytes, Stack size 0 bytes, app_util_platform.o(i.app_util_disable_irq))
<BR><BR>[Called By]<UL><LI><a href="#[c3]">&gt;&gt;</a>&nbsp;&nbsp;&nbsp;app_util_critical_region_enter
</UL>

<P><STRONG><a name="[c7]"></a>app_util_enable_irq</STRONG> (Thumb, 20 bytes, Stack size 0 bytes, app_util_platform.o(i.app_util_enable_irq))
<BR><BR>[Called By]<UL><LI><a href="#[c6]">&gt;&gt;</a>&nbsp;&nbsp;&nbsp;app_util_critical_region_exit
</UL>

<P><STRONG><a name="[9d]"></a>assert_nrf_callback</STRONG> (Thumb, 24 bytes, Stack size 24 bytes, nrf_assert.o(i.assert_nrf_callback))
<BR><BR>[Stack]<UL><LI>Max Depth = 360<LI>Call Chain = assert_nrf_callback &rArr; app_error_fault_handler &rArr; nrf_log_frontend_std_5 &rArr; std_n &rArr; nrf_log_frontend_dequeue &rArr; nrf_memobj_write &rArr;  assert_nrf_callback (Cycle)
</UL>
<BR>[Calls]<UL><LI><a href="#[7d]">&gt;&gt;</a>&nbsp;&nbsp;&nbsp;app_error_fault_handler
</UL>
<BR>[Called By]<UL><LI><a href="#[17f]">&gt;&gt;</a>&nbsp;&nbsp;&nbsp;nrf_gpio_pin_port_decode
<LI><a href="#[137]">&gt;&gt;</a>&nbsp;&nbsp;&nbsp;interrupts_enable
<LI><a href="#[1ae]">&gt;&gt;</a>&nbsp;&nbsp;&nbsp;nrfx_prs_release
<LI><a href="#[1ac]">&gt;&gt;</a>&nbsp;&nbsp;&nbsp;nrfx_prs_acquire
<LI><a href="#[178]">&gt;&gt;</a>&nbsp;&nbsp;&nbsp;nrfx_uart_tx
<LI><a href="#[176]">&gt;&gt;</a>&nbsp;&nbsp;&nbsp;nrfx_uart_rx
<LI><a href="#[17d]">&gt;&gt;</a>&nbsp;&nbsp;&nbsp;nrf_gpio_pin_port_decode
<LI><a href="#[134]">&gt;&gt;</a>&nbsp;&nbsp;&nbsp;interrupts_enable
<LI><a href="#[1a3]">&gt;&gt;</a>&nbsp;&nbsp;&nbsp;nrfx_power_clock_irq_init
<LI><a href="#[173]">&gt;&gt;</a>&nbsp;&nbsp;&nbsp;nrfx_uarte_init
<LI><a href="#[174]">&gt;&gt;</a>&nbsp;&nbsp;&nbsp;nrfx_uart_init
<LI><a href="#[bd]">&gt;&gt;</a>&nbsp;&nbsp;&nbsp;nrf_drv_uart_init
<LI><a href="#[172]">&gt;&gt;</a>&nbsp;&nbsp;&nbsp;nrfx_power_init
<LI><a href="#[171]">&gt;&gt;</a>&nbsp;&nbsp;&nbsp;nrfx_clock_lfclk_start
<LI><a href="#[16e]">&gt;&gt;</a>&nbsp;&nbsp;&nbsp;nrfx_clock_init
<LI><a href="#[124]">&gt;&gt;</a>&nbsp;&nbsp;&nbsp;nrfx_clock_hfclk_start
<LI><a href="#[16f]">&gt;&gt;</a>&nbsp;&nbsp;&nbsp;nrfx_clock_enable
<LI><a href="#[c6]">&gt;&gt;</a>&nbsp;&nbsp;&nbsp;app_util_critical_region_exit
<LI><a href="#[c3]">&gt;&gt;</a>&nbsp;&nbsp;&nbsp;app_util_critical_region_enter
<LI><a href="#[1cf]">&gt;&gt;</a>&nbsp;&nbsp;&nbsp;std_header_set
<LI><a href="#[d8]">&gt;&gt;</a>&nbsp;&nbsp;&nbsp;log_skip
<LI><a href="#[199]">&gt;&gt;</a>&nbsp;&nbsp;&nbsp;nrf_queue_utilization_get
<LI><a href="#[197]">&gt;&gt;</a>&nbsp;&nbsp;&nbsp;nrf_queue_is_full
<LI><a href="#[195]">&gt;&gt;</a>&nbsp;&nbsp;&nbsp;nrf_queue_is_empty
<LI><a href="#[196]">&gt;&gt;</a>&nbsp;&nbsp;&nbsp;nrf_queue_next_idx
<LI><a href="#[149]">&gt;&gt;</a>&nbsp;&nbsp;&nbsp;memobj_op
<LI><a href="#[fc]">&gt;&gt;</a>&nbsp;&nbsp;&nbsp;nrf_ringbuf_get
<LI><a href="#[fb]">&gt;&gt;</a>&nbsp;&nbsp;&nbsp;nrf_ringbuf_cpy_put
<LI><a href="#[fa]">&gt;&gt;</a>&nbsp;&nbsp;&nbsp;nrf_ringbuf_cpy_get
<LI><a href="#[19a]">&gt;&gt;</a>&nbsp;&nbsp;&nbsp;nrf_ringbuf_alloc
<LI><a href="#[40]">&gt;&gt;</a>&nbsp;&nbsp;&nbsp;uart_event_handler
<LI><a href="#[f8]">&gt;&gt;</a>&nbsp;&nbsp;&nbsp;rx_try
<LI><a href="#[65]">&gt;&gt;</a>&nbsp;&nbsp;&nbsp;cli_uart_write
<LI><a href="#[66]">&gt;&gt;</a>&nbsp;&nbsp;&nbsp;cli_uart_read
<LI><a href="#[186]">&gt;&gt;</a>&nbsp;&nbsp;&nbsp;nrf_queue_push
<LI><a href="#[166]">&gt;&gt;</a>&nbsp;&nbsp;&nbsp;nrf_queue_max_utilization_reset
<LI><a href="#[167]">&gt;&gt;</a>&nbsp;&nbsp;&nbsp;nrf_queue_max_utilization_get
<LI><a href="#[ea]">&gt;&gt;</a>&nbsp;&nbsp;&nbsp;nrf_queue_generic_pop
<LI><a href="#[18c]">&gt;&gt;</a>&nbsp;&nbsp;&nbsp;nrf_memobj_write
<LI><a href="#[f0]">&gt;&gt;</a>&nbsp;&nbsp;&nbsp;nrf_memobj_read
<LI><a href="#[16b]">&gt;&gt;</a>&nbsp;&nbsp;&nbsp;nrf_fprintf_fmt
<LI><a href="#[da]">&gt;&gt;</a>&nbsp;&nbsp;&nbsp;nrf_fprintf_buffer_flush
<LI><a href="#[e8]">&gt;&gt;</a>&nbsp;&nbsp;&nbsp;nrf_fprintf
<LI><a href="#[177]">&gt;&gt;</a>&nbsp;&nbsp;&nbsp;nrfx_uarte_tx
<LI><a href="#[175]">&gt;&gt;</a>&nbsp;&nbsp;&nbsp;nrfx_uarte_rx
<LI><a href="#[110]">&gt;&gt;</a>&nbsp;&nbsp;&nbsp;evt_pending
<LI><a href="#[118]">&gt;&gt;</a>&nbsp;&nbsp;&nbsp;evt_enable
<LI><a href="#[10c]">&gt;&gt;</a>&nbsp;&nbsp;&nbsp;evt_disable
<LI><a href="#[19f]">&gt;&gt;</a>&nbsp;&nbsp;&nbsp;nrf_sortlist_remove
<LI><a href="#[19e]">&gt;&gt;</a>&nbsp;&nbsp;&nbsp;nrf_sortlist_pop
<LI><a href="#[19d]">&gt;&gt;</a>&nbsp;&nbsp;&nbsp;nrf_sortlist_peek
<LI><a href="#[19c]">&gt;&gt;</a>&nbsp;&nbsp;&nbsp;nrf_sortlist_add
<LI><a href="#[11d]">&gt;&gt;</a>&nbsp;&nbsp;&nbsp;drv_rtc_windowed_compare_set
<LI><a href="#[11c]">&gt;&gt;</a>&nbsp;&nbsp;&nbsp;drv_rtc_stop
<LI><a href="#[11a]">&gt;&gt;</a>&nbsp;&nbsp;&nbsp;drv_rtc_start
<LI><a href="#[b3]">&gt;&gt;</a>&nbsp;&nbsp;&nbsp;drv_rtc_init
<LI><a href="#[b5]">&gt;&gt;</a>&nbsp;&nbsp;&nbsp;drv_rtc_compare_set
<LI><a href="#[b9]">&gt;&gt;</a>&nbsp;&nbsp;&nbsp;app_timer_stop
<LI><a href="#[b6]">&gt;&gt;</a>&nbsp;&nbsp;&nbsp;app_timer_start
<LI><a href="#[b0]">&gt;&gt;</a>&nbsp;&nbsp;&nbsp;app_timer_create
<LI><a href="#[1c2]">&gt;&gt;</a>&nbsp;&nbsp;&nbsp;timer_expire
<LI><a href="#[1cc]">&gt;&gt;</a>&nbsp;&nbsp;&nbsp;rtc_schedule
<LI><a href="#[1c0]">&gt;&gt;</a>&nbsp;&nbsp;&nbsp;on_compare_evt
<LI><a href="#[f]">&gt;&gt;</a>&nbsp;&nbsp;&nbsp;UARTE0_UART0_IRQHandler
<LI><a href="#[93]">&gt;&gt;</a>&nbsp;&nbsp;&nbsp;nrfx_power_irq_handler
<LI><a href="#[169]">&gt;&gt;</a>&nbsp;&nbsp;&nbsp;terminal_size_get
<LI><a href="#[5d]">&gt;&gt;</a>&nbsp;&nbsp;&nbsp;nrf_cli_cmd_resize_default
<LI><a href="#[61]">&gt;&gt;</a>&nbsp;&nbsp;&nbsp;nrf_cli_cmd_resize
<LI><a href="#[60]">&gt;&gt;</a>&nbsp;&nbsp;&nbsp;nrf_cli_cmd_history
<LI><a href="#[5a]">&gt;&gt;</a>&nbsp;&nbsp;&nbsp;nrf_cli_cmd_colors
<LI><a href="#[5f]">&gt;&gt;</a>&nbsp;&nbsp;&nbsp;nrf_cli_cmd_cli
<LI><a href="#[5e]">&gt;&gt;</a>&nbsp;&nbsp;&nbsp;nrf_cli_cmd_clear
<LI><a href="#[102]">&gt;&gt;</a>&nbsp;&nbsp;&nbsp;cmd_get
<LI><a href="#[ff]">&gt;&gt;</a>&nbsp;&nbsp;&nbsp;cli_write
<LI><a href="#[f4]">&gt;&gt;</a>&nbsp;&nbsp;&nbsp;cli_read
<LI><a href="#[e7]">&gt;&gt;</a>&nbsp;&nbsp;&nbsp;cli_clear_eos
<LI><a href="#[13d]">&gt;&gt;</a>&nbsp;&nbsp;&nbsp;nrf_cli_help_print
<LI><a href="#[ef]">&gt;&gt;</a>&nbsp;&nbsp;&nbsp;nrf_cli_fprintf
<LI><a href="#[163]">&gt;&gt;</a>&nbsp;&nbsp;&nbsp;nrf_balloc_init
<LI><a href="#[162]">&gt;&gt;</a>&nbsp;&nbsp;&nbsp;nrf_balloc_free
<LI><a href="#[15f]">&gt;&gt;</a>&nbsp;&nbsp;&nbsp;nrf_balloc_alloc
<LI><a href="#[50]">&gt;&gt;</a>&nbsp;&nbsp;&nbsp;nrf_balloc_status
<LI><a href="#[160]">&gt;&gt;</a>&nbsp;&nbsp;&nbsp;nrf_balloc_idx2block
<LI><a href="#[161]">&gt;&gt;</a>&nbsp;&nbsp;&nbsp;nrf_balloc_block2idx
<LI><a href="#[129]">&gt;&gt;</a>&nbsp;&nbsp;&nbsp;nrf_drv_clock_lfclk_request
<LI><a href="#[12b]">&gt;&gt;</a>&nbsp;&nbsp;&nbsp;nrf_drv_clock_lfclk_is_running
<LI><a href="#[128]">&gt;&gt;</a>&nbsp;&nbsp;&nbsp;nrf_drv_clock_hfclk_request
<LI><a href="#[12a]">&gt;&gt;</a>&nbsp;&nbsp;&nbsp;nrf_drv_clock_hfclk_is_running
<LI><a href="#[1a2]">&gt;&gt;</a>&nbsp;&nbsp;&nbsp;usb_dc_low_level_init
<LI><a href="#[1aa]">&gt;&gt;</a>&nbsp;&nbsp;&nbsp;nrfx_power_clock_irq_init
<LI><a href="#[183]">&gt;&gt;</a>&nbsp;&nbsp;&nbsp;nrf_gpio_pin_port_decode
</UL>

<P><STRONG><a name="[18a]"></a>buffer_is_empty</STRONG> (Thumb, 20 bytes, Stack size 0 bytes, nrf_log_frontend.o(i.buffer_is_empty))
<BR><BR>[Called By]<UL><LI><a href="#[8d]">&gt;&gt;</a>&nbsp;&nbsp;&nbsp;nrf_log_frontend_dequeue
</UL>

<P><STRONG><a name="[df]"></a>cdc_acm_data_send_with_dtr_test</STRONG> (Thumb, 32 bytes, Stack size 16 bytes, cdc_acm_template.o(i.cdc_acm_data_send_with_dtr_test))
<BR><BR>[Stack]<UL><LI>Max Depth = 60<LI>Call Chain = cdc_acm_data_send_with_dtr_test &rArr; usbd_ep_write &rArr; nrf_usbd_ep_easydma_set_tx
</UL>
<BR>[Calls]<UL><LI><a href="#[e0]">&gt;&gt;</a>&nbsp;&nbsp;&nbsp;usbd_ep_write
</UL>
<BR>[Called By]<UL><LI><a href="#[38]">&gt;&gt;</a>&nbsp;&nbsp;&nbsp;main
</UL>

<P><STRONG><a name="[e1]"></a>cdc_acm_init</STRONG> (Thumb, 46 bytes, Stack size 8 bytes, cdc_acm_template.o(i.cdc_acm_init))
<BR><BR>[Stack]<UL><LI>Max Depth = 408<LI>Call Chain = cdc_acm_init &rArr; usbd_initialize &rArr; usb_dc_init &rArr; nrf_usbd_enable &rArr; usb_dc_low_level_init &rArr; assert_nrf_callback &rArr; app_error_fault_handler &rArr; nrf_log_frontend_std_5 &rArr; std_n &rArr; nrf_log_frontend_dequeue &rArr; nrf_memobj_write &rArr;  assert_nrf_callback (Cycle)
</UL>
<BR>[Calls]<UL><LI><a href="#[e4]">&gt;&gt;</a>&nbsp;&nbsp;&nbsp;usbd_interface_add_endpoint
<LI><a href="#[e5]">&gt;&gt;</a>&nbsp;&nbsp;&nbsp;usbd_initialize
<LI><a href="#[e2]">&gt;&gt;</a>&nbsp;&nbsp;&nbsp;usbd_desc_register
<LI><a href="#[e3]">&gt;&gt;</a>&nbsp;&nbsp;&nbsp;usbd_cdc_add_acm_interface
</UL>
<BR>[Called By]<UL><LI><a href="#[38]">&gt;&gt;</a>&nbsp;&nbsp;&nbsp;main
</UL>

<P><STRONG><a name="[10b]"></a>drv_rtc_compare_disable</STRONG> (Thumb, 22 bytes, Stack size 16 bytes, drv_rtc.o(i.drv_rtc_compare_disable))
<BR><BR>[Stack]<UL><LI>Max Depth = 392<LI>Call Chain = drv_rtc_compare_disable &rArr; evt_disable &rArr; assert_nrf_callback &rArr; app_error_fault_handler &rArr; nrf_log_frontend_std_5 &rArr; std_n &rArr; nrf_log_frontend_dequeue &rArr; nrf_memobj_write &rArr;  assert_nrf_callback (Cycle)
</UL>
<BR>[Calls]<UL><LI><a href="#[10c]">&gt;&gt;</a>&nbsp;&nbsp;&nbsp;evt_disable
</UL>
<BR>[Called By]<UL><LI><a href="#[1cc]">&gt;&gt;</a>&nbsp;&nbsp;&nbsp;rtc_schedule
</UL>

<P><STRONG><a name="[10d]"></a>drv_rtc_compare_get</STRONG> (Thumb, 16 bytes, Stack size 16 bytes, drv_rtc.o(i.drv_rtc_compare_get))
<BR><BR>[Stack]<UL><LI>Max Depth = 16<LI>Call Chain = drv_rtc_compare_get
</UL>
<BR>[Calls]<UL><LI><a href="#[10e]">&gt;&gt;</a>&nbsp;&nbsp;&nbsp;nrf_rtc_cc_get
</UL>
<BR>[Called By]<UL><LI><a href="#[1c0]">&gt;&gt;</a>&nbsp;&nbsp;&nbsp;on_compare_evt
</UL>

<P><STRONG><a name="[10f]"></a>drv_rtc_compare_pending</STRONG> (Thumb, 26 bytes, Stack size 16 bytes, drv_rtc.o(i.drv_rtc_compare_pending))
<BR><BR>[Stack]<UL><LI>Max Depth = 392<LI>Call Chain = drv_rtc_compare_pending &rArr; evt_pending &rArr; assert_nrf_callback &rArr; app_error_fault_handler &rArr; nrf_log_frontend_std_5 &rArr; std_n &rArr; nrf_log_frontend_dequeue &rArr; nrf_memobj_write &rArr;  assert_nrf_callback (Cycle)
</UL>
<BR>[Calls]<UL><LI><a href="#[110]">&gt;&gt;</a>&nbsp;&nbsp;&nbsp;evt_pending
</UL>
<BR>[Called By]<UL><LI><a href="#[3d]">&gt;&gt;</a>&nbsp;&nbsp;&nbsp;rtc_irq
</UL>

<P><STRONG><a name="[b5]"></a>drv_rtc_compare_set</STRONG> (Thumb, 102 bytes, Stack size 32 bytes, drv_rtc.o(i.drv_rtc_compare_set))
<BR><BR>[Stack]<UL><LI>Max Depth = 392<LI>Call Chain = drv_rtc_compare_set &rArr; assert_nrf_callback &rArr; app_error_fault_handler &rArr; nrf_log_frontend_std_5 &rArr; std_n &rArr; nrf_log_frontend_dequeue &rArr; nrf_memobj_write &rArr;  assert_nrf_callback (Cycle)
</UL>
<BR>[Calls]<UL><LI><a href="#[116]">&gt;&gt;</a>&nbsp;&nbsp;&nbsp;nrf_rtc_int_enable
<LI><a href="#[111]">&gt;&gt;</a>&nbsp;&nbsp;&nbsp;nrf_rtc_int_disable
<LI><a href="#[115]">&gt;&gt;</a>&nbsp;&nbsp;&nbsp;nrf_rtc_event_enable
<LI><a href="#[112]">&gt;&gt;</a>&nbsp;&nbsp;&nbsp;nrf_rtc_event_disable
<LI><a href="#[113]">&gt;&gt;</a>&nbsp;&nbsp;&nbsp;nrf_rtc_event_clear
<LI><a href="#[114]">&gt;&gt;</a>&nbsp;&nbsp;&nbsp;nrf_rtc_cc_set
<LI><a href="#[9d]">&gt;&gt;</a>&nbsp;&nbsp;&nbsp;assert_nrf_callback
</UL>
<BR>[Called By]<UL><LI><a href="#[b1]">&gt;&gt;</a>&nbsp;&nbsp;&nbsp;app_timer_init
</UL>

<P><STRONG><a name="[af]"></a>drv_rtc_counter_get</STRONG> (Thumb, 12 bytes, Stack size 8 bytes, drv_rtc.o(i.drv_rtc_counter_get))
<BR><BR>[Stack]<UL><LI>Max Depth = 8<LI>Call Chain = drv_rtc_counter_get
</UL>
<BR>[Calls]<UL><LI><a href="#[117]">&gt;&gt;</a>&nbsp;&nbsp;&nbsp;nrf_rtc_counter_get
</UL>
<BR>[Called By]<UL><LI><a href="#[ae]">&gt;&gt;</a>&nbsp;&nbsp;&nbsp;app_timer_cnt_get
<LI><a href="#[1c0]">&gt;&gt;</a>&nbsp;&nbsp;&nbsp;on_compare_evt
<LI><a href="#[b7]">&gt;&gt;</a>&nbsp;&nbsp;&nbsp;get_now
</UL>

<P><STRONG><a name="[b3]"></a>drv_rtc_init</STRONG> (Thumb, 284 bytes, Stack size 32 bytes, drv_rtc.o(i.drv_rtc_init))
<BR><BR>[Stack]<UL><LI>Max Depth = 392<LI>Call Chain = drv_rtc_init &rArr; assert_nrf_callback &rArr; app_error_fault_handler &rArr; nrf_log_frontend_std_5 &rArr; std_n &rArr; nrf_log_frontend_dequeue &rArr; nrf_memobj_write &rArr;  assert_nrf_callback (Cycle)
</UL>
<BR>[Calls]<UL><LI><a href="#[91]">&gt;&gt;</a>&nbsp;&nbsp;&nbsp;nrf_log_frontend_std_0
<LI><a href="#[9d]">&gt;&gt;</a>&nbsp;&nbsp;&nbsp;assert_nrf_callback
</UL>
<BR>[Called By]<UL><LI><a href="#[b1]">&gt;&gt;</a>&nbsp;&nbsp;&nbsp;app_timer_init
</UL>

<P><STRONG><a name="[1d0]"></a>drv_rtc_irq_trigger</STRONG> (Thumb, 32 bytes, Stack size 8 bytes, drv_rtc.o(i.drv_rtc_irq_trigger))
<BR><BR>[Stack]<UL><LI>Max Depth = 8<LI>Call Chain = drv_rtc_irq_trigger
</UL>
<BR>[Called By]<UL><LI><a href="#[b8]">&gt;&gt;</a>&nbsp;&nbsp;&nbsp;timer_req_schedule
</UL>

<P><STRONG><a name="[b4]"></a>drv_rtc_overflow_enable</STRONG> (Thumb, 18 bytes, Stack size 16 bytes, drv_rtc.o(i.drv_rtc_overflow_enable))
<BR><BR>[Stack]<UL><LI>Max Depth = 392<LI>Call Chain = drv_rtc_overflow_enable &rArr; evt_enable &rArr; assert_nrf_callback &rArr; app_error_fault_handler &rArr; nrf_log_frontend_std_5 &rArr; std_n &rArr; nrf_log_frontend_dequeue &rArr; nrf_memobj_write &rArr;  assert_nrf_callback (Cycle)
</UL>
<BR>[Calls]<UL><LI><a href="#[118]">&gt;&gt;</a>&nbsp;&nbsp;&nbsp;evt_enable
</UL>
<BR>[Called By]<UL><LI><a href="#[b1]">&gt;&gt;</a>&nbsp;&nbsp;&nbsp;app_timer_init
</UL>

<P><STRONG><a name="[119]"></a>drv_rtc_overflow_pending</STRONG> (Thumb, 16 bytes, Stack size 8 bytes, drv_rtc.o(i.drv_rtc_overflow_pending))
<BR><BR>[Stack]<UL><LI>Max Depth = 384<LI>Call Chain = drv_rtc_overflow_pending &rArr; evt_pending &rArr; assert_nrf_callback &rArr; app_error_fault_handler &rArr; nrf_log_frontend_std_5 &rArr; std_n &rArr; nrf_log_frontend_dequeue &rArr; nrf_memobj_write &rArr;  assert_nrf_callback (Cycle)
</UL>
<BR>[Calls]<UL><LI><a href="#[110]">&gt;&gt;</a>&nbsp;&nbsp;&nbsp;evt_pending
</UL>
<BR>[Called By]<UL><LI><a href="#[3d]">&gt;&gt;</a>&nbsp;&nbsp;&nbsp;rtc_irq
</UL>

<P><STRONG><a name="[11a]"></a>drv_rtc_start</STRONG> (Thumb, 24 bytes, Stack size 8 bytes, drv_rtc.o(i.drv_rtc_start))
<BR><BR>[Stack]<UL><LI>Max Depth = 368<LI>Call Chain = drv_rtc_start &rArr; assert_nrf_callback &rArr; app_error_fault_handler &rArr; nrf_log_frontend_std_5 &rArr; std_n &rArr; nrf_log_frontend_dequeue &rArr; nrf_memobj_write &rArr;  assert_nrf_callback (Cycle)
</UL>
<BR>[Calls]<UL><LI><a href="#[11b]">&gt;&gt;</a>&nbsp;&nbsp;&nbsp;nrf_rtc_task_trigger
<LI><a href="#[9d]">&gt;&gt;</a>&nbsp;&nbsp;&nbsp;assert_nrf_callback
</UL>
<BR>[Called By]<UL><LI><a href="#[1cb]">&gt;&gt;</a>&nbsp;&nbsp;&nbsp;rtc_update
</UL>

<P><STRONG><a name="[11c]"></a>drv_rtc_stop</STRONG> (Thumb, 24 bytes, Stack size 8 bytes, drv_rtc.o(i.drv_rtc_stop))
<BR><BR>[Stack]<UL><LI>Max Depth = 368<LI>Call Chain = drv_rtc_stop &rArr; assert_nrf_callback &rArr; app_error_fault_handler &rArr; nrf_log_frontend_std_5 &rArr; std_n &rArr; nrf_log_frontend_dequeue &rArr; nrf_memobj_write &rArr;  assert_nrf_callback (Cycle)
</UL>
<BR>[Calls]<UL><LI><a href="#[11b]">&gt;&gt;</a>&nbsp;&nbsp;&nbsp;nrf_rtc_task_trigger
<LI><a href="#[9d]">&gt;&gt;</a>&nbsp;&nbsp;&nbsp;assert_nrf_callback
</UL>
<BR>[Called By]<UL><LI><a href="#[1cb]">&gt;&gt;</a>&nbsp;&nbsp;&nbsp;rtc_update
</UL>

<P><STRONG><a name="[11d]"></a>drv_rtc_windowed_compare_set</STRONG> (Thumb, 262 bytes, Stack size 40 bytes, drv_rtc.o(i.drv_rtc_windowed_compare_set))
<BR><BR>[Stack]<UL><LI>Max Depth = 416<LI>Call Chain = drv_rtc_windowed_compare_set &rArr; evt_enable &rArr; assert_nrf_callback &rArr; app_error_fault_handler &rArr; nrf_log_frontend_std_5 &rArr; std_n &rArr; nrf_log_frontend_dequeue &rArr; nrf_memobj_write &rArr;  assert_nrf_callback (Cycle)
</UL>
<BR>[Calls]<UL><LI><a href="#[11e]">&gt;&gt;</a>&nbsp;&nbsp;&nbsp;ticks_sub
<LI><a href="#[11f]">&gt;&gt;</a>&nbsp;&nbsp;&nbsp;nrfx_coredep_delay_us
<LI><a href="#[115]">&gt;&gt;</a>&nbsp;&nbsp;&nbsp;nrf_rtc_event_enable
<LI><a href="#[113]">&gt;&gt;</a>&nbsp;&nbsp;&nbsp;nrf_rtc_event_clear
<LI><a href="#[117]">&gt;&gt;</a>&nbsp;&nbsp;&nbsp;nrf_rtc_counter_get
<LI><a href="#[114]">&gt;&gt;</a>&nbsp;&nbsp;&nbsp;nrf_rtc_cc_set
<LI><a href="#[10e]">&gt;&gt;</a>&nbsp;&nbsp;&nbsp;nrf_rtc_cc_get
<LI><a href="#[118]">&gt;&gt;</a>&nbsp;&nbsp;&nbsp;evt_enable
<LI><a href="#[10c]">&gt;&gt;</a>&nbsp;&nbsp;&nbsp;evt_disable
<LI><a href="#[9d]">&gt;&gt;</a>&nbsp;&nbsp;&nbsp;assert_nrf_callback
</UL>
<BR>[Called By]<UL><LI><a href="#[1cc]">&gt;&gt;</a>&nbsp;&nbsp;&nbsp;rtc_schedule
</UL>

<P><STRONG><a name="[3c]"></a>fputc</STRONG> (Thumb, 16 bytes, Stack size 16 bytes, retarget.o(i.fputc))
<BR><BR>[Stack]<UL><LI>Max Depth = 456<LI>Call Chain = fputc &rArr; app_uart_put &rArr; nrf_drv_uart_tx &rArr; nrfx_uarte_tx &rArr; assert_nrf_callback &rArr; app_error_fault_handler &rArr; nrf_log_frontend_std_5 &rArr; std_n &rArr; nrf_log_frontend_dequeue &rArr; nrf_memobj_write &rArr;  assert_nrf_callback (Cycle)
</UL>
<BR>[Calls]<UL><LI><a href="#[bf]">&gt;&gt;</a>&nbsp;&nbsp;&nbsp;app_uart_put
</UL>
<BR>[Address Reference Count : 1]<UL><LI> printf8.o(i.__0printf$8)
</UL>
<P><STRONG><a name="[1e7]"></a>free</STRONG> (Thumb, 76 bytes, Stack size 8 bytes, malloc.o(i.free))
<BR><BR>[Stack]<UL><LI>Max Depth = 8<LI>Call Chain = free
</UL>
<BR>[Called By]<UL><LI><a href="#[1e6]">&gt;&gt;</a>&nbsp;&nbsp;&nbsp;usbd_ep_close
</UL>

<P><STRONG><a name="[38]"></a>main</STRONG> (Thumb, 148 bytes, Stack size 40 bytes, main.o(i.main))
<BR><BR>[Stack]<UL><LI>Max Depth = 632<LI>Call Chain = main &rArr; app_uart_init &rArr; nrf_drv_uart_init &rArr; nrfx_uarte_init &rArr; apply_config &rArr; nrf_gpio_cfg_input &rArr; nrf_gpio_cfg &rArr; nrf_gpio_pin_port_decode &rArr; assert_nrf_callback &rArr; app_error_fault_handler &rArr; nrf_log_frontend_std_5 &rArr; std_n &rArr; nrf_log_frontend_dequeue &rArr; nrf_memobj_write &rArr;  assert_nrf_callback (Cycle)
</UL>
[...]
<BR><BR>[Stack]<UL><LI>Max Depth = 600<LI>Call Chain = prefix_process &rArr; nrf_fprintf &rArr; nrf_fprintf_fmt &rArr; int_print &rArr; unsigned_print &rArr; buffer_add &rArr;  buffer_add (Cycle)
</UL>
<BR>[Calls]<UL><LI><a href="#[1c8]">&gt;&gt;</a>&nbsp;&nbsp;&nbsp;timestamp_print
<LI><a href="#[140]">&gt;&gt;</a>&nbsp;&nbsp;&nbsp;nrf_log_module_name_get
<LI><a href="#[1c7]">&gt;&gt;</a>&nbsp;&nbsp;&nbsp;nrf_log_color_id_get
<LI><a href="#[e8]">&gt;&gt;</a>&nbsp;&nbsp;&nbsp;nrf_fprintf
</UL>
<BR>[Called By]<UL><LI><a href="#[f1]">&gt;&gt;</a>&nbsp;&nbsp;&nbsp;nrf_log_std_entry_process
<LI><a href="#[f2]">&gt;&gt;</a>&nbsp;&nbsp;&nbsp;nrf_log_hexdump_entry_process
</UL>

<P><STRONG><a name="[1c8]"></a>timestamp_print</STRONG> (Thumb, 2 bytes, Stack size 0 bytes, nrf_log_str_formatter.o(i.timestamp_print))
<BR><BR>[Called By]<UL><LI><a href="#[18e]">&gt;&gt;</a>&nbsp;&nbsp;&nbsp;prefix_process
</UL>

<P><STRONG><a name="[1fe]"></a>is_device_configured</STRONG> (Thumb, 16 bytes, Stack size 0 bytes, usbd_core.o(i.is_device_configured))
<BR><BR>[Called By]<UL><LI><a href="#[1fb]">&gt;&gt;</a>&nbsp;&nbsp;&nbsp;usbd_std_interface_req_handler
<LI><a href="#[1fc]">&gt;&gt;</a>&nbsp;&nbsp;&nbsp;usbd_std_endpoint_req_handler
</UL>

<P><STRONG><a name="[1fd]"></a>is_ep_valid</STRONG> (Thumb, 16 bytes, Stack size 0 bytes, usbd_core.o(i.is_ep_valid))
<BR><BR>[Called By]<UL><LI><a href="#[1fc]">&gt;&gt;</a>&nbsp;&nbsp;&nbsp;usbd_std_endpoint_req_handler
</UL>

<P><STRONG><a name="[201]"></a>is_interface_valid</STRONG> (Thumb, 40 bytes, Stack size 0 bytes, usbd_core.o(i.is_interface_valid))
<BR><BR>[Called By]<UL><LI><a href="#[1fb]">&gt;&gt;</a>&nbsp;&nbsp;&nbsp;usbd_std_interface_req_handler
</UL>

<P><STRONG><a name="[1df]"></a>usb_slist_add_tail</STRONG> (Thumb, 16 bytes, Stack size 0 bytes, usbd_core.o(i.usb_slist_add_tail))
<BR><BR>[Called By]<UL><LI><a href="#[e4]">&gt;&gt;</a>&nbsp;&nbsp;&nbsp;usbd_interface_add_endpoint
<LI><a href="#[1dd]">&gt;&gt;</a>&nbsp;&nbsp;&nbsp;usbd_class_register
<LI><a href="#[1de]">&gt;&gt;</a>&nbsp;&nbsp;&nbsp;usbd_class_add_interface
</UL>

<P><STRONG><a name="[1ed]"></a>usbd_class_event_notify_handler</STRONG> (Thumb, 44 bytes, Stack size 24 bytes, usbd_core.o(i.usbd_class_event_notify_handler))
<BR><BR>[Stack]<UL><LI>Max Depth = 24<LI>Call Chain = usbd_class_event_notify_handler
</UL>
<BR>[Called By]<UL><LI><a href="#[9f]">&gt;&gt;</a>&nbsp;&nbsp;&nbsp;usbd_event_notify_handler
</UL>

<P><STRONG><a name="[1f8]"></a>usbd_class_request_handler</STRONG> (Thumb, 146 bytes, Stack size 32 bytes, usbd_core.o(i.usbd_class_request_handler))
<BR><BR>[Stack]<UL><LI>Max Depth = 32<LI>Call Chain = usbd_class_request_handler
</UL>
<BR>[Called By]<UL><LI><a href="#[1e4]">&gt;&gt;</a>&nbsp;&nbsp;&nbsp;usbd_setup_request_handler
</UL>

<P><STRONG><a name="[1f6]"></a>usbd_custom_request_handler</STRONG> (Thumb, 84 bytes, Stack size 32 bytes, usbd_core.o(i.usbd_custom_request_handler))
<BR><BR>[Stack]<UL><LI>Max Depth = 32<LI>Call Chain = usbd_custom_request_handler
</UL>
<BR>[Called By]<UL><LI><a href="#[1e4]">&gt;&gt;</a>&nbsp;&nbsp;&nbsp;usbd_setup_request_handler
</UL>

<P><STRONG><a name="[1e0]"></a>usbd_ep0_in_handler</STRONG> (Thumb, 42 bytes, Stack size 16 bytes, usbd_core.o(i.usbd_ep0_in_handler))
<BR><BR>[Stack]<UL><LI>Max Depth = 76<LI>Call Chain = usbd_ep0_in_handler &rArr; usbd_send_to_host &rArr; usbd_ep_write &rArr; nrf_usbd_ep_easydma_set_tx
</UL>
<BR>[Calls]<UL><LI><a href="#[1e1]">&gt;&gt;</a>&nbsp;&nbsp;&nbsp;usbd_send_to_host
</UL>
<BR>[Called By]<UL><LI><a href="#[9f]">&gt;&gt;</a>&nbsp;&nbsp;&nbsp;usbd_event_notify_handler
</UL>

<P><STRONG><a name="[1e2]"></a>usbd_ep0_out_handler</STRONG> (Thumb, 200 bytes, Stack size 16 bytes, usbd_core.o(i.usbd_ep0_out_handler))
<BR><BR>[Stack]<UL><LI>Max Depth = 180<LI>Call Chain = usbd_ep0_out_handler &rArr; usbd_setup_request_handler &rArr; usbd_standard_request_handler &rArr; usbd_std_interface_req_handler &rArr; usbd_set_interface &rArr;  usbd_event_notify_handler (Cycle)
</UL>
<BR>[Calls]<UL><LI><a href="#[1dc]">&gt;&gt;</a>&nbsp;&nbsp;&nbsp;usbd_ep_read
<LI><a href="#[1e3]">&gt;&gt;</a>&nbsp;&nbsp;&nbsp;usbd_ep_set_stall
<LI><a href="#[1e4]">&gt;&gt;</a>&nbsp;&nbsp;&nbsp;usbd_setup_request_handler
<LI><a href="#[1e1]">&gt;&gt;</a>&nbsp;&nbsp;&nbsp;usbd_send_to_host
<LI><a href="#[de]">&gt;&gt;</a>&nbsp;&nbsp;&nbsp;__2printf
</UL>
<BR>[Called By]<UL><LI><a href="#[9f]">&gt;&gt;</a>&nbsp;&nbsp;&nbsp;usbd_event_notify_handler
</UL>

<P><STRONG><a name="[1e5]"></a>usbd_ep0_setup_handler</STRONG> (Thumb, 208 bytes, Stack size 8 bytes, usbd_core.o(i.usbd_ep0_setup_handler))
<BR><BR>[Stack]<UL><LI>Max Depth = 172<LI>Call Chain = usbd_ep0_setup_handler &rArr; usbd_setup_request_handler &rArr; usbd_standard_request_handler &rArr; usbd_std_interface_req_handler &rArr; usbd_set_interface &rArr;  usbd_event_notify_handler (Cycle)
</UL>
<BR>[Calls]<UL><LI><a href="#[1dc]">&gt;&gt;</a>&nbsp;&nbsp;&nbsp;usbd_ep_read
<LI><a href="#[1e3]">&gt;&gt;</a>&nbsp;&nbsp;&nbsp;usbd_ep_set_stall
<LI><a href="#[1e4]">&gt;&gt;</a>&nbsp;&nbsp;&nbsp;usbd_setup_request_handler
<LI><a href="#[1e1]">&gt;&gt;</a>&nbsp;&nbsp;&nbsp;usbd_send_to_host
<LI><a href="#[de]">&gt;&gt;</a>&nbsp;&nbsp;&nbsp;__2printf
</UL>
<BR>[Called By]<UL><LI><a href="#[9f]">&gt;&gt;</a>&nbsp;&nbsp;&nbsp;usbd_event_notify_handler
</UL>

<P><STRONG><a name="[1ec]"></a>usbd_ep_callback_register</STRONG> (Thumb, 86 bytes, Stack size 20 bytes, usbd_core.o(i.usbd_ep_callback_register))
<BR><BR>[Stack]<UL><LI>Max Depth = 20<LI>Call Chain = usbd_ep_callback_register
</UL>
<BR>[Called By]<UL><LI><a href="#[9f]">&gt;&gt;</a>&nbsp;&nbsp;&nbsp;usbd_event_notify_handler
</UL>

<P><STRONG><a name="[1ee]"></a>usbd_ep_in_handler</STRONG> (Thumb, 32 bytes, Stack size 8 bytes, usbd_core.o(i.usbd_ep_in_handler))
<BR><BR>[Stack]<UL><LI>Max Depth = 8<LI>Call Chain = usbd_ep_in_handler
</UL>
<BR>[Called By]<UL><LI><a href="#[9f]">&gt;&gt;</a>&nbsp;&nbsp;&nbsp;usbd_event_notify_handler
</UL>

<P><STRONG><a name="[1ef]"></a>usbd_ep_out_handler</STRONG> (Thumb, 32 bytes, Stack size 8 bytes, usbd_core.o(i.usbd_ep_out_handler))
<BR><BR>[Stack]<UL><LI>Max Depth = 8<LI>Call Chain = usbd_ep_out_handler
</UL>
<BR>[Called By]<UL><LI><a href="#[9f]">&gt;&gt;</a>&nbsp;&nbsp;&nbsp;usbd_event_notify_handler
</UL>

<P><STRONG><a name="[1f0]"></a>usbd_get_descriptor</STRONG> (Thumb, 264 bytes, Stack size 40 bytes, usbd_core.o(i.usbd_get_descriptor))
<BR><BR>[Stack]<UL><LI>Max Depth = 64<LI>Call Chain = usbd_get_descriptor &rArr; __2printf
</UL>
<BR>[Calls]<UL><LI><a href="#[de]">&gt;&gt;</a>&nbsp;&nbsp;&nbsp;__2printf
</UL>
<BR>[Called By]<UL><LI><a href="#[1fa]">&gt;&gt;</a>&nbsp;&nbsp;&nbsp;usbd_std_device_req_handler
</UL>

<P><STRONG><a name="[1f1]"></a>usbd_print_setup</STRONG> (Thumb, 42 bytes, Stack size 16 bytes, usbd_core.o(i.usbd_print_setup))
<BR><BR>[Stack]<UL><LI>Max Depth = 40<LI>Call Chain = usbd_print_setup &rArr; __2printf
</UL>
<BR>[Calls]<UL><LI><a href="#[de]">&gt;&gt;</a>&nbsp;&nbsp;&nbsp;__2printf
</UL>
<BR>[Called By]<UL><LI><a href="#[1e4]">&gt;&gt;</a>&nbsp;&nbsp;&nbsp;usbd_setup_request_handler
</UL>

<P><STRONG><a name="[1f2]"></a>usbd_reset_endpoint</STRONG> (Thumb, 72 bytes, Stack size 16 bytes, usbd_core.o(i.usbd_reset_endpoint))
<BR><BR>[Stack]<UL><LI>Max Depth = 40<LI>Call Chain = usbd_reset_endpoint &rArr; usbd_ep_close &rArr; free
</UL>
<BR>[Calls]<UL><LI><a href="#[1e6]">&gt;&gt;</a>&nbsp;&nbsp;&nbsp;usbd_ep_close
<LI><a href="#[de]">&gt;&gt;</a>&nbsp;&nbsp;&nbsp;__2printf
</UL>
<BR>[Called By]<UL><LI><a href="#[1f5]">&gt;&gt;</a>&nbsp;&nbsp;&nbsp;usbd_set_interface
</UL>

<P><STRONG><a name="[1e1]"></a>usbd_send_to_host</STRONG> (Thumb, 168 bytes, Stack size 16 bytes, usbd_core.o(i.usbd_send_to_host))
<BR><BR>[Stack]<UL><LI>Max Depth = 60<LI>Call Chain = usbd_send_to_host &rArr; usbd_ep_write &rArr; nrf_usbd_ep_easydma_set_tx
</UL>
<BR>[Calls]<UL><LI><a href="#[e0]">&gt;&gt;</a>&nbsp;&nbsp;&nbsp;usbd_ep_write
<LI><a href="#[de]">&gt;&gt;</a>&nbsp;&nbsp;&nbsp;__2printf
</UL>
<BR>[Called By]<UL><LI><a href="#[1e5]">&gt;&gt;</a>&nbsp;&nbsp;&nbsp;usbd_ep0_setup_handler
<LI><a href="#[1e2]">&gt;&gt;</a>&nbsp;&nbsp;&nbsp;usbd_ep0_out_handler
<LI><a href="#[1e0]">&gt;&gt;</a>&nbsp;&nbsp;&nbsp;usbd_ep0_in_handler
</UL>

<P><STRONG><a name="[1f3]"></a>usbd_set_configuration</STRONG> (Thumb, 126 bytes, Stack size 32 bytes, usbd_core.o(i.usbd_set_configuration))
<BR><BR>[Stack]<UL><LI>Max Depth = 92<LI>Call Chain = usbd_set_configuration &rArr; usbd_set_endpoint &rArr; usbd_ep_open &rArr; malloc
</UL>
<BR>[Calls]<UL><LI><a href="#[1f4]">&gt;&gt;</a>&nbsp;&nbsp;&nbsp;usbd_set_endpoint
<LI><a href="#[de]">&gt;&gt;</a>&nbsp;&nbsp;&nbsp;__2printf
</UL>
<BR>[Called By]<UL><LI><a href="#[1fa]">&gt;&gt;</a>&nbsp;&nbsp;&nbsp;usbd_std_device_req_handler
</UL>

<P><STRONG><a name="[1f4]"></a>usbd_set_endpoint</STRONG> (Thumb, 74 bytes, Stack size 16 bytes, usbd_core.o(i.usbd_set_endpoint))
<BR><BR>[Stack]<UL><LI>Max Depth = 60<LI>Call Chain = usbd_set_endpoint &rArr; usbd_ep_open &rArr; malloc
</UL>
<BR>[Calls]<UL><LI><a href="#[1e8]">&gt;&gt;</a>&nbsp;&nbsp;&nbsp;usbd_ep_open
<LI><a href="#[de]">&gt;&gt;</a>&nbsp;&nbsp;&nbsp;__2printf
</UL>
<BR>[Called By]<UL><LI><a href="#[1f5]">&gt;&gt;</a>&nbsp;&nbsp;&nbsp;usbd_set_interface
<LI><a href="#[1f3]">&gt;&gt;</a>&nbsp;&nbsp;&nbsp;usbd_set_configuration
</UL>

<P><STRONG><a name="[1f5]"></a>usbd_set_interface</STRONG> (Thumb, 118 bytes, Stack size 40 bytes, usbd_core.o(i.usbd_set_interface))
<BR><BR>[Stack]<UL><LI>Max Depth = 100 + In Cycle
<LI>Call Chain = usbd_set_interface &rArr;  usbd_event_notify_handler (Cycle)
</UL>
<BR>[Calls]<UL><LI><a href="#[9f]">&gt;&gt;</a>&nbsp;&nbsp;&nbsp;usbd_event_notify_handler
<LI><a href="#[1f4]">&gt;&gt;</a>&nbsp;&nbsp;&nbsp;usbd_set_endpoint
<LI><a href="#[1f2]">&gt;&gt;</a>&nbsp;&nbsp;&nbsp;usbd_reset_endpoint
</UL>
<BR>[Called By]<UL><LI><a href="#[1fb]">&gt;&gt;</a>&nbsp;&nbsp;&nbsp;usbd_std_interface_req_handler
</UL>

<P><STRONG><a name="[1e4]"></a>usbd_setup_request_handler</STRONG> (Thumb, 190 bytes, Stack size 24 bytes, usbd_core.o(i.usbd_setup_request_handler))
<BR><BR>[Stack]<UL><LI>Max Depth = 164<LI>Call Chain = usbd_setup_request_handler &rArr; usbd_standard_request_handler &rArr; usbd_std_interface_req_handler &rArr; usbd_set_interface &rArr;  usbd_event_notify_handler (Cycle)
</UL>
<BR>[Calls]<UL><LI><a href="#[1f9]">&gt;&gt;</a>&nbsp;&nbsp;&nbsp;usbd_vendor_request_handler
<LI><a href="#[1f7]">&gt;&gt;</a>&nbsp;&nbsp;&nbsp;usbd_standard_request_handler
<LI><a href="#[1f1]">&gt;&gt;</a>&nbsp;&nbsp;&nbsp;usbd_print_setup
<LI><a href="#[1f6]">&gt;&gt;</a>&nbsp;&nbsp;&nbsp;usbd_custom_request_handler
<LI><a href="#[1f8]">&gt;&gt;</a>&nbsp;&nbsp;&nbsp;usbd_class_request_handler
<LI><a href="#[de]">&gt;&gt;</a>&nbsp;&nbsp;&nbsp;__2printf
</UL>
<BR>[Called By]<UL><LI><a href="#[1e5]">&gt;&gt;</a>&nbsp;&nbsp;&nbsp;usbd_ep0_setup_handler
<LI><a href="#[1e2]">&gt;&gt;</a>&nbsp;&nbsp;&nbsp;usbd_ep0_out_handler
</UL>

<P><STRONG><a name="[1f7]"></a>usbd_standard_request_handler</STRONG> (Thumb, 98 bytes, Stack size 24 bytes, usbd_core.o(i.usbd_standard_request_handler))
<BR><BR>[Stack]<UL><LI>Max Depth = 140<LI>Call Chain = usbd_standard_request_handler &rArr; usbd_std_interface_req_handler &rArr; usbd_set_interface &rArr;  usbd_event_notify_handler (Cycle)
</UL>
<BR>[Calls]<UL><LI><a href="#[1fb]">&gt;&gt;</a>&nbsp;&nbsp;&nbsp;usbd_std_interface_req_handler
<LI><a href="#[1fc]">&gt;&gt;</a>&nbsp;&nbsp;&nbsp;usbd_std_endpoint_req_handler
<LI><a href="#[1fa]">&gt;&gt;</a>&nbsp;&nbsp;&nbsp;usbd_std_device_req_handler
</UL>
<BR>[Called By]<UL><LI><a href="#[1e4]">&gt;&gt;</a>&nbsp;&nbsp;&nbsp;usbd_setup_request_handler
</UL>

<P><STRONG><a name="[1fa]"></a>usbd_std_device_req_handler</STRONG> (Thumb, 214 bytes, Stack size 24 bytes, usbd_core.o(i.usbd_std_device_req_handler))
<BR><BR>[Stack]<UL><LI>Max Depth = 116 + In Cycle
<LI>Call Chain = usbd_std_device_req_handler &rArr;  usbd_event_notify_handler (Cycle)
</UL>
<BR>[Calls]<UL><LI><a href="#[1eb]">&gt;&gt;</a>&nbsp;&nbsp;&nbsp;usbd_set_address
<LI><a href="#[9f]">&gt;&gt;</a>&nbsp;&nbsp;&nbsp;usbd_event_notify_handler
<LI><a href="#[1f3]">&gt;&gt;</a>&nbsp;&nbsp;&nbsp;usbd_set_configuration
<LI><a href="#[1f0]">&gt;&gt;</a>&nbsp;&nbsp;&nbsp;usbd_get_descriptor
<LI><a href="#[de]">&gt;&gt;</a>&nbsp;&nbsp;&nbsp;__2printf
</UL>
<BR>[Called By]<UL><LI><a href="#[1f7]">&gt;&gt;</a>&nbsp;&nbsp;&nbsp;usbd_standard_request_handler
</UL>

<P><STRONG><a name="[1fc]"></a>usbd_std_endpoint_req_handler</STRONG> (Thumb, 240 bytes, Stack size 24 bytes, usbd_core.o(i.usbd_std_endpoint_req_handler))
<BR><BR>[Stack]<UL><LI>Max Depth = 48 + In Cycle
<LI>Call Chain = usbd_std_endpoint_req_handler &rArr;  usbd_event_notify_handler (Cycle)
</UL>
<BR>[Calls]<UL><LI><a href="#[1e3]">&gt;&gt;</a>&nbsp;&nbsp;&nbsp;usbd_ep_set_stall
<LI><a href="#[1ff]">&gt;&gt;</a>&nbsp;&nbsp;&nbsp;usbd_ep_is_stalled
<LI><a href="#[200]">&gt;&gt;</a>&nbsp;&nbsp;&nbsp;usbd_ep_clear_stall
<LI><a href="#[9f]">&gt;&gt;</a>&nbsp;&nbsp;&nbsp;usbd_event_notify_handler
<LI><a href="#[1fd]">&gt;&gt;</a>&nbsp;&nbsp;&nbsp;is_ep_valid
<LI><a href="#[1fe]">&gt;&gt;</a>&nbsp;&nbsp;&nbsp;is_device_configured
<LI><a href="#[de]">&gt;&gt;</a>&nbsp;&nbsp;&nbsp;__2printf
</UL>
<BR>[Called By]<UL><LI><a href="#[1f7]">&gt;&gt;</a>&nbsp;&nbsp;&nbsp;usbd_standard_request_handler
</UL>

<P><STRONG><a name="[1fb]"></a>usbd_std_interface_req_handler</STRONG> (Thumb, 124 bytes, Stack size 16 bytes, usbd_core.o(i.usbd_std_interface_req_handler))
<BR><BR>[Stack]<UL><LI>Max Depth = 116<LI>Call Chain = usbd_std_interface_req_handler &rArr; usbd_set_interface &rArr;  usbd_event_notify_handler (Cycle)
</UL>
<BR>[Calls]<UL><LI><a href="#[1f5]">&gt;&gt;</a>&nbsp;&nbsp;&nbsp;usbd_set_interface
<LI><a href="#[201]">&gt;&gt;</a>&nbsp;&nbsp;&nbsp;is_interface_valid
<LI><a href="#[1fe]">&gt;&gt;</a>&nbsp;&nbsp;&nbsp;is_device_configured
<LI><a href="#[de]">&gt;&gt;</a>&nbsp;&nbsp;&nbsp;__2printf
</UL>
<BR>[Called By]<UL><LI><a href="#[1f7]">&gt;&gt;</a>&nbsp;&nbsp;&nbsp;usbd_standard_request_handler
</UL>

<P><STRONG><a name="[1f9]"></a>usbd_vendor_request_handler</STRONG> (Thumb, 312 bytes, Stack size 32 bytes, usbd_core.o(i.usbd_vendor_request_handler))
<BR><BR>[Stack]<UL><LI>Max Depth = 56<LI>Call Chain = usbd_vendor_request_handler &rArr; __2printf
</UL>
<BR>[Calls]<UL><LI><a href="#[de]">&gt;&gt;</a>&nbsp;&nbsp;&nbsp;__2printf
</UL>
<BR>[Called By]<UL><LI><a href="#[1e4]">&gt;&gt;</a>&nbsp;&nbsp;&nbsp;usbd_setup_request_handler
</UL>

<P><STRONG><a name="[4b]"></a>cdc_acm_class_request_handler</STRONG> (Thumb, 146 bytes, Stack size 24 bytes, usbd_cdc.o(i.cdc_acm_class_request_handler))
<BR><BR>[Stack]<UL><LI>Max Depth = 48<LI>Call Chain = cdc_acm_class_request_handler &rArr; __2printf
</UL>
<BR>[Calls]<UL><LI><a href="#[dc]">&gt;&gt;</a>&nbsp;&nbsp;&nbsp;usbd_cdc_acm_set_dtr
<LI><a href="#[dd]">&gt;&gt;</a>&nbsp;&nbsp;&nbsp;usbd_cdc_acm_set_rts
<LI><a href="#[db]">&gt;&gt;</a>&nbsp;&nbsp;&nbsp;usbd_cdc_acm_set_line_coding
<LI><a href="#[de]">&gt;&gt;</a>&nbsp;&nbsp;&nbsp;__2printf
</UL>
<BR>[Address Reference Count : 1]<UL><LI> usbd_cdc.o(i.usbd_cdc_add_acm_interface)
</UL>
<P><STRONG><a name="[4c]"></a>cdc_notify_handler</STRONG> (Thumb, 22 bytes, Stack size 16 bytes, usbd_cdc.o(i.cdc_notify_handler))
<BR><BR>[Stack]<UL><LI>Max Depth = 16<LI>Call Chain = cdc_notify_handler
</UL>
<BR>[Calls]<UL><LI><a href="#[e6]">&gt;&gt;</a>&nbsp;&nbsp;&nbsp;usbd_cdc_acm_reset
</UL>
<BR>[Address Reference Count : 1]<UL><LI> usbd_cdc.o(i.usbd_cdc_add_acm_interface)
</UL>
<P><STRONG><a name="[e6]"></a>usbd_cdc_acm_reset</STRONG> (Thumb, 18 bytes, Stack size 0 bytes, usbd_cdc.o(i.usbd_cdc_acm_reset))
<BR><BR>[Called By]<UL><LI><a href="#[4c]">&gt;&gt;</a>&nbsp;&nbsp;&nbsp;cdc_notify_handler
</UL>

<P><STRONG><a name="[a0]"></a>get_setup_packet</STRONG> (Thumb, 70 bytes, Stack size 0 bytes, usb_dc_nrf5x.o(i.get_setup_packet))
<BR><BR>[Called By]<UL><LI><a href="#[1dc]">&gt;&gt;</a>&nbsp;&nbsp;&nbsp;usbd_ep_read
<LI><a href="#[32]">&gt;&gt;</a>&nbsp;&nbsp;&nbsp;USBD_IRQHandler
</UL>

<P><STRONG><a name="[1a1]"></a>nrf_usbd_enable</STRONG> (Thumb, 124 bytes, Stack size 8 bytes, usb_dc_nrf5x.o(i.nrf_usbd_enable))
<BR><BR>[Stack]<UL><LI>Max Depth = 384<LI>Call Chain = nrf_usbd_enable &rArr; usb_dc_low_level_init &rArr; assert_nrf_callback &rArr; app_error_fault_handler &rArr; nrf_log_frontend_std_5 &rArr; std_n &rArr; nrf_log_frontend_dequeue &rArr; nrf_memobj_write &rArr;  assert_nrf_callback (Cycle)
</UL>
<BR>[Calls]<UL><LI><a href="#[1a2]">&gt;&gt;</a>&nbsp;&nbsp;&nbsp;usb_dc_low_level_init
</UL>
<BR>[Called By]<UL><LI><a href="#[1db]">&gt;&gt;</a>&nbsp;&nbsp;&nbsp;usb_dc_init
</UL>

<P><STRONG><a name="[9e]"></a>nrf_usbd_ep_easydma_set_rx</STRONG> (Thumb, 48 bytes, Stack size 12 bytes, usb_dc_nrf5x.o(i.nrf_usbd_ep_easydma_set_rx))
<BR><BR>[Stack]<UL><LI>Max Depth = 12<LI>Call Chain = nrf_usbd_ep_easydma_set_rx
</UL>
<BR>[Called By]<UL><LI><a href="#[32]">&gt;&gt;</a>&nbsp;&nbsp;&nbsp;USBD_IRQHandler
</UL>

<P><STRONG><a name="[1ea]"></a>nrf_usbd_ep_easydma_set_tx</STRONG> (Thumb, 48 bytes, Stack size 12 bytes, usb_dc_nrf5x.o(i.nrf_usbd_ep_easydma_set_tx))
<BR><BR>[Stack]<UL><LI>Max Depth = 12<LI>Call Chain = nrf_usbd_ep_easydma_set_tx
</UL>
<BR>[Called By]<UL><LI><a href="#[e0]">&gt;&gt;</a>&nbsp;&nbsp;&nbsp;usbd_ep_write
</UL>

<P><STRONG><a name="[98]"></a>nrf52_errata_103</STRONG> (Thumb, 56 bytes, Stack size 0 bytes, system_nrf52840.o(i.nrf52_errata_103))
<BR><BR>[Called By]<UL><LI><a href="#[3a]">&gt;&gt;</a>&nbsp;&nbsp;&nbsp;SystemInit
</UL>

<P><STRONG><a name="[99]"></a>nrf52_errata_115</STRONG> (Thumb, 56 bytes, Stack size 0 bytes, system_nrf52840.o(i.nrf52_errata_115))
<BR><BR>[Called By]<UL><LI><a href="#[3a]">&gt;&gt;</a>&nbsp;&nbsp;&nbsp;SystemInit
</UL>

<P><STRONG><a name="[9a]"></a>nrf52_errata_120</STRONG> (Thumb, 56 bytes, Stack size 0 bytes, system_nrf52840.o(i.nrf52_errata_120))
<BR><BR>[Called By]<UL><LI><a href="#[3a]">&gt;&gt;</a>&nbsp;&nbsp;&nbsp;SystemInit
</UL>

<P><STRONG><a name="[9b]"></a>nrf52_errata_136</STRONG> (Thumb, 56 bytes, Stack size 0 bytes, system_nrf52840.o(i.nrf52_errata_136))
<BR><BR>[Called By]<UL><LI><a href="#[3a]">&gt;&gt;</a>&nbsp;&nbsp;&nbsp;SystemInit
</UL>

<P><STRONG><a name="[95]"></a>nrf52_errata_36</STRONG> (Thumb, 56 bytes, Stack size 0 bytes, system_nrf52840.o(i.nrf52_errata_36))
<BR><BR>[Called By]<UL><LI><a href="#[3a]">&gt;&gt;</a>&nbsp;&nbsp;&nbsp;SystemInit
</UL>

<P><STRONG><a name="[96]"></a>nrf52_errata_66</STRONG> (Thumb, 56 bytes, Stack size 0 bytes, system_nrf52840.o(i.nrf52_errata_66))
<BR><BR>[Called By]<UL><LI><a href="#[3a]">&gt;&gt;</a>&nbsp;&nbsp;&nbsp;SystemInit
</UL>

<P><STRONG><a name="[97]"></a>nrf52_errata_98</STRONG> (Thumb, 56 bytes, Stack size 0 bytes, system_nrf52840.o(i.nrf52_errata_98))
<BR><BR>[Called By]<UL><LI><a href="#[3a]">&gt;&gt;</a>&nbsp;&nbsp;&nbsp;SystemInit
</UL>

<P><STRONG><a name="[a2]"></a>_printf_core</STRONG> (Thumb, 984 bytes, Stack size 104 bytes, printf8.o(i._printf_core), UNUSED)
<BR><BR>[Calls]<UL><LI><a href="#[83]">&gt;&gt;</a>&nbsp;&nbsp;&nbsp;__aeabi_uldivmod
<LI><a href="#[a3]">&gt;&gt;</a>&nbsp;&nbsp;&nbsp;_printf_pre_padding
<LI><a href="#[a4]">&gt;&gt;</a>&nbsp;&nbsp;&nbsp;_printf_post_padding
</UL>
<BR>[Called By]<UL><LI><a href="#[a1]">&gt;&gt;</a>&nbsp;&nbsp;&nbsp;__0printf$8
</UL>

<P><STRONG><a name="[a4]"></a>_printf_post_padding</STRONG> (Thumb, 36 bytes, Stack size 24 bytes, printf8.o(i._printf_post_padding), UNUSED)
<BR><BR>[Called By]<UL><LI><a href="#[a2]">&gt;&gt;</a>&nbsp;&nbsp;&nbsp;_printf_core
</UL>

<P><STRONG><a name="[a3]"></a>_printf_pre_padding</STRONG> (Thumb, 46 bytes, Stack size 24 bytes, printf8.o(i._printf_pre_padding), UNUSED)
<BR><BR>[Called By]<UL><LI><a href="#[a2]">&gt;&gt;</a>&nbsp;&nbsp;&nbsp;_printf_core
</UL>
<P>
<H3>
Undefined Global Symbols
</H3><HR></body></html>
