<html>
<body>
<pre>
<h1>µVision Build Log</h1>
<h2>Tool Versions:</h2>
IDE-Version: ¦ÌVision V5.37.0.0
Copyright (C) 2022 ARM Ltd and ARM Germany GmbH. All rights reserved.
License Information: Jiale Chen, SDU, LIC=0VRJ7-EZXWC-PH189-4TNCH-7RG75-4EXTH
 
Tool Versions:
Toolchain:       MDK-ARM Professional  Version: 5.37.0.0
Toolchain Path:  D:\software\Keil\Keil_v5\ARM\ARMCCv506u7\Bin
C Compiler:      Armcc.exe V5.06 update 7 (build 960)
Assembler:       Armasm.exe V5.06 update 7 (build 960)
Linker/Locator:  ArmLink.exe V5.06 update 7 (build 960)
Library Manager: ArmAr.exe V5.06 update 7 (build 960)
Hex Converter:   FromElf.exe V5.06 update 7 (build 960)
CPU DLL:         
Dialog DLL:      
Target DLL:      Segger\JL2CM3.dll V2.99.42.0
Dialog DLL:      TCM.DLL V1.56.1.0
 
<h2>Project:</h2>
C:\Users\CJL\Desktop\cherry_usb_nrf5x\pca10056\blank\arm5_no_packs\usbd_pca10056.uvprojx
Project File Date:  09/23/2022

<h2>Output:</h2>
*** Using Compiler 'V5.06 update 7 (build 960)', folder: 'D:\software\Keil\Keil_v5\ARM\ARMCCv506u7\Bin'
Build target 'nrf52840_xxaa'
compiling main.c...
linking...
Program Size: Code=42976 RO-data=7332 RW-data=2804 ZI-data=23644  
FromELF: creating hex file...
After Build - User command #1: D:\software\Keil\Keil_v5\ARM\ARMCC\bin\fromelf.exe --bin --output=Bin\nrf52840_xxaa.bin .\_build\nrf52840_xxaa.axf
".\_build\nrf52840_xxaa.axf" - 0 Error(s), 0 Warning(s).

<h2>Software Packages used:</h2>

Package Vendor: ARM
                http://www.keil.com/pack/ARM.CMSIS.5.6.0.pack
                ARM.CMSIS.5.6.0
                CMSIS (Cortex Microcontroller Software Interface Standard)
   * Component: CORE Version: 5.3.0

Package Vendor: NordicSemiconductor
                http://developer.nordicsemi.com/nRF5_SDK/pieces/nRF_DeviceFamilyPack/NordicSemiconductor.nRF_DeviceFamilyPack.8.35.0.pack
                NordicSemiconductor.nRF_DeviceFamilyPack.8.35.0
                Nordic Semiconductor nRF ARM devices Device Family Pack with BSD license.
   * Component: Startup Version: 8.35.0

<h2>Collection of Component include folders:</h2>
  ./RTE/_nrf52840_xxaa
  D:/software/Keil/Packs/ARM/CMSIS/5.6.0/CMSIS/Core/Include
  D:/software/Keil/Packs/NordicSemiconductor/nRF_DeviceFamilyPack/8.35.0/Device/Include

<h2>Collection of Component Files used:</h2>

   * Component: ARM::CMSIS:CORE:5.3.0

   * Component: NordicSemiconductor::Device:Startup:8.35.0
      Source file:   Device/Source/system_nrf52840.c
      Source file:   Device/Source/arm/arm_startup_nrf52840.s
      Include file:  Device/Include/system_nrf.h
      Include file:  Device/Include/system_nrf52840.h
Build Time Elapsed:  00:00:02
</pre>
</body>
</html>
