Component: ARM Compiler 5.06 update 7 (build 960) Tool: armlink [4d3601]

==============================================================================

Section Cross References

    main.o(i.main) refers to nrf_log_frontend.o(i.nrf_log_init) for nrf_log_init
    main.o(i.main) refers to nrf_drv_clock.o(i.nrf_drv_clock_init) for nrf_drv_clock_init
    main.o(i.main) refers to nrf_drv_power.o(i.nrf_drv_power_init) for nrf_drv_power_init
    main.o(i.main) refers to app_timer2.o(i.app_timer_init) for app_timer_init
    main.o(i.main) refers to memmovea.o(.text) for __aeabi_memcpy4
    main.o(i.main) refers to app_uart_fifo.o(i.app_uart_init) for app_uart_init
    main.o(i.main) refers to app_error_handler_keil.o(.emb_text) for app_error_handler
    main.o(i.main) refers to printf1.o(i.__0printf$1) for __2printf
    main.o(i.main) refers to cdc_acm_template.o(i.cdc_acm_init) for cdc_acm_init
    main.o(i.main) refers to cdc_acm_template.o(i.cdc_acm_data_send_with_dtr_test) for cdc_acm_data_send_with_dtr_test
    main.o(i.main) refers to main.o(.constdata) for .constdata
    main.o(i.main) refers to main.o(.bss) for rx_buf
    main.o(i.main) refers to main.o(i.uart_error_handle) for uart_error_handle
    main.o(i.power_event_handler) refers to usb_dc_nrf5x.o(i.cherry_usb_hal_nrf_power_event) for cherry_usb_hal_nrf_power_event
    main.o(i.uart_error_handle) refers to app_error_handler_keil.o(.emb_text) for app_error_handler
    main.o(i.usb_dc_low_level_post_init) refers to nrf_assert.o(i.assert_nrf_callback) for assert_nrf_callback
    main.o(i.usb_dc_low_level_pre_init) refers to nrfx_power.o(i.nrfx_power_usbevt_init) for nrfx_power_usbevt_init
    main.o(i.usb_dc_low_level_pre_init) refers to nrfx_power.o(i.nrfx_power_usbevt_enable) for nrfx_power_usbevt_enable
    main.o(i.usb_dc_low_level_pre_init) refers to usb_dc_nrf5x.o(i.cherry_usb_hal_nrf_power_event) for cherry_usb_hal_nrf_power_event
    main.o(i.usb_dc_low_level_pre_init) refers to main.o(.constdata) for .constdata
    main.o(.constdata) refers to main.o(.data) for m_cli_uart_transport_timer_data
    main.o(.constdata) refers to main.o(.bss) for m_cli_uart_transport_tx_ringbuf_buf
    main.o(.constdata) refers to nrf_cli_uart.o(.constdata) for nrf_cli_uart_transport_api
    main.o(.constdata) refers to main.o(.conststring) for .conststring
    main.o(.constdata) refers to main.o(log_backends) for m_cli_uart_log_backend
    main.o(.constdata) refers to main.o(nrf_balloc) for m_cli_uart_cmd_hist_memobj
    main.o(.constdata) refers to main.o(i.power_event_handler) for power_event_handler
    main.o(.data) refers to main.o(log_dynamic_data) for m_nrf_log_app_timer_m_cli_uart_transport_timer_logs_data_dynamic
    main.o(.data) refers to main.o(.bss) for m_cli_uart_ctx
    main.o(.data) refers to main.o(.constdata) for m_cli_uart
    main.o(.data) refers to nrf_cli.o(i.nrf_cli_print_stream) for nrf_cli_print_stream
    main.o(.data) refers to main.o(nrf_queue) for m_cli_uart_log_backend_queue
    main.o(log_backends) refers to nrf_cli.o(.constdata) for nrf_log_backend_cli_api
    main.o(log_backends) refers to main.o(.data) for cli_log_backendm_cli_uart_log_backend
    main.o(log_backends) refers to main.o(.conststrlit) for .conststrlit
    main.o(log_const_data) refers to main.o(.conststrlit) for .conststrlit
    main.o(nrf_balloc) refers to main.o(.data) for m_cli_uart_cmd_hist_memobj_nrf_balloc_cb
    main.o(nrf_balloc) refers to main.o(.bss) for m_cli_uart_cmd_hist_memobj_nrf_balloc_pool_mem
    main.o(nrf_balloc) refers to main.o(log_dynamic_data) for m_nrf_log_balloc_m_cli_uart_cmd_hist_memobj_logs_data_dynamic
    main.o(nrf_balloc) refers to main.o(.conststrlit) for .conststrlit
    main.o(nrf_queue) refers to main.o(.bss) for m_cli_uart_log_backend_queue_nrf_queue_cb
    main.o(nrf_queue) refers to main.o(.conststrlit) for .conststrlit
    main.o(nrf_queue) refers to main.o(log_dynamic_data) for m_nrf_log_queue_m_cli_uart_log_backend_queue_logs_data_dynamic
    cdc_acm_template.o(i.cdc_acm_data_send_with_dtr_test) refers to memseta.o(.text) for __aeabi_memset
    cdc_acm_template.o(i.cdc_acm_data_send_with_dtr_test) refers to usb_dc_nrf5x.o(i.usbd_ep_start_write) for usbd_ep_start_write
    cdc_acm_template.o(i.cdc_acm_data_send_with_dtr_test) refers to cdc_acm_template.o(.data) for dtr_enable
    cdc_acm_template.o(i.cdc_acm_init) refers to usbd_core.o(i.usbd_desc_register) for usbd_desc_register
    cdc_acm_template.o(i.cdc_acm_init) refers to usbd_cdc.o(i.usbd_cdc_acm_alloc_intf) for usbd_cdc_acm_alloc_intf
    cdc_acm_template.o(i.cdc_acm_init) refers to usbd_core.o(i.usbd_add_interface) for usbd_add_interface
    cdc_acm_template.o(i.cdc_acm_init) refers to usbd_core.o(i.usbd_add_endpoint) for usbd_add_endpoint
    cdc_acm_template.o(i.cdc_acm_init) refers to usbd_core.o(i.usbd_initialize) for usbd_initialize
[...]
    nrf_ringbuf_put                          0x00007285   Thumb Code    64  nrf_ringbuf.o(i.nrf_ringbuf_put)
    nrf_sortlist_add                         0x00007311   Thumb Code    60  nrf_sortlist.o(i.nrf_sortlist_add)
    nrf_sortlist_peek                        0x00007389   Thumb Code    20  nrf_sortlist.o(i.nrf_sortlist_peek)
    nrf_sortlist_pop                         0x000073d9   Thumb Code    38  nrf_sortlist.o(i.nrf_sortlist_pop)
    nrf_sortlist_remove                      0x0000743d   Thumb Code    64  nrf_sortlist.o(i.nrf_sortlist_remove)
    nrf_strerror_find                        0x000074b9   Thumb Code    60  nrf_strerror.o(i.nrf_strerror_find)
    nrf_strerror_get                         0x000074f9   Thumb Code    22  nrf_strerror.o(i.nrf_strerror_get)
    nrfx_clock_enable                        0x0000766d   Thumb Code    34  nrfx_clock.o(i.nrfx_clock_enable)
    nrfx_clock_init                          0x000076d1   Thumb Code    44  nrfx_clock.o(i.nrfx_clock_init)
    nrfx_clock_irq_handler                   0x00007735   Thumb Code    80  nrfx_clock.o(i.nrfx_clock_irq_handler)
    nrfx_power_init                          0x000079ad   Thumb Code    64  nrfx_power.o(i.nrfx_power_init)
    nrfx_power_irq_handler                   0x00007a29   Thumb Code   250  nrfx_power.o(i.nrfx_power_irq_handler)
    nrfx_power_usbevt_enable                 0x00007b69   Thumb Code    12  nrfx_power.o(i.nrfx_power_usbevt_enable)
    nrfx_power_usbevt_init                   0x00007b75   Thumb Code    30  nrfx_power.o(i.nrfx_power_usbevt_init)
    nrfx_power_usbevt_uninit                 0x00007bcd   Thumb Code     8  nrfx_power.o(i.nrfx_power_usbevt_uninit)
    nrfx_prs_acquire                         0x00007bd9   Thumb Code    82  nrfx_prs.o(i.nrfx_prs_acquire)
    nrfx_prs_release                         0x00007c65   Thumb Code    32  nrfx_prs.o(i.nrfx_prs_release)
    nrfx_uart_0_irq_handler                  0x00007cbd   Thumb Code    12  nrfx_uart.o(i.nrfx_uart_0_irq_handler)
    nrfx_uart_init                           0x00007cd1   Thumb Code   138  nrfx_uart.o(i.nrfx_uart_init)
    nrfx_uart_rx                             0x00007d99   Thumb Code   354  nrfx_uart.o(i.nrfx_uart_rx)
    nrfx_uart_rx_abort                       0x00007f35   Thumb Code    24  nrfx_uart.o(i.nrfx_uart_rx_abort)
    nrfx_uart_tx                             0x00007f4d   Thumb Code   178  nrfx_uart.o(i.nrfx_uart_tx)
    nrfx_uart_tx_in_progress                 0x00008039   Thumb Code    30  nrfx_uart.o(i.nrfx_uart_tx_in_progress)
    nrfx_uart_uninit                         0x0000805d   Thumb Code    62  nrfx_uart.o(i.nrfx_uart_uninit)
    nrfx_uarte_0_irq_handler                 0x000080a1   Thumb Code    12  nrfx_uarte.o(i.nrfx_uarte_0_irq_handler)
    nrfx_uarte_init                          0x000080b5   Thumb Code   130  nrfx_uarte.o(i.nrfx_uarte_init)
    nrfx_uarte_rx                            0x00008175   Thumb Code   386  nrfx_uarte.o(i.nrfx_uarte_rx)
    nrfx_uarte_rx_abort                      0x00008331   Thumb Code    38  nrfx_uarte.o(i.nrfx_uarte_rx_abort)
    nrfx_uarte_tx                            0x0000835d   Thumb Code   268  nrfx_uarte.o(i.nrfx_uarte_tx)
    nrfx_uarte_tx_in_progress                0x000084a1   Thumb Code    26  nrfx_uarte.o(i.nrfx_uarte_tx_in_progress)
    nrfx_uarte_uninit                        0x000084c1   Thumb Code   142  nrfx_uarte.o(i.nrfx_uarte_uninit)
    privilege_level_get                      0x000088dd   Thumb Code    34  app_util_platform.o(i.privilege_level_get)
    uart_error_handle                        0x000091d1   Thumb Code    46  main.o(i.uart_error_handle)
    usb_dc_init                              0x0000983d   Thumb Code    62  usb_dc_nrf5x.o(i.usb_dc_init)
    usb_dc_low_level_post_init               0x00009895   Thumb Code    96  main.o(i.usb_dc_low_level_post_init)
    usb_dc_low_level_pre_init                0x00009929   Thumb Code    66  main.o(i.usb_dc_low_level_pre_init)
    usbd_add_endpoint                        0x00009975   Thumb Code    42  usbd_core.o(i.usbd_add_endpoint)
    usbd_add_interface                       0x000099a5   Thumb Code    42  usbd_core.o(i.usbd_add_interface)
    usbd_cdc_acm_alloc_intf                  0x000099d9   Thumb Code    34  usbd_cdc.o(i.usbd_cdc_acm_alloc_intf)
    usbd_cdc_acm_bulk_in                     0x00009a05   Thumb Code    42  cdc_acm_template.o(i.usbd_cdc_acm_bulk_in)
    usbd_cdc_acm_bulk_out                    0x00009a49   Thumb Code    28  cdc_acm_template.o(i.usbd_cdc_acm_bulk_out)
    usbd_cdc_acm_get_line_coding             0x00009a7d   Thumb Code    16  usbd_cdc.o(i.usbd_cdc_acm_get_line_coding)
    usbd_cdc_acm_set_dtr                     0x00009a91   Thumb Code    18  cdc_acm_template.o(i.usbd_cdc_acm_set_dtr)
    usbd_cdc_acm_set_line_coding             0x00009aa9   Thumb Code     2  usbd_cdc.o(i.usbd_cdc_acm_set_line_coding)
    usbd_cdc_acm_set_rts                     0x00009aab   Thumb Code     2  usbd_cdc.o(i.usbd_cdc_acm_set_rts)
    usbd_configure_done_callback             0x00009b55   Thumb Code    16  cdc_acm_template.o(i.usbd_configure_done_callback)
    usbd_desc_register                       0x00009b69   Thumb Code     6  usbd_core.o(i.usbd_desc_register)
    usbd_ep_clear_stall                      0x00009b75   Thumb Code    82  usb_dc_nrf5x.o(i.usbd_ep_clear_stall)
    usbd_ep_close                            0x00009bcd   Thumb Code   292  usb_dc_nrf5x.o(i.usbd_ep_close)
    usbd_ep_open                             0x00009d05   Thumb Code   458  usb_dc_nrf5x.o(i.usbd_ep_open)
    usbd_ep_set_stall                        0x00009eed   Thumb Code    64  usb_dc_nrf5x.o(i.usbd_ep_set_stall)
    usbd_ep_start_read                       0x00009f35   Thumb Code   196  usb_dc_nrf5x.o(i.usbd_ep_start_read)
    usbd_ep_start_write                      0x0000a001   Thumb Code   282  usb_dc_nrf5x.o(i.usbd_ep_start_write)
    usbd_event_ep0_setup_complete_handler    0x0000a125   Thumb Code   220  usbd_core.o(i.usbd_event_ep0_setup_complete_handler)
    usbd_event_ep_in_complete_handler        0x0000a205   Thumb Code   132  usbd_core.o(i.usbd_event_ep_in_complete_handler)
    usbd_event_ep_out_complete_handler       0x0000a291   Thumb Code   122  usbd_core.o(i.usbd_event_ep_out_complete_handler)
    usbd_event_reset_handler                 0x0000a315   Thumb Code    66  usbd_core.o(i.usbd_event_reset_handler)
    usbd_initialize                          0x0000a425   Thumb Code     8  usbd_core.o(i.usbd_initialize)
    usbd_set_address                         0x0000a461   Thumb Code    40  usb_dc_nrf5x.o(i.usbd_set_address)
    nrf_cli_balloc_raw                       0x0000ac00   Data          16  nrf_balloc.o(.constdata)
    nrf_log_backend_cli_api                  0x0000ac10   Data          12  nrf_cli.o(.constdata)
    nrf_cli_clear_raw                        0x0000ad34   Data          16  nrf_cli.o(.constdata)
    nrf_cli_cli_raw                          0x0000ad44   Data          16  nrf_cli.o(.constdata)
    nrf_cli_history_raw                      0x0000ad54   Data          16  nrf_cli.o(.constdata)
    nrf_cli_resize_raw                       0x0000ad64   Data          16  nrf_cli.o(.constdata)
    nrf_cli_uart_transport_api               0x0000adc4   Data          20  nrf_cli_uart.o(.constdata)
    nrf_cli_queue_raw                        0x0000ae10   Data          16  nrf_queue.o(.constdata)
    nrf_log_backend_uart_api                 0x0000af6c   Data          12  nrf_log_backend_uart.o(.constdata)
    nrf_cli_log_raw                          0x0000b0f4   Data          16  nrf_log_frontend.o(.constdata)
    __ctype_table                            0x0000b104   Data         129  ctype_o.o(.constdata)
    Region$$Table$$Base                      0x0000c328   Number         0  anon$$obj.o(Region$$Table)
    Region$$Table$$Limit                     0x0000c348   Number         0  anon$$obj.o(Region$$Table)
    cli_command$$Base                        0x0000c348   Number         0  nrf_balloc.o(cli_command)
    nrf_cli_balloc_const                     0x0000c348   Data           8  nrf_balloc.o(cli_command)
    nrf_cli_clear_const                      0x0000c350   Data           8  nrf_cli.o(cli_command)
    nrf_cli_cli_const                        0x0000c358   Data           8  nrf_cli.o(cli_command)
    nrf_cli_history_const                    0x0000c360   Data           8  nrf_cli.o(cli_command)
    nrf_cli_resize_const                     0x0000c368   Data           8  nrf_cli.o(cli_command)
    nrf_cli_queue_const                      0x0000c370   Data           8  nrf_queue.o(cli_command)
    nrf_cli_log_const                        0x0000c378   Data           8  nrf_log_frontend.o(cli_command)
    cli_command$$Limit                       0x0000c380   Number         0  nrf_log_frontend.o(cli_command)
    log_backends$$Base                       0x0000c380   Number         0  main.o(log_backends)
    log_backends$$Limit                      0x0000c3a0   Number         0  nrf_log_default_backends.o(log_backends)
    log_const_data$$Base                     0x0000c3a0   Number         0  main.o(log_const_data)
    m_nrf_log_app_timer_m_cli_uart_transport_timer_logs_data_const 0x0000c3a0   Data           8  main.o(log_const_data)
    m_nrf_log_queue_m_cli_uart_log_backend_queue_logs_data_const 0x0000c3a8   Data           8  main.o(log_const_data)
    m_nrf_log_balloc_m_cli_uart_cmd_hist_memobj_logs_data_const 0x0000c3b0   Data           8  main.o(log_const_data)
    m_nrf_log_clock_logs_data_const          0x0000c3b8   Data           8  nrf_drv_clock.o(log_const_data)
    m_nrf_log_CLOCK_logs_data_const          0x0000c3c0   Data           8  nrfx_clock.o(log_const_data)
    m_nrf_log_UART_logs_data_const           0x0000c3c8   Data           8  nrfx_uart.o(log_const_data)
    m_nrf_log_UARTE_logs_data_const          0x0000c3d0   Data           8  nrfx_uarte.o(log_const_data)
    m_nrf_log_USBD_logs_data_const           0x0000c3d8   Data           8  nrfx_usbd.o(log_const_data)
    m_nrf_log_GPIOTE_logs_data_const         0x0000c3e0   Data           8  nrfx_gpiote.o(log_const_data)
    m_nrf_log_PRS_logs_data_const            0x0000c3e8   Data           8  nrfx_prs.o(log_const_data)
    m_nrf_log_app_timer_logs_data_const      0x0000c3f0   Data           8  app_timer2.o(log_const_data)
    m_nrf_log_atfifo_m_req_fifo_logs_data_const 0x0000c3f8   Data           8  app_timer2.o(log_const_data)
    m_nrf_log_hardfault_logs_data_const      0x0000c400   Data           8  hardfault_implementation.o(log_const_data)
    m_nrf_log_cli_uart_logs_data_const       0x0000c408   Data           8  nrf_cli_uart.o(log_const_data)
    m_nrf_log_pwr_mgmt_logs_data_const       0x0000c410   Data           8  nrf_pwr_mgmt.o(log_const_data)
    m_nrf_log_sortlist_logs_data_const       0x0000c418   Data           8  nrf_sortlist.o(log_const_data)
    m_nrf_log_balloc_log_mempool_logs_data_const 0x0000c420   Data           8  nrf_log_frontend.o(log_const_data)
    m_nrf_log_app_logs_data_const            0x0000c428   Data           8  nrf_log_frontend.o(log_const_data)
    log_const_data$$Limit                    0x0000c430   Number         0  nrf_log_frontend.o(log_const_data)
    m_cli_uart_cmd_hist_memobj               0x0000c430   Data          28  main.o(nrf_balloc)
    nrf_balloc$$Base                         0x0000c430   Number         0  main.o(nrf_balloc)
    log_mempool                              0x0000c44c   Data          28  nrf_log_frontend.o(nrf_balloc)
    m_cli_uart_log_backend_queue             0x0000c468   Data          28  main.o(nrf_queue)
    nrf_balloc$$Limit                        0x0000c468   Number         0  nrf_log_frontend.o(nrf_balloc)
    nrf_queue$$Base                          0x0000c468   Number         0  main.o(nrf_queue)
    nrf_queue$$Limit                         0x0000c484   Number         0  main.o(nrf_queue)
    write_buffer                             0x20000064   Data        2048  cdc_acm_template.o(.data)
    ep_tx_busy_flag                          0x20000864   Data           1  cdc_acm_template.o(.data)
    cdc_out_ep                               0x20000868   Data           8  cdc_acm_template.o(.data)
    cdc_in_ep                                0x20000870   Data           8  cdc_acm_template.o(.data)
    dtr_enable                               0x20000878   Data           1  cdc_acm_template.o(.data)
    nrf_drv_uart_use_easy_dma                0x2000088c   Data           2  nrf_drv_uart.o(.data)
    nrfx_clock_irq_enabled                   0x20000898   Data           1  nrfx_clock.o(.data)
    nrfx_power_irq_enabled                   0x2000089c   Data           1  nrfx_power.o(.data)
    app_uart_inst                            0x20000968   Data          20  app_uart_fifo.o(.data)
    __stdout                                 0x20000984   Data           4  retarget.o(.data)
    __stdin                                  0x20000988   Data           4  retarget.o(.data)
    m_uart                                   0x2000098c   Data          20  nrf_log_backend_uart.o(.data)
    usbd_intf_head                           0x20000a28   Data           4  usbd_core.o(.data)
    SystemCoreClock                          0x20000a3c   Data           4  system_nrf52840.o(.data)
    __microlib_freelist                      0x20000a40   Data           4  mvars.o(.data)
    __microlib_freelist_initialised          0x20000a44   Data           4  mvars.o(.data)
    balloc_str_ptr                           0x20000a48   Data           4  nrf_balloc.o(cli_sorted_cmd_ptrs)
    cli_sorted_cmd_ptrs$$Base                0x20000a48   Number         0  nrf_balloc.o(cli_sorted_cmd_ptrs)
    clear_str_ptr                            0x20000a4c   Data           4  nrf_cli.o(cli_sorted_cmd_ptrs)
    cli_str_ptr                              0x20000a50   Data           4  nrf_cli.o(cli_sorted_cmd_ptrs)
    history_str_ptr                          0x20000a54   Data           4  nrf_cli.o(cli_sorted_cmd_ptrs)
    resize_str_ptr                           0x20000a58   Data           4  nrf_cli.o(cli_sorted_cmd_ptrs)
    queue_str_ptr                            0x20000a5c   Data           4  nrf_queue.o(cli_sorted_cmd_ptrs)
    log_str_ptr                              0x20000a60   Data           4  nrf_log_frontend.o(cli_sorted_cmd_ptrs)
    log_dynamic_data$$Base                   0x20000a64   Number         0  main.o(log_dynamic_data)
    m_nrf_log_app_timer_m_cli_uart_transport_timer_logs_data_dynamic 0x20000a64   Data           4  main.o(log_dynamic_data)
    m_nrf_log_queue_m_cli_uart_log_backend_queue_logs_data_dynamic 0x20000a68   Data           4  main.o(log_dynamic_data)
    m_nrf_log_balloc_m_cli_uart_cmd_hist_memobj_logs_data_dynamic 0x20000a6c   Data           4  main.o(log_dynamic_data)
    m_nrf_log_clock_logs_data_dynamic        0x20000a70   Data           4  nrf_drv_clock.o(log_dynamic_data)
    m_nrf_log_CLOCK_logs_data_dynamic        0x20000a74   Data           4  nrfx_clock.o(log_dynamic_data)
    m_nrf_log_UART_logs_data_dynamic         0x20000a78   Data           4  nrfx_uart.o(log_dynamic_data)
    m_nrf_log_UARTE_logs_data_dynamic        0x20000a7c   Data           4  nrfx_uarte.o(log_dynamic_data)
    m_nrf_log_USBD_logs_data_dynamic         0x20000a80   Data           4  nrfx_usbd.o(log_dynamic_data)
    m_nrf_log_GPIOTE_logs_data_dynamic       0x20000a84   Data           4  nrfx_gpiote.o(log_dynamic_data)
    m_nrf_log_PRS_logs_data_dynamic          0x20000a88   Data           4  nrfx_prs.o(log_dynamic_data)
    m_nrf_log_app_timer_logs_data_dynamic    0x20000a8c   Data           4  app_timer2.o(log_dynamic_data)
    m_nrf_log_atfifo_m_req_fifo_logs_data_dynamic 0x20000a90   Data           4  app_timer2.o(log_dynamic_data)
    m_nrf_log_hardfault_logs_data_dynamic    0x20000a94   Data           4  hardfault_implementation.o(log_dynamic_data)
    m_nrf_log_cli_uart_logs_data_dynamic     0x20000a98   Data           4  nrf_cli_uart.o(log_dynamic_data)
    m_nrf_log_pwr_mgmt_logs_data_dynamic     0x20000a9c   Data           4  nrf_pwr_mgmt.o(log_dynamic_data)
    m_nrf_log_sortlist_logs_data_dynamic     0x20000aa0   Data           4  nrf_sortlist.o(log_dynamic_data)
    m_nrf_log_balloc_log_mempool_logs_data_dynamic 0x20000aa4   Data           4  nrf_log_frontend.o(log_dynamic_data)
    m_nrf_log_app_logs_data_dynamic          0x20000aa8   Data           4  nrf_log_frontend.o(log_dynamic_data)
    log_filter_data$$Base                    0x20000aac   Number         0  main.o(log_filter_data)
    m_nrf_log_app_timer_m_cli_uart_transport_timer_logs_data_filter 0x20000aac   Data           4  main.o(log_filter_data)
    m_nrf_log_queue_m_cli_uart_log_backend_queue_logs_data_filter 0x20000ab0   Data           4  main.o(log_filter_data)
    m_nrf_log_balloc_m_cli_uart_cmd_hist_memobj_logs_data_filter 0x20000ab4   Data           4  main.o(log_filter_data)
    m_nrf_log_clock_logs_data_filter         0x20000ab8   Data           4  nrf_drv_clock.o(log_filter_data)
    m_nrf_log_CLOCK_logs_data_filter         0x20000abc   Data           4  nrfx_clock.o(log_filter_data)
    m_nrf_log_UART_logs_data_filter          0x20000ac0   Data           4  nrfx_uart.o(log_filter_data)
    m_nrf_log_UARTE_logs_data_filter         0x20000ac4   Data           4  nrfx_uarte.o(log_filter_data)
    m_nrf_log_USBD_logs_data_filter          0x20000ac8   Data           4  nrfx_usbd.o(log_filter_data)
    m_nrf_log_GPIOTE_logs_data_filter        0x20000acc   Data           4  nrfx_gpiote.o(log_filter_data)
    m_nrf_log_PRS_logs_data_filter           0x20000ad0   Data           4  nrfx_prs.o(log_filter_data)
    m_nrf_log_app_timer_logs_data_filter     0x20000ad4   Data           4  app_timer2.o(log_filter_data)
    m_nrf_log_atfifo_m_req_fifo_logs_data_filter 0x20000ad8   Data           4  app_timer2.o(log_filter_data)
    m_nrf_log_hardfault_logs_data_filter     0x20000adc   Data           4  hardfault_implementation.o(log_filter_data)
    m_nrf_log_cli_uart_logs_data_filter      0x20000ae0   Data           4  nrf_cli_uart.o(log_filter_data)
    m_nrf_log_pwr_mgmt_logs_data_filter      0x20000ae4   Data           4  nrf_pwr_mgmt.o(log_filter_data)
    m_nrf_log_sortlist_logs_data_filter      0x20000ae8   Data           4  nrf_sortlist.o(log_filter_data)
    m_nrf_log_balloc_log_mempool_logs_data_filter 0x20000aec   Data           4  nrf_log_frontend.o(log_filter_data)
    m_nrf_log_app_logs_data_filter           0x20000af0   Data           4  nrf_log_frontend.o(log_filter_data)
    read_buffer                              0x2000108c   Data        2048  cdc_acm_template.o(.bss)
    usbd_core_cfg                            0x20001fac   Data         352  usbd_core.o(.bss)
    usb_dc_cfg                               0x2000210c   Data        1604  usb_dc_nrf5x.o(.bss)
    __heap_base                              0x20002750   Data           0  arm_startup_nrf52840.o(HEAP)
    STACK$$Base                              0x20004750   Number         0  arm_startup_nrf52840.o(STACK)
    __heap_limit                             0x20004750   Data           0  arm_startup_nrf52840.o(HEAP)
    STACK$$Limit                             0x20006750   Number         0  arm_startup_nrf52840.o(STACK)
    __initial_sp                             0x20006750   Data           0  arm_startup_nrf52840.o(STACK)



==============================================================================

Memory Map of the image

  Image Entry point : 0x00000201

  Load Region LR_IROM1 (Base: 0x00000000, Size: 0x0000cf78, Max: 0x00100000, ABSOLUTE, COMPRESSED[0x0000c558])

    Execution Region ER_IROM1 (Exec base: 0x00000000, Load base: 0x00000000, Size: 0x0000c484, Max: 0x00100000, ABSOLUTE)

    Exec Addr    Load Addr    Size         Type   Attr      Idx    E Section Name        Object

    0x00000000   0x00000000   0x00000200   Data   RO         9960    RESET               arm_startup_nrf52840.o
    0x00000200   0x00000200   0x00000000   Code   RO        11836  * .ARM.Collect$$$$00000000  mc_w.l(entry.o)
    0x00000200   0x00000200   0x00000004   Code   RO        12176    .ARM.Collect$$$$00000001  mc_w.l(entry2.o)
    0x00000204   0x00000204   0x00000004   Code   RO        12179    .ARM.Collect$$$$00000004  mc_w.l(entry5.o)
    0x00000208   0x00000208   0x00000000   Code   RO        12181    .ARM.Collect$$$$00000008  mc_w.l(entry7b.o)
    0x00000208   0x00000208   0x00000000   Code   RO        12183    .ARM.Collect$$$$0000000A  mc_w.l(entry8b.o)
    0x00000208   0x00000208   0x00000008   Code   RO        12184    .ARM.Collect$$$$0000000B  mc_w.l(entry9a.o)
    0x00000210   0x00000210   0x00000004   Code   RO        12191    .ARM.Collect$$$$0000000E  mc_w.l(entry12b.o)
    0x00000214   0x00000214   0x00000000   Code   RO        12186    .ARM.Collect$$$$0000000F  mc_w.l(entry10a.o)
    0x00000214   0x00000214   0x00000000   Code   RO        12188    .ARM.Collect$$$$00000011  mc_w.l(entry11a.o)
    0x00000214   0x00000214   0x00000004   Code   RO        12177    .ARM.Collect$$$$00002712  mc_w.l(entry2.o)
    0x00000218   0x00000218   0x0000001a   Code   RO         6707    .emb_text           app_error_handler_keil.o
    0x00000232   0x00000232   0x00000002   PAD
    0x00000234   0x00000234   0x00000034   Code   RO         7209    .emb_text           hardfault_handler_keil.o
    0x00000268   0x00000268   0x000000e2   Code   RO         7306    .emb_text           nrf_atomic.o
    0x0000034a   0x0000034a   0x00000002   PAD
    0x0000034c   0x0000034c   0x000000c8   Code   RO         8876    .emb_text           nrf_atfifo.o
    0x00000414   0x00000414   0x00000024   Code   RO         9961    .text               arm_startup_nrf52840.o
    0x00000438   0x00000438   0x00000008   Code   RO        11839    .text               mc_w.l(ctype_o.o)
    0x00000440   0x00000440   0x00000040   Code   RO        11871    .text               mc_w.l(memmovea.o)
    0x00000480   0x00000480   0x00000024   Code   RO        11873    .text               mc_w.l(memseta.o)
    0x000004a4   0x000004a4   0x0000000e   Code   RO        11875    .text               mc_w.l(strlen.o)
    0x000004b2   0x000004b2   0x0000001c   Code   RO        11877    .text               mc_w.l(strcmp.o)
    0x000004ce   0x000004ce   0x0000001e   Code   RO        11881    .text               mc_w.l(strncmp.o)
    0x000004ec   0x000004ec   0x0000002c   Code   RO        12192    .text               mc_w.l(uidiv.o)
    0x00000518   0x00000518   0x00000024   Code   RO        12209    .text               mc_w.l(init.o)
    0x0000053c   0x0000053c   0x00000056   Code   RO        12227    .text               mc_w.l(__dczerorl2.o)
    0x00000592   0x00000592   0x00000002   PAD
    0x00000594   0x00000594   0x000000c0   Code   RO         5815    i.GPIOTE_IRQHandler  nrfx_gpiote.o
    0x00000654   0x00000654   0x0000028c   Code   RO         7231    i.HardFault_c_handler  hardfault_implementation.o
    0x000008e0   0x000008e0   0x00000044   Code   RO         7232    i.HardFault_process  hardfault_implementation.o
    0x00000924   0x00000924   0x0000000c   Code   RO         6446    i.POWER_CLOCK_IRQHandler  nrfx_power.o
    0x00000930   0x00000930   0x00000018   Code   RO         6990    i.RTC1_IRQHandler   drv_rtc.o
    0x00000948   0x00000948   0x00000010   Code   RO         9968    i.SystemCoreClockUpdate  system_nrf52840.o
    0x00000958   0x00000958   0x00000230   Code   RO         9969    i.SystemInit        system_nrf52840.o
    0x00000b88   0x00000b88   0x00000054   Code   RO         6617    i.UARTE0_UART0_IRQHandler  nrfx_prs.o
    0x00000bdc   0x00000bdc   0x000006f4   Code   RO         9800    i.USBD_IRQHandler   usb_dc_nrf5x.o
    0x000012d0   0x000012d0   0x00000020   Code   RO        11932    i.__0printf$1       mc_w.l(printf1.o)
    0x000012f0   0x000012f0   0x0000000e   Code   RO        12221    i.__scatterload_copy  mc_w.l(handlers.o)
    0x000012fe   0x000012fe   0x00000002   Code   RO        12222    i.__scatterload_null  mc_w.l(handlers.o)
    0x00001300   0x00001300   0x0000000e   Code   RO        12223    i.__scatterload_zeroinit  mc_w.l(handlers.o)
    0x0000130e   0x0000130e   0x00000002   PAD
    0x00001310   0x00001310   0x00000154   Code   RO        11939    i._printf_core      mc_w.l(printf1.o)
    0x00001464   0x00001464   0x00000168   Code   RO         6729    i.app_error_fault_handler  app_error_weak.o
    0x000015cc   0x000015cc   0x00000088   Code   RO         6670    i.app_error_save_and_stop  app_error.o
    0x00001654   0x00001654   0x0000001e   Code   RO         8797    i.app_fifo_get      app_fifo.o
    0x00001672   0x00001672   0x00000024   Code   RO         8798    i.app_fifo_init     app_fifo.o
    0x00001696   0x00001696   0x00000022   Code   RO         8800    i.app_fifo_put      app_fifo.o
    0x000016b8   0x000016b8   0x0000000a   Code   RO         6769    i.app_timer_cnt_diff_compute  app_timer2.o
    0x000016c2   0x000016c2   0x00000002   PAD
    0x000016c4   0x000016c4   0x00000010   Code   RO         6770    i.app_timer_cnt_get  app_timer2.o
    0x000016d4   0x000016d4   0x00000078   Code   RO         6771    i.app_timer_create  app_timer2.o
    0x0000174c   0x0000174c   0x0000006c   Code   RO         6772    i.app_timer_init    app_timer2.o
    0x000017b8   0x000017b8   0x0000007c   Code   RO         6775    i.app_timer_start   app_timer2.o
    0x00001834   0x00001834   0x0000005c   Code   RO         6776    i.app_timer_stop    app_timer2.o
    0x00001890   0x00001890   0x000000dc   Code   RO         8682    i.app_uart_init     app_uart_fifo.o
    0x0000196c   0x0000196c   0x0000006c   Code   RO         8683    i.app_uart_put      app_uart_fifo.o
    0x000019d8   0x000019d8   0x00000058   Code   RO         6927    i.app_util_critical_region_enter  app_util_platform.o
    0x00001a30   0x00001a30   0x00000058   Code   RO         6928    i.app_util_critical_region_exit  app_util_platform.o
    0x00001a88   0x00001a88   0x00000014   Code   RO         6929    i.app_util_disable_irq  app_util_platform.o
    0x00001a9c   0x00001a9c   0x00000018   Code   RO         6930    i.app_util_enable_irq  app_util_platform.o
    0x00001ab4   0x00001ab4   0x0000007c   Code   RO         2764    i.apply_config      nrfx_uart.o
    0x00001b30   0x00001b30   0x0000007c   Code   RO         3012    i.apply_config      nrfx_uarte.o
    0x00001bac   0x00001bac   0x00000018   Code   RO         7279    i.assert_nrf_callback  nrf_assert.o
    0x00001bc4   0x00001bc4   0x0000003c   Code   RO         9111    i.backend_find      nrf_log_frontend.o
    0x00001c00   0x00001c00   0x00000050   Code   RO         9113    i.backend_name_get  nrf_log_frontend.o
    0x00001c50   0x00001c50   0x000000e4   Code   RO         9114    i.buf_prealloc      nrf_log_frontend.o
    0x00001d34   0x00001d34   0x0000002c   Code   RO         8150    i.buffer_add        nrf_fprintf_format.o
    0x00001d60   0x00001d60   0x00000018   Code   RO         9115    i.buffer_is_empty   nrf_log_frontend.o
    0x00001d78   0x00001d78   0x0000007e   Code   RO         9686    i.cdc_acm_class_interface_request_handler  usbd_cdc.o
    0x00001df6   0x00001df6   0x00000002   PAD
    0x00001df8   0x00001df8   0x00000040   Code   RO         2199    i.cdc_acm_data_send_with_dtr_test  cdc_acm_template.o
    0x00001e38   0x00001e38   0x0000003c   Code   RO         2200    i.cdc_acm_init      cdc_acm_template.o
    0x00001e74   0x00001e74   0x0000000c   Code   RO         9687    i.cdc_notify_handler  usbd_cdc.o
    0x00001e80   0x00001e80   0x00000010   Code   RO         5817    i.channel_handler_get  nrfx_gpiote.o
    0x00001e90   0x00001e90   0x0000000c   Code   RO         5819    i.channel_port_get  nrfx_gpiote.o
    0x00001e9c   0x00001e9c   0x000002a8   Code   RO         9801    i.cherry_usb_hal_nrf_power_event  usb_dc_nrf5x.o
    0x00002144   0x00002144   0x0000003c   Code   RO         9802    i.chyu_nrf52_errata_166  usb_dc_nrf5x.o
    0x00002180   0x00002180   0x0000003c   Code   RO         9803    i.chyu_nrf52_errata_171  usb_dc_nrf5x.o
    0x000021bc   0x000021bc   0x0000003c   Code   RO         9804    i.chyu_nrf52_errata_187  usb_dc_nrf5x.o
    0x000021f8   0x000021f8   0x00000064   Code   RO         7530    i.cli_clear_eos     nrf_cli.o
    0x0000225c   0x0000225c   0x0000000e   Code   RO         7535    i.cli_flag_echo_is_set  nrf_cli.o
    0x0000226a   0x0000226a   0x00000002   PAD
    0x0000226c   0x0000226c   0x00000198   Code   RO         7538    i.cli_log_entry_process  nrf_cli.o
    0x00002404   0x00002404   0x00000018   Code   RO         7539    i.cli_putc          nrf_cli.o
    0x0000241c   0x0000241c   0x00000070   Code   RO         7540    i.cli_read          nrf_cli.o
    0x0000248c   0x0000248c   0x00000012   Code   RO         7543    i.cli_strlen        nrf_cli.o
    0x0000249e   0x0000249e   0x00000002   PAD
    0x000024a0   0x000024a0   0x00000084   Code   RO         8025    i.cli_uart_enable   nrf_cli_uart.o
    0x00002524   0x00002524   0x00000064   Code   RO         8026    i.cli_uart_init     nrf_cli_uart.o
    0x00002588   0x00002588   0x00000068   Code   RO         8027    i.cli_uart_read     nrf_cli_uart.o
    0x000025f0   0x000025f0   0x00000016   Code   RO         8028    i.cli_uart_uninit   nrf_cli_uart.o
    0x00002606   0x00002606   0x00000002   PAD
    0x00002608   0x00002608   0x000000d8   Code   RO         8029    i.cli_uart_write    nrf_cli_uart.o
    0x000026e0   0x000026e0   0x000000d4   Code   RO         7546    i.cli_write         nrf_cli.o
    0x000027b4   0x000027b4   0x00000030   Code   RO         2293    i.clock_clk_started_notify  nrf_drv_clock.o
    0x000027e4   0x000027e4   0x00000028   Code   RO         2294    i.clock_irq_handler  nrf_drv_clock.o
    0x0000280c   0x0000280c   0x000000f8   Code   RO         7547    i.cmd_get           nrf_cli.o
    0x00002904   0x00002904   0x00000026   Code   RO         6778    i.compare_func      app_timer2.o
    0x0000292a   0x0000292a   0x00000002   PAD
    0x0000292c   0x0000292c   0x00000020   Code   RO         7550    i.cursor_down_move  nrf_cli.o
    0x0000294c   0x0000294c   0x00000020   Code   RO         7554    i.cursor_left_move  nrf_cli.o
    0x0000296c   0x0000296c   0x00000014   Code   RO         7555    i.cursor_next_line_move  nrf_cli.o
    0x00002980   0x00002980   0x00000170   Code   RO         7556    i.cursor_position_get  nrf_cli.o
    0x00002af0   0x00002af0   0x00000020   Code   RO         7559    i.cursor_right_move  nrf_cli.o
    0x00002b10   0x00002b10   0x00000020   Code   RO         7560    i.cursor_up_move    nrf_cli.o
    0x00002b30   0x00002b30   0x00000018   Code   RO         9116    i.dropped_sat16_get  nrf_log_frontend.o
    0x00002b48   0x00002b48   0x00000016   Code   RO         6991    i.drv_rtc_compare_disable  drv_rtc.o
    0x00002b5e   0x00002b5e   0x00000010   Code   RO         6993    i.drv_rtc_compare_get  drv_rtc.o
    0x00002b6e   0x00002b6e   0x0000001a   Code   RO         6994    i.drv_rtc_compare_pending  drv_rtc.o
    0x00002b88   0x00002b88   0x0000009c   Code   RO         6995    i.drv_rtc_compare_set  drv_rtc.o
    0x00002c24   0x00002c24   0x0000000c   Code   RO         6996    i.drv_rtc_counter_get  drv_rtc.o
    0x00002c30   0x00002c30   0x000001f8   Code   RO         6997    i.drv_rtc_init      drv_rtc.o
    0x00002e28   0x00002e28   0x00000024   Code   RO         6998    i.drv_rtc_irq_trigger  drv_rtc.o
    0x00002e4c   0x00002e4c   0x00000012   Code   RO         7000    i.drv_rtc_overflow_enable  drv_rtc.o
    0x00002e5e   0x00002e5e   0x00000010   Code   RO         7001    i.drv_rtc_overflow_pending  drv_rtc.o
    0x00002e6e   0x00002e6e   0x00000002   PAD
    0x00002e70   0x00002e70   0x0000004c   Code   RO         7002    i.drv_rtc_start     drv_rtc.o
    0x00002ebc   0x00002ebc   0x0000004c   Code   RO         7003    i.drv_rtc_stop      drv_rtc.o
    0x00002f08   0x00002f08   0x0000013c   Code   RO         7008    i.drv_rtc_windowed_compare_set  drv_rtc.o
    0x00003044   0x00003044   0x00000058   Code   RO         7009    i.evt_disable       drv_rtc.o
    0x0000309c   0x0000309c   0x0000005c   Code   RO         7010    i.evt_enable        drv_rtc.o
    0x000030f8   0x000030f8   0x0000005c   Code   RO         7011    i.evt_pending       drv_rtc.o
    0x00003154   0x00003154   0x00000018   Code   RO         8803    i.fifo_get          app_fifo.o
    0x0000316c   0x0000316c   0x0000000a   Code   RO         8684    i.fifo_length       app_uart_fifo.o
    0x00003176   0x00003176   0x0000000a   Code   RO         8804    i.fifo_length       app_fifo.o
    0x00003180   0x00003180   0x00000012   Code   RO         8805    i.fifo_peek         app_fifo.o
    0x00003192   0x00003192   0x00000012   Code   RO         8806    i.fifo_put          app_fifo.o
    0x000031a4   0x000031a4   0x0000011e   Code   RO         7561    i.format_offset_string_print  nrf_cli.o
    0x000032c2   0x000032c2   0x00000010   Code   RO         8760    i.fputc             retarget.o
    0x000032d2   0x000032d2   0x00000002   PAD
    0x000032d4   0x000032d4   0x0000003c   Code   RO         6779    i.get_now           app_timer2.o
    0x00003310   0x00003310   0x00000008   Code   RO         9805    i.hfclk_disable     usb_dc_nrf5x.o
    0x00003318   0x00003318   0x00000028   Code   RO         9806    i.hfclk_enable      usb_dc_nrf5x.o
    0x00003340   0x00003340   0x0000001c   Code   RO         9807    i.hfclk_running     usb_dc_nrf5x.o
    0x0000335c   0x0000335c   0x00000022   Code   RO         9117    i.higher_lvl_get    nrf_log_frontend.o
    0x0000337e   0x0000337e   0x000000be   Code   RO         8151    i.int_print         nrf_fprintf_format.o
    0x0000343c   0x0000343c   0x00000058   Code   RO         2765    i.interrupts_disable  nrfx_uart.o
    0x00003494   0x00003494   0x00000058   Code   RO         3013    i.interrupts_disable  nrfx_uarte.o
    0x000034ec   0x000034ec   0x000000cc   Code   RO         2766    i.interrupts_enable  nrfx_uart.o
    0x000035b8   0x000035b8   0x000000ec   Code   RO         3014    i.interrupts_enable  nrfx_uarte.o
    0x000036a4   0x000036a4   0x00000046   Code   RO         9118    i.invalid_packets_omit  nrf_log_frontend.o
    0x000036ea   0x000036ea   0x00000002   PAD
    0x000036ec   0x000036ec   0x00000014   Code   RO         9499    i.is_device_configured  usbd_core.o
    0x00003700   0x00003700   0x0000000c   Code   RO         2297    i.item_dequeue      nrf_drv_clock.o
    0x0000370c   0x0000370c   0x00000026   Code   RO         5820    i.latch_pending_read_and_check  nrfx_gpiote.o
    0x00003732   0x00003732   0x00000002   PAD
    0x00003734   0x00003734   0x0000001c   Code   RO         9119    i.log_backend_ctrl  nrf_log_frontend.o
    0x00003750   0x00003750   0x0000001c   Code   RO         9120    i.log_backend_go    nrf_log_frontend.o
    0x0000376c   0x0000376c   0x0000001c   Code   RO         9121    i.log_backend_halt  nrf_log_frontend.o
    0x00003788   0x00003788   0x0000001c   Code   RO         9122    i.log_backend_status  nrf_log_frontend.o
    0x000037a4   0x000037a4   0x0000005c   Code   RO         9123    i.log_cmd           nrf_log_frontend.o
    0x00003800   0x00003800   0x000000d4   Code   RO         9124    i.log_cmd_backends_list  nrf_log_frontend.o
    0x000038d4   0x000038d4   0x00000040   Code   RO         9125    i.log_config_load_cmd  nrf_log_frontend.o
    0x00003914   0x00003914   0x00000040   Code   RO         9126    i.log_config_store_cmd  nrf_log_frontend.o
    0x00003954   0x00003954   0x000001c8   Code   RO         9127    i.log_ctrl          nrf_log_frontend.o
    0x00003b1c   0x00003b1c   0x00000016   Code   RO         9128    i.log_go            nrf_log_frontend.o
    0x00003b32   0x00003b32   0x0000000e   Code   RO         9129    i.log_halt          nrf_log_frontend.o
    0x00003b40   0x00003b40   0x00000016   Code   RO         9130    i.log_self_ctrl     nrf_log_frontend.o
    0x00003b56   0x00003b56   0x00000016   Code   RO         9131    i.log_self_go       nrf_log_frontend.o
    0x00003b6c   0x00003b6c   0x00000016   Code   RO         9132    i.log_self_halt     nrf_log_frontend.o
    0x00003b82   0x00003b82   0x00000016   Code   RO         9133    i.log_self_status   nrf_log_frontend.o
    0x00003b98   0x00003b98   0x00000114   Code   RO         9134    i.log_skip          nrf_log_frontend.o
    0x00003cac   0x00003cac   0x00000144   Code   RO         9135    i.log_status        nrf_log_frontend.o
    0x00003df0   0x00003df0   0x000000fc   Code   RO            4    i.main              main.o
    0x00003eec   0x00003eec   0x0000006c   Code   RO        12149    i.malloc            mc_w.l(malloc.o)
    0x00003f58   0x00003f58   0x0000011c   Code   RO         8195    i.memobj_op         nrf_memobj.o
    0x00004074   0x00004074   0x00000030   Code   RO         9136    i.module_id_filter_set  nrf_log_frontend.o
    0x000040a4   0x000040a4   0x00000042   Code   RO         9137    i.module_id_get     nrf_log_frontend.o
    0x000040e6   0x000040e6   0x00000002   PAD
    0x000040e8   0x000040e8   0x00000038   Code   RO         9138    i.module_idx_get    nrf_log_frontend.o
    0x00004120   0x00004120   0x00000020   Code   RO         9139    i.module_name_get   nrf_log_frontend.o
    0x00004140   0x00004140   0x00000060   Code   RO         7572    i.multiline_console_data_check  nrf_cli.o
    0x000041a0   0x000041a0   0x0000003c   Code   RO        10052    i.nrf52_errata_103  system_nrf52840.o
    0x000041dc   0x000041dc   0x0000003c   Code   RO        10063    i.nrf52_errata_115  system_nrf52840.o
    0x00004218   0x00004218   0x0000003c   Code   RO        10069    i.nrf52_errata_120  system_nrf52840.o
    0x00004254   0x00004254   0x0000003c   Code   RO        10079    i.nrf52_errata_136  system_nrf52840.o
    0x00004290   0x00004290   0x0000003c   Code   RO        10174    i.nrf52_errata_36   system_nrf52840.o
    0x000042cc   0x000042cc   0x0000003c   Code   RO        10197    i.nrf52_errata_66   system_nrf52840.o
    0x00004308   0x00004308   0x0000003c   Code   RO        10224    i.nrf52_errata_98   system_nrf52840.o
    0x00004344   0x00004344   0x00000028   Code   RO         8880    i.nrf_atfifo_init   nrf_atfifo.o
    0x0000436c   0x0000436c   0x0000001c   Code   RO         8881    i.nrf_atfifo_item_alloc  nrf_atfifo.o
    0x00004388   0x00004388   0x0000001c   Code   RO         8882    i.nrf_atfifo_item_free  nrf_atfifo.o
    0x000043a4   0x000043a4   0x0000001c   Code   RO         8883    i.nrf_atfifo_item_get  nrf_atfifo.o
    0x000043c0   0x000043c0   0x0000001c   Code   RO         8884    i.nrf_atfifo_item_put  nrf_atfifo.o
    0x000043dc   0x000043dc   0x0000000e   Code   RO         7307    i.nrf_atomic_flag_clear  nrf_atomic.o
    0x000043ea   0x000043ea   0x0000000e   Code   RO         7308    i.nrf_atomic_flag_clear_fetch  nrf_atomic.o
    0x000043f8   0x000043f8   0x0000000e   Code   RO         7309    i.nrf_atomic_flag_set  nrf_atomic.o
    0x00004406   0x00004406   0x0000000e   Code   RO         7310    i.nrf_atomic_flag_set_fetch  nrf_atomic.o
    0x00004414   0x00004414   0x00000016   Code   RO         7311    i.nrf_atomic_u32_add  nrf_atomic.o
    0x0000442a   0x0000442a   0x00000016   Code   RO         7312    i.nrf_atomic_u32_and  nrf_atomic.o
    0x00004440   0x00004440   0x00000016   Code   RO         7315    i.nrf_atomic_u32_fetch_and  nrf_atomic.o
    0x00004456   0x00004456   0x00000016   Code   RO         7316    i.nrf_atomic_u32_fetch_or  nrf_atomic.o
    0x0000446c   0x0000446c   0x00000016   Code   RO         7317    i.nrf_atomic_u32_fetch_store  nrf_atomic.o
    0x00004482   0x00004482   0x00000016   Code   RO         7321    i.nrf_atomic_u32_or  nrf_atomic.o
    0x00004498   0x00004498   0x00000016   Code   RO         7323    i.nrf_atomic_u32_sub  nrf_atomic.o
    0x000044ae   0x000044ae   0x00000002   PAD
    0x000044b0   0x000044b0   0x00000090   Code   RO         7445    i.nrf_balloc_alloc  nrf_balloc.o
    0x00004540   0x00004540   0x00000058   Code   RO         7446    i.nrf_balloc_block2idx  nrf_balloc.o
    0x00004598   0x00004598   0x0000007c   Code   RO         7447    i.nrf_balloc_free   nrf_balloc.o
    0x00004614   0x00004614   0x00000054   Code   RO         7448    i.nrf_balloc_idx2block  nrf_balloc.o
    0x00004668   0x00004668   0x000000b8   Code   RO         7449    i.nrf_balloc_init   nrf_balloc.o
    0x00004720   0x00004720   0x00000140   Code   RO         7450    i.nrf_balloc_status  nrf_balloc.o
    0x00004860   0x00004860   0x00000016   Code   RO         5821    i.nrf_bitmask_bit_is_set  nrfx_gpiote.o
    0x00004876   0x00004876   0x00000002   PAD
    0x00004878   0x00004878   0x00000050   Code   RO         9140    i.nrf_cli_backend_cmd_execute  nrf_log_frontend.o
    0x000048c8   0x000048c8   0x00000058   Code   RO         7573    i.nrf_cli_build_in_cmd_common_executed  nrf_cli.o
    0x00004920   0x00004920   0x000000cc   Code   RO         7574    i.nrf_cli_cmd_clear  nrf_cli.o
    0x000049ec   0x000049ec   0x000000a4   Code   RO         7575    i.nrf_cli_cmd_cli   nrf_cli.o
    0x00004a90   0x00004a90   0x00000070   Code   RO         7576    i.nrf_cli_cmd_cli_stats  nrf_cli.o
    0x00004b00   0x00004b00   0x00000038   Code   RO         7577    i.nrf_cli_cmd_cli_stats_reset  nrf_cli.o
    0x00004b38   0x00004b38   0x00000098   Code   RO         7578    i.nrf_cli_cmd_cli_stats_show  nrf_cli.o
    0x00004bd0   0x00004bd0   0x000000c0   Code   RO         7579    i.nrf_cli_cmd_colors  nrf_cli.o
    0x00004c90   0x00004c90   0x00000036   Code   RO         7580    i.nrf_cli_cmd_colors_off  nrf_cli.o
    0x00004cc6   0x00004cc6   0x00000038   Code   RO         7581    i.nrf_cli_cmd_colors_on  nrf_cli.o
    0x00004cfe   0x00004cfe   0x00000002   PAD
    0x00004d00   0x00004d00   0x000000a0   Code   RO         7582    i.nrf_cli_cmd_echo  nrf_cli.o
    0x00004da0   0x00004da0   0x0000003a   Code   RO         7583    i.nrf_cli_cmd_echo_off  nrf_cli.o
    0x00004dda   0x00004dda   0x0000003c   Code   RO         7584    i.nrf_cli_cmd_echo_on  nrf_cli.o
    0x00004e16   0x00004e16   0x00000002   PAD
    0x00004e18   0x00004e18   0x000000dc   Code   RO         7585    i.nrf_cli_cmd_history  nrf_cli.o
    0x00004ef4   0x00004ef4   0x00000118   Code   RO         7586    i.nrf_cli_cmd_resize  nrf_cli.o
    0x0000500c   0x0000500c   0x00000090   Code   RO         7587    i.nrf_cli_cmd_resize_default  nrf_cli.o
    0x0000509c   0x0000509c   0x000000c0   Code   RO         7588    i.nrf_cli_fprintf   nrf_cli.o
    0x0000515c   0x0000515c   0x00000370   Code   RO         7589    i.nrf_cli_help_print  nrf_cli.o
    0x000054cc   0x000054cc   0x0000000e   Code   RO         7590    i.nrf_cli_help_requested  nrf_cli.o
    0x000054da   0x000054da   0x0000000e   Code   RO         9141    i.nrf_cli_help_requested  nrf_log_frontend.o
    0x000054e8   0x000054e8   0x00000016   Code   RO         7594    i.nrf_cli_print_stream  nrf_cli.o
    0x000054fe   0x000054fe   0x00000012   Code   RO         2602    i.nrf_clock_event_check  nrfx_clock.o
    0x00005510   0x00005510   0x00000012   Code   RO         2603    i.nrf_clock_event_clear  nrfx_clock.o
    0x00005522   0x00005522   0x00000002   PAD
    0x00005524   0x00005524   0x0000000c   Code   RO         2604    i.nrf_clock_int_disable  nrfx_clock.o
    0x00005530   0x00005530   0x00000044   Code   RO         2305    i.nrf_drv_clock_init  nrf_drv_clock.o
    0x00005574   0x00005574   0x00000030   Code   RO         2469    i.nrf_drv_power_init  nrf_drv_power.o
    0x000055a4   0x000055a4   0x000000d0   Code   RO         2562    i.nrf_drv_uart_init  nrf_drv_uart.o
    0x00005674   0x00005674   0x00000044   Code   RO         8685    i.nrf_drv_uart_rx   app_uart_fifo.o
    0x000056b8   0x000056b8   0x00000044   Code   RO         8030    i.nrf_drv_uart_tx   nrf_cli_uart.o
    0x000056fc   0x000056fc   0x00000044   Code   RO         8686    i.nrf_drv_uart_tx   app_uart_fifo.o
    0x00005740   0x00005740   0x0000002c   Code   RO         8031    i.nrf_drv_uart_uninit  nrf_cli_uart.o
    0x0000576c   0x0000576c   0x00000084   Code   RO         8120    i.nrf_fprintf       nrf_fprintf.o
    0x000057f0   0x000057f0   0x00000054   Code   RO         8121    i.nrf_fprintf_buffer_flush  nrf_fprintf.o
    0x00005844   0x00005844   0x00000264   Code   RO         8152    i.nrf_fprintf_fmt   nrf_fprintf_format.o
    0x00005aa8   0x00005aa8   0x00000034   Code   RO         2767    i.nrf_gpio_cfg      nrfx_uart.o
    0x00005adc   0x00005adc   0x00000034   Code   RO         3015    i.nrf_gpio_cfg      nrfx_uarte.o
    0x00005b10   0x00005b10   0x00000018   Code   RO         2768    i.nrf_gpio_cfg_default  nrfx_uart.o
    0x00005b28   0x00005b28   0x00000018   Code   RO         3016    i.nrf_gpio_cfg_default  nrfx_uarte.o
    0x00005b40   0x00005b40   0x0000001a   Code   RO         2769    i.nrf_gpio_cfg_input  nrfx_uart.o
    0x00005b5a   0x00005b5a   0x0000001a   Code   RO         3017    i.nrf_gpio_cfg_input  nrfx_uarte.o
    0x00005b74   0x00005b74   0x00000018   Code   RO         2770    i.nrf_gpio_cfg_output  nrfx_uart.o
    0x00005b8c   0x00005b8c   0x00000018   Code   RO         3018    i.nrf_gpio_cfg_output  nrfx_uarte.o
    0x00005ba4   0x00005ba4   0x0000003a   Code   RO         5824    i.nrf_gpio_cfg_sense_set  nrfx_gpiote.o
    0x00005bde   0x00005bde   0x00000002   PAD
    0x00005be0   0x00005be0   0x00000034   Code   RO         5825    i.nrf_gpio_latches_read_and_clear  nrfx_gpiote.o
    0x00005c14   0x00005c14   0x00000088   Code   RO         2771    i.nrf_gpio_pin_port_decode  nrfx_uart.o
    0x00005c9c   0x00005c9c   0x00000088   Code   RO         3019    i.nrf_gpio_pin_port_decode  nrfx_uarte.o
    0x00005d24   0x00005d24   0x00000060   Code   RO         5827    i.nrf_gpio_pin_port_decode  nrfx_gpiote.o
    0x00005d84   0x00005d84   0x00000030   Code   RO         5828    i.nrf_gpio_pin_present_check  nrfx_gpiote.o
    0x00005db4   0x00005db4   0x0000001a   Code   RO         2772    i.nrf_gpio_pin_set  nrfx_uart.o
    0x00005dce   0x00005dce   0x0000001a   Code   RO         3020    i.nrf_gpio_pin_set  nrfx_uarte.o
    0x00005de8   0x00005de8   0x0000000c   Code   RO         5831    i.nrf_gpiote_event_addr_get  nrfx_gpiote.o
    0x00005df4   0x00005df4   0x0000001c   Code   RO         5832    i.nrf_gpiote_event_clear  nrfx_gpiote.o
    0x00005e10   0x00005e10   0x00000016   Code   RO         5833    i.nrf_gpiote_event_is_set  nrfx_gpiote.o
    0x00005e26   0x00005e26   0x00000012   Code   RO         7600    i.nrf_log_backend_cli_flush  nrf_cli.o
    0x00005e38   0x00005e38   0x00000024   Code   RO         7601    i.nrf_log_backend_cli_panic_set  nrf_cli.o
    0x00005e5c   0x00005e5c   0x00000060   Code   RO         7602    i.nrf_log_backend_cli_put  nrf_cli.o
    0x00005ebc   0x00005ebc   0x00000008   Code   RO         9143    i.nrf_log_backend_enable  nrf_log_frontend.o
    0x00005ec4   0x00005ec4   0x000000f2   Code   RO         8967    i.nrf_log_backend_serial_put  nrf_log_backend_serial.o
    0x00005fb6   0x00005fb6   0x00000002   Code   RO         9004    i.nrf_log_backend_uart_flush  nrf_log_backend_uart.o
    0x00005fb8   0x00005fb8   0x00000038   Code   RO         9006    i.nrf_log_backend_uart_panic_set  nrf_log_backend_uart.o
    0x00005ff0   0x00005ff0   0x00000020   Code   RO         9007    i.nrf_log_backend_uart_put  nrf_log_backend_uart.o
    0x00006010   0x00006010   0x00000038   Code   RO         9145    i.nrf_log_color_id_get  nrf_log_frontend.o
    0x00006048   0x00006048   0x0000034c   Code   RO         9146    i.nrf_log_frontend_dequeue  nrf_log_frontend.o
    0x00006394   0x00006394   0x00000014   Code   RO         9148    i.nrf_log_frontend_std_0  nrf_log_frontend.o
    0x000063a8   0x000063a8   0x00000018   Code   RO         9149    i.nrf_log_frontend_std_1  nrf_log_frontend.o
    0x000063c0   0x000063c0   0x00000020   Code   RO         9150    i.nrf_log_frontend_std_2  nrf_log_frontend.o
    0x000063e0   0x000063e0   0x00000028   Code   RO         9151    i.nrf_log_frontend_std_3  nrf_log_frontend.o
    0x00006408   0x00006408   0x0000002c   Code   RO         9152    i.nrf_log_frontend_std_4  nrf_log_frontend.o
    0x00006434   0x00006434   0x00000038   Code   RO         9153    i.nrf_log_frontend_std_5  nrf_log_frontend.o
    0x0000646c   0x0000646c   0x000000bc   Code   RO         9448    i.nrf_log_hexdump_entry_process  nrf_log_str_formatter.o
    0x00006528   0x00006528   0x000000ac   Code   RO         9155    i.nrf_log_init      nrf_log_frontend.o
    0x000065d4   0x000065d4   0x00000014   Code   RO         9156    i.nrf_log_module_cnt_get  nrf_log_frontend.o
    0x000065e8   0x000065e8   0x00000060   Code   RO         9157    i.nrf_log_module_filter_get  nrf_log_frontend.o
    0x00006648   0x00006648   0x00000054   Code   RO         9158    i.nrf_log_module_filter_set  nrf_log_frontend.o
    0x0000669c   0x0000669c   0x00000024   Code   RO         9160    i.nrf_log_module_name_get  nrf_log_frontend.o
    0x000066c0   0x000066c0   0x00000030   Code   RO         9161    i.nrf_log_panic     nrf_log_frontend.o
    0x000066f0   0x000066f0   0x000000c8   Code   RO         9449    i.nrf_log_std_entry_process  nrf_log_str_formatter.o
    0x000067b8   0x000067b8   0x0000007a   Code   RO         8196    i.nrf_memobj_alloc  nrf_memobj.o
    0x00006832   0x00006832   0x00000040   Code   RO         8197    i.nrf_memobj_free   nrf_memobj.o
    0x00006872   0x00006872   0x00000010   Code   RO         8198    i.nrf_memobj_get    nrf_memobj.o
    0x00006882   0x00006882   0x0000000c   Code   RO         8199    i.nrf_memobj_pool_init  nrf_memobj.o
    0x0000688e   0x0000688e   0x0000001e   Code   RO         8200    i.nrf_memobj_put    nrf_memobj.o
    0x000068ac   0x000068ac   0x0000006c   Code   RO         8201    i.nrf_memobj_read   nrf_memobj.o
    0x00006918   0x00006918   0x00000068   Code   RO         8202    i.nrf_memobj_write  nrf_memobj.o
    0x00006980   0x00006980   0x00000012   Code   RO         6447    i.nrf_power_event_clear  nrfx_power.o
    0x00006992   0x00006992   0x00000024   Code   RO         6448    i.nrf_power_event_get_and_clear  nrfx_power.o
    0x000069b6   0x000069b6   0x00000002   PAD
    0x000069b8   0x000069b8   0x0000000c   Code   RO         6450    i.nrf_power_int_enable  nrfx_power.o
    0x000069c4   0x000069c4   0x000000e0   Code   RO         8361    i.nrf_queue_generic_pop  nrf_queue.o
    0x00006aa4   0x00006aa4   0x00000058   Code   RO         8363    i.nrf_queue_is_empty  nrf_queue.o
    0x00006afc   0x00006afc   0x00000060   Code   RO         8364    i.nrf_queue_is_full  nrf_queue.o
    0x00006b5c   0x00006b5c   0x0000004c   Code   RO         8365    i.nrf_queue_max_utilization_get  nrf_queue.o
    0x00006ba8   0x00006ba8   0x0000004c   Code   RO         8366    i.nrf_queue_max_utilization_reset  nrf_queue.o
    0x00006bf4   0x00006bf4   0x00000054   Code   RO         8367    i.nrf_queue_next_idx  nrf_queue.o
    0x00006c48   0x00006c48   0x00000108   Code   RO         8369    i.nrf_queue_push    nrf_queue.o
    0x00006d50   0x00006d50   0x000000f4   Code   RO         8372    i.nrf_queue_status  nrf_queue.o
    0x00006e44   0x00006e44   0x0000005c   Code   RO         8373    i.nrf_queue_utilization_get  nrf_queue.o
    0x00006ea0   0x00006ea0   0x000000e8   Code   RO         8496    i.nrf_ringbuf_alloc  nrf_ringbuf.o
    0x00006f88   0x00006f88   0x000000e8   Code   RO         8497    i.nrf_ringbuf_cpy_get  nrf_ringbuf.o
    0x00007070   0x00007070   0x000000dc   Code   RO         8498    i.nrf_ringbuf_cpy_put  nrf_ringbuf.o
    0x0000714c   0x0000714c   0x00000036   Code   RO         8499    i.nrf_ringbuf_free  nrf_ringbuf.o
    0x00007182   0x00007182   0x00000002   PAD
    0x00007184   0x00007184   0x000000e4   Code   RO         8500    i.nrf_ringbuf_get   nrf_ringbuf.o
    0x00007268   0x00007268   0x0000001c   Code   RO         8501    i.nrf_ringbuf_init  nrf_ringbuf.o
    0x00007284   0x00007284   0x00000040   Code   RO         8502    i.nrf_ringbuf_put   nrf_ringbuf.o
    0x000072c4   0x000072c4   0x0000000c   Code   RO         7012    i.nrf_rtc_cc_get    drv_rtc.o
    0x000072d0   0x000072d0   0x0000000a   Code   RO         7013    i.nrf_rtc_cc_set    drv_rtc.o
    0x000072da   0x000072da   0x00000008   Code   RO         7014    i.nrf_rtc_counter_get  drv_rtc.o
    0x000072e2   0x000072e2   0x0000000e   Code   RO         7015    i.nrf_rtc_event_clear  drv_rtc.o
    0x000072f0   0x000072f0   0x00000006   Code   RO         7016    i.nrf_rtc_event_disable  drv_rtc.o
    0x000072f6   0x000072f6   0x00000006   Code   RO         7017    i.nrf_rtc_event_enable  drv_rtc.o
    0x000072fc   0x000072fc   0x00000006   Code   RO         7018    i.nrf_rtc_int_disable  drv_rtc.o
    0x00007302   0x00007302   0x00000006   Code   RO         7019    i.nrf_rtc_int_enable  drv_rtc.o
    0x00007308   0x00007308   0x00000006   Code   RO         7020    i.nrf_rtc_task_trigger  drv_rtc.o
    0x0000730e   0x0000730e   0x00000002   PAD
    0x00007310   0x00007310   0x00000078   Code   RO         8592    i.nrf_sortlist_add  nrf_sortlist.o
    0x00007388   0x00007388   0x00000050   Code   RO         8594    i.nrf_sortlist_peek  nrf_sortlist.o
    0x000073d8   0x000073d8   0x00000064   Code   RO         8595    i.nrf_sortlist_pop  nrf_sortlist.o
    0x0000743c   0x0000743c   0x0000007c   Code   RO         8596    i.nrf_sortlist_remove  nrf_sortlist.o
    0x000074b8   0x000074b8   0x00000040   Code   RO         8646    i.nrf_strerror_find  nrf_strerror.o
    0x000074f8   0x000074f8   0x0000001c   Code   RO         8647    i.nrf_strerror_get  nrf_strerror.o
    0x00007514   0x00007514   0x0000000c   Code   RO         2773    i.nrf_uart_errorsrc_get_and_clear  nrfx_uart.o
    0x00007520   0x00007520   0x0000000e   Code   RO         2774    i.nrf_uart_event_check  nrfx_uart.o
    0x0000752e   0x0000752e   0x0000000e   Code   RO         2775    i.nrf_uart_event_clear  nrfx_uart.o
    0x0000753c   0x0000753c   0x0000000c   Code   RO         2776    i.nrf_uart_hwfc_pins_set  nrfx_uart.o
    0x00007548   0x00007548   0x00000006   Code   RO         2777    i.nrf_uart_int_disable  nrfx_uart.o
    0x0000754e   0x0000754e   0x00000006   Code   RO         2778    i.nrf_uart_int_enable  nrfx_uart.o
    0x00007554   0x00007554   0x00000012   Code   RO         2779    i.nrf_uart_int_enable_check  nrfx_uart.o
    0x00007566   0x00007566   0x00000006   Code   RO         2780    i.nrf_uart_task_trigger  nrfx_uart.o
    0x0000756c   0x0000756c   0x0000000e   Code   RO         2781    i.nrf_uart_txrx_pins_set  nrfx_uart.o
    0x0000757a   0x0000757a   0x0000000c   Code   RO         3021    i.nrf_uarte_errorsrc_get_and_clear  nrfx_uarte.o
    0x00007586   0x00007586   0x0000000e   Code   RO         3022    i.nrf_uarte_event_check  nrfx_uarte.o
    0x00007594   0x00007594   0x0000000e   Code   RO         3023    i.nrf_uarte_event_clear  nrfx_uarte.o
    0x000075a2   0x000075a2   0x0000000c   Code   RO         3024    i.nrf_uarte_hwfc_pins_set  nrfx_uarte.o
    0x000075ae   0x000075ae   0x00000006   Code   RO         3025    i.nrf_uarte_int_disable  nrfx_uarte.o
    0x000075b4   0x000075b4   0x00000006   Code   RO         3026    i.nrf_uarte_int_enable  nrfx_uarte.o
    0x000075ba   0x000075ba   0x0000000a   Code   RO         3027    i.nrf_uarte_rx_amount_get  nrfx_uarte.o
    0x000075c4   0x000075c4   0x0000000c   Code   RO         3028    i.nrf_uarte_shorts_disable  nrfx_uarte.o
    0x000075d0   0x000075d0   0x00000006   Code   RO         3029    i.nrf_uarte_task_trigger  nrfx_uarte.o
    0x000075d6   0x000075d6   0x0000000a   Code   RO         3030    i.nrf_uarte_tx_amount_get  nrfx_uarte.o
    0x000075e0   0x000075e0   0x0000000e   Code   RO         3031    i.nrf_uarte_txrx_pins_set  nrfx_uarte.o
    0x000075ee   0x000075ee   0x00000002   PAD
    0x000075f0   0x000075f0   0x00000034   Code   RO         9808    i.nrf_usbd_ep_easydma_set_rx  usb_dc_nrf5x.o
    0x00007624   0x00007624   0x00000034   Code   RO         9809    i.nrf_usbd_ep_easydma_set_tx  usb_dc_nrf5x.o
    0x00007658   0x00007658   0x00000014   Code   RO         2312    i.nrf_wdt_started   nrf_drv_clock.o
    0x0000766c   0x0000766c   0x00000064   Code   RO         2611    i.nrfx_clock_enable  nrfx_clock.o
    0x000076d0   0x000076d0   0x00000064   Code   RO         2614    i.nrfx_clock_init   nrfx_clock.o
    0x00007734   0x00007734   0x00000054   Code   RO         2615    i.nrfx_clock_irq_handler  nrfx_clock.o
    0x00007788   0x00007788   0x00000018   Code   RO         7021    i.nrfx_coredep_delay_us  drv_rtc.o
    0x000077a0   0x000077a0   0x00000008   Code   RO         2620    i.nrfx_get_irq_number  nrfx_clock.o
    0x000077a8   0x000077a8   0x00000008   Code   RO         2782    i.nrfx_get_irq_number  nrfx_uart.o
    0x000077b0   0x000077b0   0x00000008   Code   RO         3032    i.nrfx_get_irq_number  nrfx_uarte.o
    0x000077b8   0x000077b8   0x00000008   Code   RO         6452    i.nrfx_get_irq_number  nrfx_power.o
    0x000077c0   0x000077c0   0x00000014   Code   RO         3033    i.nrfx_is_in_ram    nrfx_uarte.o
    0x000077d4   0x000077d4   0x000000ec   Code   RO         2621    i.nrfx_power_clock_irq_init  nrfx_clock.o
    0x000078c0   0x000078c0   0x000000ec   Code   RO         6453    i.nrfx_power_clock_irq_init  nrfx_power.o
    0x000079ac   0x000079ac   0x0000007c   Code   RO         6454    i.nrfx_power_init   nrfx_power.o
    0x00007a28   0x00007a28   0x00000140   Code   RO         6455    i.nrfx_power_irq_handler  nrfx_power.o
    0x00007b68   0x00007b68   0x0000000c   Code   RO         6468    i.nrfx_power_usbevt_enable  nrfx_power.o
    0x00007b74   0x00007b74   0x00000058   Code   RO         6469    i.nrfx_power_usbevt_init  nrfx_power.o
    0x00007bcc   0x00007bcc   0x0000000c   Code   RO         6470    i.nrfx_power_usbevt_uninit  nrfx_power.o
    0x00007bd8   0x00007bd8   0x0000008c   Code   RO         6618    i.nrfx_prs_acquire  nrfx_prs.o
    0x00007c64   0x00007c64   0x00000058   Code   RO         6619    i.nrfx_prs_release  nrfx_prs.o
    0x00007cbc   0x00007cbc   0x00000014   Code   RO         2783    i.nrfx_uart_0_irq_handler  nrfx_uart.o
    0x00007cd0   0x00007cd0   0x000000c8   Code   RO         2785    i.nrfx_uart_init    nrfx_uart.o
    0x00007d98   0x00007d98   0x0000019c   Code   RO         2786    i.nrfx_uart_rx      nrfx_uart.o
    0x00007f34   0x00007f34   0x00000018   Code   RO         2787    i.nrfx_uart_rx_abort  nrfx_uart.o
    0x00007f4c   0x00007f4c   0x000000ec   Code   RO         2791    i.nrfx_uart_tx      nrfx_uart.o
    0x00008038   0x00008038   0x00000024   Code   RO         2793    i.nrfx_uart_tx_in_progress  nrfx_uart.o
    0x0000805c   0x0000805c   0x00000044   Code   RO         2794    i.nrfx_uart_uninit  nrfx_uart.o
    0x000080a0   0x000080a0   0x00000014   Code   RO         3034    i.nrfx_uarte_0_irq_handler  nrfx_uarte.o
    0x000080b4   0x000080b4   0x000000c0   Code   RO         3036    i.nrfx_uarte_init   nrfx_uarte.o
    0x00008174   0x00008174   0x000001bc   Code   RO         3037    i.nrfx_uarte_rx     nrfx_uarte.o
    0x00008330   0x00008330   0x0000002c   Code   RO         3038    i.nrfx_uarte_rx_abort  nrfx_uarte.o
    0x0000835c   0x0000835c   0x00000144   Code   RO         3040    i.nrfx_uarte_tx     nrfx_uarte.o
    0x000084a0   0x000084a0   0x00000020   Code   RO         3042    i.nrfx_uarte_tx_in_progress  nrfx_uarte.o
    0x000084c0   0x000084c0   0x00000094   Code   RO         3043    i.nrfx_uarte_uninit  nrfx_uarte.o
    0x00008554   0x00008554   0x00000014   Code   RO         6780    i.on_compare1_evt   app_timer2.o
    0x00008568   0x00008568   0x00000080   Code   RO         6781    i.on_compare_evt    app_timer2.o
    0x000085e8   0x000085e8   0x0000001c   Code   RO         6782    i.on_overflow_evt   app_timer2.o
    0x00008604   0x00008604   0x0000007e   Code   RO         2795    i.pins_to_default   nrfx_uart.o
    0x00008682   0x00008682   0x0000007e   Code   RO         3044    i.pins_to_default   nrfx_uarte.o
    0x00008700   0x00008700   0x000000c4   Code   RO         5873    i.port_event_handle  nrfx_gpiote.o
    0x000087c4   0x000087c4   0x00000010   Code   RO         5874    i.port_handler_pin_get  nrfx_gpiote.o
    0x000087d4   0x000087d4   0x00000010   Code   RO         5875    i.port_handler_polarity_get  nrfx_gpiote.o
    0x000087e4   0x000087e4   0x00000048   Code   RO         9451    i.postfix_process   nrf_log_str_formatter.o
    0x0000882c   0x0000882c   0x0000000c   Code   RO          372    i.power_event_handler  main.o
    0x00008838   0x00008838   0x000000a4   Code   RO         9452    i.prefix_process    nrf_log_str_formatter.o
    0x000088dc   0x000088dc   0x00000022   Code   RO         6932    i.privilege_level_get  app_util_platform.o
    0x000088fe   0x000088fe   0x00000002   PAD
    0x00008900   0x00008900   0x00000018   Code   RO         6620    i.prs_box_get       nrfx_prs.o
    0x00008918   0x00008918   0x0000001e   Code   RO         8376    i.queue_utilization_get  nrf_queue.o
    0x00008936   0x00008936   0x0000003e   Code   RO         6783    i.rtc_irq           app_timer2.o
    0x00008974   0x00008974   0x000000c0   Code   RO         6784    i.rtc_schedule      app_timer2.o
    0x00008a34   0x00008a34   0x000000a4   Code   RO         6785    i.rtc_update        app_timer2.o
    0x00008ad8   0x00008ad8   0x0000003e   Code   RO         2796    i.rx_byte           nrfx_uart.o
    0x00008b16   0x00008b16   0x0000001c   Code   RO         2797    i.rx_done_event     nrfx_uart.o
    0x00008b32   0x00008b32   0x0000001c   Code   RO         3045    i.rx_done_event     nrfx_uarte.o
    0x00008b4e   0x00008b4e   0x00000022   Code   RO         2798    i.rx_enable         nrfx_uart.o
    0x00008b70   0x00008b70   0x000000c0   Code   RO         8032    i.rx_try            nrf_cli_uart.o
    0x00008c30   0x00008c30   0x00000088   Code   RO         9008    i.serial_tx         nrf_log_backend_uart.o
    0x00008cb8   0x00008cb8   0x00000024   Code   RO         9163    i.severity_lvl_get  nrf_log_frontend.o
    0x00008cdc   0x00008cdc   0x00000016   Code   RO         6786    i.sorted_list_stop_all  app_timer2.o
    0x00008cf2   0x00008cf2   0x00000002   PAD
    0x00008cf4   0x00008cf4   0x00000018   Code   RO         6787    i.sortlist_pop      app_timer2.o
    0x00008d0c   0x00008d0c   0x000000b8   Code   RO         9164    i.std_header_set    nrf_log_frontend.o
    0x00008dc4   0x00008dc4   0x00000070   Code   RO         9165    i.std_n             nrf_log_frontend.o
    0x00008e34   0x00008e34   0x00000074   Code   RO         8153    i.string_print      nrf_fprintf_format.o
    0x00008ea8   0x00008ea8   0x000000b4   Code   RO         7609    i.terminal_size_get  nrf_cli.o
    0x00008f5c   0x00008f5c   0x0000000a   Code   RO         7022    i.ticks_sub         drv_rtc.o
    0x00008f66   0x00008f66   0x00000002   PAD
    0x00008f68   0x00008f68   0x000000b4   Code   RO         6788    i.timer_expire      app_timer2.o
    0x0000901c   0x0000901c   0x00000030   Code   RO         8033    i.timer_handler     nrf_cli_uart.o
    0x0000904c   0x0000904c   0x00000098   Code   RO         6789    i.timer_req_process  app_timer2.o
    0x000090e4   0x000090e4   0x00000040   Code   RO         6790    i.timer_req_schedule  app_timer2.o
    0x00009124   0x00009124   0x00000002   Code   RO         9453    i.timestamp_print   nrf_log_str_formatter.o
    0x00009126   0x00009126   0x0000000c   Code   RO         7610    i.transport_buffer_flush  nrf_cli.o
    0x00009132   0x00009132   0x00000036   Code   RO         2799    i.tx_blocking       nrfx_uart.o
    0x00009168   0x00009168   0x00000026   Code   RO         2800    i.tx_byte           nrfx_uart.o
    0x0000918e   0x0000918e   0x00000020   Code   RO         2801    i.tx_done_event     nrfx_uart.o
    0x000091ae   0x000091ae   0x00000020   Code   RO         3046    i.tx_done_event     nrfx_uarte.o
    0x000091ce   0x000091ce   0x00000002   PAD
    0x000091d0   0x000091d0   0x00000040   Code   RO          373    i.uart_error_handle  main.o
    0x00009210   0x00009210   0x00000128   Code   RO         8034    i.uart_event_handler  nrf_cli_uart.o
    0x00009338   0x00009338   0x000000e4   Code   RO         8687    i.uart_event_handler  app_uart_fifo.o
    0x0000941c   0x0000941c   0x00000038   Code   RO         2563    i.uart_evt_handler  nrf_drv_uart.o
    0x00009454   0x00009454   0x0000000c   Code   RO         9009    i.uart_evt_handler  nrf_log_backend_uart.o
    0x00009460   0x00009460   0x00000068   Code   RO         9010    i.uart_init         nrf_log_backend_uart.o
    0x000094c8   0x000094c8   0x0000014e   Code   RO         2802    i.uart_irq_handler  nrfx_uart.o
    0x00009616   0x00009616   0x00000002   PAD
    0x00009618   0x00009618   0x00000038   Code   RO         2564    i.uarte_evt_handler  nrf_drv_uart.o
    0x00009650   0x00009650   0x00000134   Code   RO         3047    i.uarte_irq_handler  nrfx_uarte.o
    0x00009784   0x00009784   0x000000b8   Code   RO         8154    i.unsigned_print    nrf_fprintf_format.o
    0x0000983c   0x0000983c   0x00000058   Code   RO         9810    i.usb_dc_init       usb_dc_nrf5x.o
    0x00009894   0x00009894   0x00000094   Code   RO          375    i.usb_dc_low_level_post_init  main.o
    0x00009928   0x00009928   0x0000004c   Code   RO          376    i.usb_dc_low_level_pre_init  main.o
    0x00009974   0x00009974   0x00000030   Code   RO         9501    i.usbd_add_endpoint  usbd_core.o
    0x000099a4   0x000099a4   0x00000034   Code   RO         9502    i.usbd_add_interface  usbd_core.o
    0x000099d8   0x000099d8   0x0000002c   Code   RO         9688    i.usbd_cdc_acm_alloc_intf  usbd_cdc.o
    0x00009a04   0x00009a04   0x00000044   Code   RO         2201    i.usbd_cdc_acm_bulk_in  cdc_acm_template.o
    0x00009a48   0x00009a48   0x00000034   Code   RO         2202    i.usbd_cdc_acm_bulk_out  cdc_acm_template.o
    0x00009a7c   0x00009a7c   0x00000014   Code   RO         9689    i.usbd_cdc_acm_get_line_coding  usbd_cdc.o
    0x00009a90   0x00009a90   0x00000018   Code   RO         2203    i.usbd_cdc_acm_set_dtr  cdc_acm_template.o
    0x00009aa8   0x00009aa8   0x00000002   Code   RO         9691    i.usbd_cdc_acm_set_line_coding  usbd_cdc.o
    0x00009aaa   0x00009aaa   0x00000002   Code   RO         9692    i.usbd_cdc_acm_set_rts  usbd_cdc.o
    0x00009aac   0x00009aac   0x0000002c   Code   RO         9504    i.usbd_class_event_notify_handler  usbd_core.o
    0x00009ad8   0x00009ad8   0x0000007c   Code   RO         9505    i.usbd_class_request_handler  usbd_core.o
    0x00009b54   0x00009b54   0x00000014   Code   RO         2204    i.usbd_configure_done_callback  cdc_acm_template.o
    0x00009b68   0x00009b68   0x0000000c   Code   RO         9506    i.usbd_desc_register  usbd_core.o
    0x00009b74   0x00009b74   0x00000058   Code   RO         9814    i.usbd_ep_clear_stall  usb_dc_nrf5x.o
    0x00009bcc   0x00009bcc   0x00000138   Code   RO         9815    i.usbd_ep_close     usb_dc_nrf5x.o
    0x00009d04   0x00009d04   0x000001e8   Code   RO         9817    i.usbd_ep_open      usb_dc_nrf5x.o
    0x00009eec   0x00009eec   0x00000048   Code   RO         9818    i.usbd_ep_set_stall  usb_dc_nrf5x.o
    0x00009f34   0x00009f34   0x000000cc   Code   RO         9819    i.usbd_ep_start_read  usb_dc_nrf5x.o
    0x0000a000   0x0000a000   0x00000124   Code   RO         9820    i.usbd_ep_start_write  usb_dc_nrf5x.o
    0x0000a124   0x0000a124   0x000000e0   Code   RO         9509    i.usbd_event_ep0_setup_complete_handler  usbd_core.o
    0x0000a204   0x0000a204   0x0000008c   Code   RO         9510    i.usbd_event_ep_in_complete_handler  usbd_core.o
    0x0000a290   0x0000a290   0x00000084   Code   RO         9511    i.usbd_event_ep_out_complete_handler  usbd_core.o
    0x0000a314   0x0000a314   0x00000048   Code   RO         9512    i.usbd_event_reset_handler  usbd_core.o
    0x0000a35c   0x0000a35c   0x000000c8   Code   RO         9515    i.usbd_get_descriptor  usbd_core.o
    0x0000a424   0x0000a424   0x00000008   Code   RO         9516    i.usbd_initialize   usbd_core.o
    0x0000a42c   0x0000a42c   0x00000002   Code   RO         9519    i.usbd_print_setup  usbd_core.o
    0x0000a42e   0x0000a42e   0x00000030   Code   RO         9520    i.usbd_reset_endpoint  usbd_core.o
    0x0000a45e   0x0000a45e   0x00000002   PAD
    0x0000a460   0x0000a460   0x00000038   Code   RO         9821    i.usbd_set_address  usb_dc_nrf5x.o
    0x0000a498   0x0000a498   0x00000068   Code   RO         9521    i.usbd_set_configuration  usbd_core.o
    0x0000a500   0x0000a500   0x0000002e   Code   RO         9522    i.usbd_set_endpoint  usbd_core.o
    0x0000a52e   0x0000a52e   0x00000002   PAD
    0x0000a530   0x0000a530   0x0000007c   Code   RO         9523    i.usbd_set_interface  usbd_core.o
    0x0000a5ac   0x0000a5ac   0x00000072   Code   RO         9524    i.usbd_setup_request_handler  usbd_core.o
    0x0000a61e   0x0000a61e   0x00000062   Code   RO         9525    i.usbd_standard_request_handler  usbd_core.o
    0x0000a680   0x0000a680   0x000000bc   Code   RO         9526    i.usbd_std_device_req_handler  usbd_core.o
    0x0000a73c   0x0000a73c   0x0000007c   Code   RO         9527    i.usbd_std_endpoint_req_handler  usbd_core.o
    0x0000a7b8   0x0000a7b8   0x000000a8   Code   RO         9528    i.usbd_std_interface_req_handler  usbd_core.o
    0x0000a860   0x0000a860   0x000000c0   Code   RO         9529    i.usbd_vendor_request_handler  usbd_core.o
    0x0000a920   0x0000a920   0x00000044   Code   RO         7611    i.vt100_bgcolor_set  nrf_cli.o
    0x0000a964   0x0000a964   0x00000058   Code   RO         7612    i.vt100_color_set   nrf_cli.o
    0x0000a9bc   0x0000a9bc   0x00000018   Code   RO         7613    i.vt100_colors_restore  nrf_cli.o
    0x0000a9d4   0x0000a9d4   0x0000000c   PAD
    0x0000a9e0   0x0000a9e0   0x00000084   Data   RO          379    .constdata          main.o
    0x0000aa64   0x0000aa64   0x000000b2   Data   RO         2206    .constdata          cdc_acm_template.o
    0x0000ab16   0x0000ab16   0x00000001   Data   RO         2478    .constdata          nrf_drv_power.o
    0x0000ab17   0x0000ab17   0x00000001   PAD
    0x0000ab18   0x0000ab18   0x0000002e   Data   RO         2804    .constdata          nrfx_uart.o
    0x0000ab46   0x0000ab46   0x00000002   PAD
    0x0000ab48   0x0000ab48   0x00000030   Data   RO         3049    .constdata          nrfx_uarte.o
    0x0000ab78   0x0000ab78   0x00000042   Data   RO         5877    .constdata          nrfx_gpiote.o
    0x0000abba   0x0000abba   0x00000002   PAD
    0x0000abbc   0x0000abbc   0x00000014   Data   RO         6792    .constdata          app_timer2.o
    0x0000abd0   0x0000abd0   0x00000006   Data   RO         7023    .constdata          drv_rtc.o
    0x0000abd6   0x0000abd6   0x00000002   PAD
    0x0000abd8   0x0000abd8   0x00000038   Data   RO         7451    .constdata          nrf_balloc.o
    0x0000ac10   0x0000ac10   0x000001b2   Data   RO         7614    .constdata          nrf_cli.o
    0x0000adc2   0x0000adc2   0x00000002   PAD
    0x0000adc4   0x0000adc4   0x00000014   Data   RO         8035    .constdata          nrf_cli_uart.o
    0x0000add8   0x0000add8   0x00000010   Data   RO         8155    .constdata          nrf_fprintf_format.o
    0x0000ade8   0x0000ade8   0x00000038   Data   RO         8378    .constdata          nrf_queue.o
    0x0000ae20   0x0000ae20   0x0000012c   Data   RO         8648    .constdata          nrf_strerror.o
    0x0000af4c   0x0000af4c   0x00000020   Data   RO         8689    .constdata          app_uart_fifo.o
    0x0000af6c   0x0000af6c   0x0000002c   Data   RO         9012    .constdata          nrf_log_backend_uart.o
    0x0000af98   0x0000af98   0x0000016c   Data   RO         9167    .constdata          nrf_log_frontend.o
    0x0000b104   0x0000b104   0x00000081   Data   RO        11840    .constdata          mc_w.l(ctype_o.o)
    0x0000b185   0x0000b185   0x00000003   PAD
    0x0000b188   0x0000b188   0x00000004   Data   RO        11841    .constdata          mc_w.l(ctype_o.o)
    0x0000b18c   0x0000b18c   0x0000000d   Data   RO          380    .conststring        main.o
    0x0000b199   0x0000b199   0x00000003   PAD
    0x0000b19c   0x0000b19c   0x00000515   Data   RO         7233    .conststring        hardfault_implementation.o
    0x0000b6b1   0x0000b6b1   0x00000003   PAD
    0x0000b6b4   0x0000b6b4   0x000000e3   Data   RO         7452    .conststring        nrf_balloc.o
    0x0000b797   0x0000b797   0x00000001   PAD
    0x0000b798   0x0000b798   0x000002b4   Data   RO         7615    .conststring        nrf_cli.o
    0x0000ba4c   0x0000ba4c   0x000000a6   Data   RO         8379    .conststring        nrf_queue.o
    0x0000baf2   0x0000baf2   0x00000002   PAD
    0x0000baf4   0x0000baf4   0x000003bf   Data   RO         8649    .conststring        nrf_strerror.o
    0x0000beb3   0x0000beb3   0x00000001   PAD
    0x0000beb4   0x0000beb4   0x00000041   Data   RO         9013    .conststring        nrf_log_backend_uart.o
    0x0000bef5   0x0000bef5   0x00000003   PAD
    0x0000bef8   0x0000bef8   0x00000265   Data   RO         9168    .conststring        nrf_log_frontend.o
    0x0000c15d   0x0000c15d   0x00000003   PAD
    0x0000c160   0x0000c160   0x00000048   Data   RO         9454    .conststring        nrf_log_str_formatter.o
    0x0000c1a8   0x0000c1a8   0x000000c3   Data   RO          381    .conststrlit        main.o
    0x0000c26b   0x0000c26b   0x00000001   PAD
    0x0000c26c   0x0000c26c   0x00000006   Data   RO         2315    .conststrlit        nrf_drv_clock.o
    0x0000c272   0x0000c272   0x00000002   PAD
    0x0000c274   0x0000c274   0x00000006   Data   RO         2623    .conststrlit        nrfx_clock.o
    0x0000c27a   0x0000c27a   0x00000002   PAD
    0x0000c27c   0x0000c27c   0x00000005   Data   RO         2805    .conststrlit        nrfx_uart.o
    0x0000c281   0x0000c281   0x00000003   PAD
    0x0000c284   0x0000c284   0x00000006   Data   RO         3050    .conststrlit        nrfx_uarte.o
    0x0000c28a   0x0000c28a   0x00000002   PAD
    0x0000c28c   0x0000c28c   0x00000005   Data   RO         3721    .conststrlit        nrfx_usbd.o
    0x0000c291   0x0000c291   0x00000003   PAD
    0x0000c294   0x0000c294   0x00000007   Data   RO         5878    .conststrlit        nrfx_gpiote.o
    0x0000c29b   0x0000c29b   0x00000001   PAD
    0x0000c29c   0x0000c29c   0x00000004   Data   RO         6622    .conststrlit        nrfx_prs.o
    0x0000c2a0   0x0000c2a0   0x0000001e   Data   RO         6793    .conststrlit        app_timer2.o
    0x0000c2be   0x0000c2be   0x00000002   PAD
    0x0000c2c0   0x0000c2c0   0x0000000a   Data   RO         7234    .conststrlit        hardfault_implementation.o
    0x0000c2ca   0x0000c2ca   0x00000002   PAD
    0x0000c2cc   0x0000c2cc   0x00000009   Data   RO         8036    .conststrlit        nrf_cli_uart.o
    0x0000c2d5   0x0000c2d5   0x00000003   PAD
    0x0000c2d8   0x0000c2d8   0x00000009   Data   RO         8281    .conststrlit        nrf_pwr_mgmt.o
    0x0000c2e1   0x0000c2e1   0x00000003   PAD
    0x0000c2e4   0x0000c2e4   0x00000009   Data   RO         8597    .conststrlit        nrf_sortlist.o
    0x0000c2ed   0x0000c2ed   0x00000003   PAD
    0x0000c2f0   0x0000c2f0   0x00000011   Data   RO         9073    .conststrlit        nrf_log_default_backends.o
    0x0000c301   0x0000c301   0x00000003   PAD
    0x0000c304   0x0000c304   0x00000024   Data   RO         9169    .conststrlit        nrf_log_frontend.o
    0x0000c328   0x0000c328   0x00000020   Data   RO        12219    Region$$Table       anon$$obj.o
    0x0000c348   0x0000c348   0x00000008   Data   RO         7453    cli_command         nrf_balloc.o
    0x0000c350   0x0000c350   0x00000020   Data   RO         7617    cli_command         nrf_cli.o
    0x0000c370   0x0000c370   0x00000008   Data   RO         8380    cli_command         nrf_queue.o
    0x0000c378   0x0000c378   0x00000008   Data   RO         9171    cli_command         nrf_log_frontend.o
    0x0000c380   0x0000c380   0x00000010   Data   RO          383    log_backends        main.o
    0x0000c390   0x0000c390   0x00000010   Data   RO         9075    log_backends        nrf_log_default_backends.o
    0x0000c3a0   0x0000c3a0   0x00000018   Data   RO          384    log_const_data      main.o
    0x0000c3b8   0x0000c3b8   0x00000008   Data   RO         2316    log_const_data      nrf_drv_clock.o
    0x0000c3c0   0x0000c3c0   0x00000008   Data   RO         2625    log_const_data      nrfx_clock.o
    0x0000c3c8   0x0000c3c8   0x00000008   Data   RO         2806    log_const_data      nrfx_uart.o
    0x0000c3d0   0x0000c3d0   0x00000008   Data   RO         3051    log_const_data      nrfx_uarte.o
    0x0000c3d8   0x0000c3d8   0x00000008   Data   RO         3723    log_const_data      nrfx_usbd.o
    0x0000c3e0   0x0000c3e0   0x00000008   Data   RO         5879    log_const_data      nrfx_gpiote.o
    0x0000c3e8   0x0000c3e8   0x00000008   Data   RO         6624    log_const_data      nrfx_prs.o
    0x0000c3f0   0x0000c3f0   0x00000010   Data   RO         6795    log_const_data      app_timer2.o
    0x0000c400   0x0000c400   0x00000008   Data   RO         7236    log_const_data      hardfault_implementation.o
    0x0000c408   0x0000c408   0x00000008   Data   RO         8037    log_const_data      nrf_cli_uart.o
    0x0000c410   0x0000c410   0x00000008   Data   RO         8283    log_const_data      nrf_pwr_mgmt.o
    0x0000c418   0x0000c418   0x00000008   Data   RO         8598    log_const_data      nrf_sortlist.o
    0x0000c420   0x0000c420   0x00000010   Data   RO         9173    log_const_data      nrf_log_frontend.o
    0x0000c430   0x0000c430   0x0000001c   Data   RO          387    nrf_balloc          main.o
    0x0000c44c   0x0000c44c   0x0000001c   Data   RO         9176    nrf_balloc          nrf_log_frontend.o
    0x0000c468   0x0000c468   0x0000001c   Data   RO          388    nrf_queue           main.o


    Execution Region RW_IRAM1 (Exec base: 0x20000000, Load base: 0x0000c484, Size: 0x00006750, Max: 0x0003fffc, ABSOLUTE, COMPRESSED[0x000000d4])

    Exec Addr    Load Addr    Size         Type   Attr      Idx    E Section Name        Object

    0x20000000   COMPRESSED   0x00000064   Data   RW          382    .data               main.o
    0x20000064   COMPRESSED   0x00000815   Data   RW         2207    .data               cdc_acm_template.o
    0x20000879   COMPRESSED   0x00000001   Data   RW         2479    .data               nrf_drv_power.o
    0x2000087a   COMPRESSED   0x00000002   PAD
    0x2000087c   COMPRESSED   0x00000012   Data   RW         2565    .data               nrf_drv_uart.o
    0x2000088e   COMPRESSED   0x00000002   PAD
    0x20000890   COMPRESSED   0x00000009   Data   RW         2624    .data               nrfx_clock.o
    0x20000899   COMPRESSED   0x00000003   PAD
    0x2000089c   COMPRESSED   0x00000010   Data   RW         6471    .data               nrfx_power.o
    0x200008ac   COMPRESSED   0x00000008   Data   RW         6623    .data               nrfx_prs.o
    0x200008b4   COMPRESSED   0x00000004   PAD
    0x200008b8   COMPRESSED   0x00000038   Data   RW         6794    .data               app_timer2.o
    0x200008f0   COMPRESSED   0x00000004   Data   RW         6933    .data               app_util_platform.o
    0x200008f4   COMPRESSED   0x0000000c   Data   RW         7024    .data               drv_rtc.o
    0x20000900   COMPRESSED   0x00000068   Data   RW         7235    .data               hardfault_implementation.o
    0x20000968   COMPRESSED   0x0000001b   Data   RW         8690    .data               app_uart_fifo.o
    0x20000983   COMPRESSED   0x00000001   PAD
    0x20000984   COMPRESSED   0x00000008   Data   RW         8761    .data               retarget.o
    0x2000098c   COMPRESSED   0x00000016   Data   RW         9014    .data               nrf_log_backend_uart.o
    0x200009a2   COMPRESSED   0x00000002   PAD
    0x200009a4   COMPRESSED   0x00000008   Data   RW         9074    .data               nrf_log_default_backends.o
    0x200009ac   COMPRESSED   0x0000003c   Data   RW         9170    .data               nrf_log_frontend.o
    0x200009e8   COMPRESSED   0x00000040   Data   RW         9455    .data               nrf_log_str_formatter.o
    0x20000a28   COMPRESSED   0x00000011   Data   RW         9531    .data               usbd_core.o
    0x20000a39   COMPRESSED   0x00000003   PAD
    0x20000a3c   COMPRESSED   0x00000004   Data   RW        10337    .data               system_nrf52840.o
    0x20000a40   COMPRESSED   0x00000004   Data   RW        12196    .data               mc_w.l(mvars.o)
    0x20000a44   COMPRESSED   0x00000004   Data   RW        12197    .data               mc_w.l(mvars.o)
    0x20000a48   COMPRESSED   0x00000004   Data   RW         7454    cli_sorted_cmd_ptrs  nrf_balloc.o
    0x20000a4c   COMPRESSED   0x00000010   Data   RW         7618    cli_sorted_cmd_ptrs  nrf_cli.o
    0x20000a5c   COMPRESSED   0x00000004   Data   RW         8381    cli_sorted_cmd_ptrs  nrf_queue.o
    0x20000a60   COMPRESSED   0x00000004   Data   RW         9172    cli_sorted_cmd_ptrs  nrf_log_frontend.o
    0x20000a64   COMPRESSED   0x0000000c   Data   RW          385    log_dynamic_data    main.o
    0x20000a70   COMPRESSED   0x00000004   Data   RW         2317    log_dynamic_data    nrf_drv_clock.o
    0x20000a74   COMPRESSED   0x00000004   Data   RW         2626    log_dynamic_data    nrfx_clock.o
    0x20000a78   COMPRESSED   0x00000004   Data   RW         2807    log_dynamic_data    nrfx_uart.o
    0x20000a7c   COMPRESSED   0x00000004   Data   RW         3052    log_dynamic_data    nrfx_uarte.o
    0x20000a80   COMPRESSED   0x00000004   Data   RW         3724    log_dynamic_data    nrfx_usbd.o
    0x20000a84   COMPRESSED   0x00000004   Data   RW         5880    log_dynamic_data    nrfx_gpiote.o
    0x20000a88   COMPRESSED   0x00000004   Data   RW         6625    log_dynamic_data    nrfx_prs.o
    0x20000a8c   COMPRESSED   0x00000008   Data   RW         6796    log_dynamic_data    app_timer2.o
    0x20000a94   COMPRESSED   0x00000004   Data   RW         7237    log_dynamic_data    hardfault_implementation.o
    0x20000a98   COMPRESSED   0x00000004   Data   RW         8038    log_dynamic_data    nrf_cli_uart.o
    0x20000a9c   COMPRESSED   0x00000004   Data   RW         8284    log_dynamic_data    nrf_pwr_mgmt.o
    0x20000aa0   COMPRESSED   0x00000004   Data   RW         8599    log_dynamic_data    nrf_sortlist.o
    0x20000aa4   COMPRESSED   0x00000008   Data   RW         9174    log_dynamic_data    nrf_log_frontend.o
    0x20000aac   COMPRESSED   0x0000000c   Data   RW          386    log_filter_data     main.o
    0x20000ab8   COMPRESSED   0x00000004   Data   RW         2318    log_filter_data     nrf_drv_clock.o
    0x20000abc   COMPRESSED   0x00000004   Data   RW         2627    log_filter_data     nrfx_clock.o
    0x20000ac0   COMPRESSED   0x00000004   Data   RW         2808    log_filter_data     nrfx_uart.o
    0x20000ac4   COMPRESSED   0x00000004   Data   RW         3053    log_filter_data     nrfx_uarte.o
    0x20000ac8   COMPRESSED   0x00000004   Data   RW         3725    log_filter_data     nrfx_usbd.o
    0x20000acc   COMPRESSED   0x00000004   Data   RW         5881    log_filter_data     nrfx_gpiote.o
    0x20000ad0   COMPRESSED   0x00000004   Data   RW         6626    log_filter_data     nrfx_prs.o
    0x20000ad4   COMPRESSED   0x00000008   Data   RW         6797    log_filter_data     app_timer2.o
    0x20000adc   COMPRESSED   0x00000004   Data   RW         7238    log_filter_data     hardfault_implementation.o
    0x20000ae0   COMPRESSED   0x00000004   Data   RW         8039    log_filter_data     nrf_cli_uart.o
    0x20000ae4   COMPRESSED   0x00000004   Data   RW         8285    log_filter_data     nrf_pwr_mgmt.o
    0x20000ae8   COMPRESSED   0x00000004   Data   RW         8600    log_filter_data     nrf_sortlist.o
    0x20000aec   COMPRESSED   0x00000008   Data   RW         9175    log_filter_data     nrf_log_frontend.o
    0x20000af4        -       0x00000598   Zero   RW          378    .bss                main.o
    0x2000108c        -       0x00000800   Zero   RW         2205    .bss                cdc_acm_template.o
    0x2000188c        -       0x00000014   Zero   RW         2313    .bss                nrf_drv_clock.o
    0x200018a0        -       0x0000002c   Zero   RW         2803    .bss                nrfx_uart.o
    0x200018cc        -       0x00000024   Zero   RW         3048    .bss                nrfx_uarte.o
    0x200018f0        -       0x0000006c   Zero   RW         5876    .bss                nrfx_gpiote.o
    0x2000195c        -       0x00000020   Zero   RW         6671    .bss                app_error.o
    0x2000197c        -       0x00000058   Zero   RW         6791    .bss                app_timer2.o
    0x200019d4        -       0x00000020   Zero   RW         8688    .bss                app_uart_fifo.o
    0x200019f4        -       0x00000040   Zero   RW         9011    .bss                nrf_log_backend_uart.o
    0x20001a34        -       0x00000578   Zero   RW         9166    .bss                nrf_log_frontend.o
    0x20001fac        -       0x00000160   Zero   RW         9530    .bss                usbd_core.o
    0x2000210c        -       0x00000644   Zero   RW         9822    .bss                usb_dc_nrf5x.o
    0x20002750        -       0x00002000   Zero   RW         9959    HEAP                arm_startup_nrf52840.o
    0x20004750        -       0x00002000   Zero   RW         9958    STACK               arm_startup_nrf52840.o


    Execution Region RW_IRAM2 (Exec base: 0x2003fffc, Load base: 0x0000c558, Size: 0x00000000, Max: 0x00000004, ABSOLUTE, UNINIT)

    **** No section assigned to this execution region ****


==============================================================================

Image component sizes


      Code (inc. data)   RO Data    RW Data    ZI Data      Debug   Object Name

       136          4          0          0         32       3358   app_error.o
        26          0          0          0          0        512   app_error_handler_keil.o
       360        128          0          0          0       9298   app_error_weak.o
       170          0          0          0          0       5126   app_fifo.o
      1604        462         66         72         88      18960   app_timer2.o
       702         90         32         27         32       9759   app_uart_fifo.o
       254        134          0          4          0       9336   app_util_platform.o
        36          8        512          0      16384        888   arm_startup_nrf52840.o
       288         88        178       2069       2048      34838   cdc_acm_template.o
      1678        612          6         12          0      52927   drv_rtc.o
        52         14          0          0          0        556   hardfault_handler_keil.o
       720        278       1319        112          0      33674   hardfault_implementation.o
       552        174        436        124       1432     146434   main.o
        24          0          0          0          0       2894   nrf_assert.o
       352          0          0          0          0       5625   nrf_atfifo.o
       436          0          0          0          0       9573   nrf_atomic.o
       944        376        291          4          0      28992   nrf_balloc.o
      5664       1264       1158         16          0      53039   nrf_cli.o
      1222        276         37          8          0      27543   nrf_cli_uart.o
       188         26         14          8         20      14538   nrf_drv_clock.o
        48         10          1          1          0       4641   nrf_drv_power.o
       320         94          0         18          0       6436   nrf_drv_uart.o
       216         90          0          0          0       1917   nrf_fprintf.o
      1146         58         16          0          0       6930   nrf_fprintf_format.o
       242          0          0          0          0      10821   nrf_log_backend_serial.o
       342         60        109         22         64       8994   nrf_log_backend_uart.o
         0          0         33          8          0       2417   nrf_log_default_backends.o
      4452        884       1065         80       1400      61338   nrf_log_frontend.o
       626        112         72         64          0       5664   nrf_log_str_formatter.o
       740        172          0          0          0       7775   nrf_memobj.o
         0          0         17          8          0       5093   nrf_pwr_mgmt.o
      1274        484        230          4          0      16667   nrf_queue.o
      1058        230          0          0          0       7046   nrf_ringbuf.o
         0          0          0          0          0       1512   nrf_soc.o
       424        242         17          8          0       3994   nrf_sortlist.o
        92         10       1259          0          0       2543   nrf_strerror.o
       576        186         14         17          0      46959   nrfx_clock.o
       824         94         81          8        108      57003   nrfx_gpiote.o
       878        252          0         16          0      17025   nrfx_power.o
       336        182         12         16          0       4375   nrfx_prs.o
      2518        312         59          8         44      38354   nrfx_uart.o
      2578        318         62          8         36      34240   nrfx_uarte.o
         0          0         13          8          0      16644   nrfx_usbd.o
        16          0          0          8          0       2790   retarget.o
       996        102          0          4          0       6747   system_nrf52840.o
      4420        236          0          0       1604      31297   usb_dc_nrf5x.o
       206         14          0          0          0       4511   usbd_cdc.o
      2284        142          0         17        352      24363   usbd_core.o

    ----------------------------------------------------------------------
     42092       8218       7196       2796      23644     905966   Object Totals
         0          0         32          0          0          0   (incl. Generated)
        72          0         55         17          0          0   (incl. Padding)

    ----------------------------------------------------------------------

      Code (inc. data)   RO Data    RW Data    ZI Data      Debug   Library Member Name

        86          0          0          0          0          0   __dczerorl2.o
         8          4        133          0          0         68   ctype_o.o
         0          0          0          0          0          0   entry.o
         0          0          0          0          0          0   entry10a.o
         0          0          0          0          0          0   entry11a.o
         4          0          0          0          0          0   entry12b.o
         8          4          0          0          0          0   entry2.o
         4          0          0          0          0          0   entry5.o
         0          0          0          0          0          0   entry7b.o
         0          0          0          0          0          0   entry8b.o
         8          4          0          0          0          0   entry9a.o
        30          0          0          0          0          0   handlers.o
        36          8          0          0          0         68   init.o
       108         16          0          0          0         84   malloc.o
        64          0          0          0          0         76   memmovea.o
        36          0          0          0          0        108   memseta.o
         0          0          0          8          0          0   mvars.o
       372         14          0          0          0        184   printf1.o
        28          0          0          0          0         76   strcmp.o
        14          0          0          0          0         68   strlen.o
        30          0          0          0          0         80   strncmp.o
        44          0          0          0          0         80   uidiv.o

    ----------------------------------------------------------------------
       884         50        136          8          0        892   Library Totals
         4          0          3          0          0          0   (incl. Padding)

    ----------------------------------------------------------------------

      Code (inc. data)   RO Data    RW Data    ZI Data      Debug   Library Name

       880         50        133          8          0        892   mc_w.l

    ----------------------------------------------------------------------
       884         50        136          8          0        892   Library Totals

    ----------------------------------------------------------------------

==============================================================================


      Code (inc. data)   RO Data    RW Data    ZI Data      Debug   

     42976       8268       7332       2804      23644     864430   Grand Totals
     42976       8268       7332        212      23644     864430   ELF Image Totals (compressed)
     42976       8268       7332        212          0          0   ROM Totals

==============================================================================

    Total RO  Size (Code + RO Data)                50308 (  49.13kB)
    Total RW  Size (RW Data + ZI Data)             26448 (  25.83kB)
    Total ROM Size (Code + RO Data + RW Data)      50520 (  49.34kB)

==============================================================================

